ARM GAS  /tmp/ccfT4lEu.s 			page 1


   1              		.cpu cortex-m7
   2              		.eabi_attribute 28, 1
   3              		.eabi_attribute 20, 1
   4              		.eabi_attribute 21, 1
   5              		.eabi_attribute 23, 3
   6              		.eabi_attribute 24, 1
   7              		.eabi_attribute 25, 1
   8              		.eabi_attribute 26, 1
   9              		.eabi_attribute 30, 1
  10              		.eabi_attribute 34, 1
  11              		.eabi_attribute 18, 4
  12              		.file	"lwip.c"
  13              		.text
  14              	.Ltext0:
  15              		.cfi_sections	.debug_frame
  16              		.section	.text.ethernet_link_status_updated,"ax",%progbits
  17              		.align	1
  18              		.arch armv7e-m
  19              		.syntax unified
  20              		.thumb
  21              		.thumb_func
  22              		.fpu fpv5-d16
  24              	ethernet_link_status_updated:
  25              	.LVL0:
  26              	.LFB174:
  27              		.file 1 "LWIP/App/lwip.c"
   1:LWIP/App/lwip.c **** /* USER CODE BEGIN Header */
   2:LWIP/App/lwip.c **** /**
   3:LWIP/App/lwip.c ****  ******************************************************************************
   4:LWIP/App/lwip.c ****   * File Name          : LWIP.c
   5:LWIP/App/lwip.c ****   * Description        : This file provides initialization code for LWIP
   6:LWIP/App/lwip.c ****   *                      middleWare.
   7:LWIP/App/lwip.c ****   ******************************************************************************
   8:LWIP/App/lwip.c ****   * @attention
   9:LWIP/App/lwip.c ****   *
  10:LWIP/App/lwip.c ****   * Copyright (c) 2026 STMicroelectronics.
  11:LWIP/App/lwip.c ****   * All rights reserved.
  12:LWIP/App/lwip.c ****   *
  13:LWIP/App/lwip.c ****   * This software is licensed under terms that can be found in the LICENSE file
  14:LWIP/App/lwip.c ****   * in the root directory of this software component.
  15:LWIP/App/lwip.c ****   * If no LICENSE file comes with this software, it is provided AS-IS.
  16:LWIP/App/lwip.c ****   *
  17:LWIP/App/lwip.c ****   ******************************************************************************
  18:LWIP/App/lwip.c ****   */
  19:LWIP/App/lwip.c **** /* USER CODE END Header */
  20:LWIP/App/lwip.c **** 
  21:LWIP/App/lwip.c **** /* Includes ------------------------------------------------------------------*/
  22:LWIP/App/lwip.c **** #include "lwip.h"
  23:LWIP/App/lwip.c **** #include "lwip/init.h"
  24:LWIP/App/lwip.c **** #include "lwip/netif.h"
  25:LWIP/App/lwip.c **** #if defined ( __CC_ARM )  /* MDK ARM Compiler */
  26:LWIP/App/lwip.c **** #include "lwip/sio.h"
  27:LWIP/App/lwip.c **** #endif /* MDK ARM Compiler */
  28:LWIP/App/lwip.c **** #include "ethernetif.h"
  29:LWIP/App/lwip.c **** #include <string.h>
  30:LWIP/App/lwip.c **** 
  31:LWIP/App/lwip.c **** /* USER CODE BEGIN 0 */
ARM GAS  /tmp/ccfT4lEu.s 			page 2


  32:LWIP/App/lwip.c **** 
  33:LWIP/App/lwip.c **** /* USER CODE END 0 */
  34:LWIP/App/lwip.c **** /* Private function prototypes -----------------------------------------------*/
  35:LWIP/App/lwip.c **** static void ethernet_link_status_updated(struct netif *netif);
  36:LWIP/App/lwip.c **** /* ETH Variables initialization ----------------------------------------------*/
  37:LWIP/App/lwip.c **** void Error_Handler(void);
  38:LWIP/App/lwip.c **** 
  39:LWIP/App/lwip.c **** /* USER CODE BEGIN 1 */
  40:LWIP/App/lwip.c **** 
  41:LWIP/App/lwip.c **** /* USER CODE END 1 */
  42:LWIP/App/lwip.c **** 
  43:LWIP/App/lwip.c **** /* Variables Initialization */
  44:LWIP/App/lwip.c **** struct netif gnetif;
  45:LWIP/App/lwip.c **** ip4_addr_t ipaddr;
  46:LWIP/App/lwip.c **** ip4_addr_t netmask;
  47:LWIP/App/lwip.c **** ip4_addr_t gw;
  48:LWIP/App/lwip.c **** uint8_t IP_ADDRESS[4];
  49:LWIP/App/lwip.c **** uint8_t NETMASK_ADDRESS[4];
  50:LWIP/App/lwip.c **** uint8_t GATEWAY_ADDRESS[4];
  51:LWIP/App/lwip.c **** /* USER CODE BEGIN OS_THREAD_ATTR_CMSIS_RTOS_V2 */
  52:LWIP/App/lwip.c **** #define INTERFACE_THREAD_STACK_SIZE ( 1024 )
  53:LWIP/App/lwip.c **** osThreadAttr_t attributes;
  54:LWIP/App/lwip.c **** /* USER CODE END OS_THREAD_ATTR_CMSIS_RTOS_V2 */
  55:LWIP/App/lwip.c **** 
  56:LWIP/App/lwip.c **** /* USER CODE BEGIN 2 */
  57:LWIP/App/lwip.c **** 
  58:LWIP/App/lwip.c **** /* USER CODE END 2 */
  59:LWIP/App/lwip.c **** 
  60:LWIP/App/lwip.c **** /**
  61:LWIP/App/lwip.c ****   * LwIP initialization function
  62:LWIP/App/lwip.c ****   */
  63:LWIP/App/lwip.c **** void MX_LWIP_Init(void)
  64:LWIP/App/lwip.c **** {
  65:LWIP/App/lwip.c ****   /* IP addresses initialization */
  66:LWIP/App/lwip.c ****   IP_ADDRESS[0] = 192;
  67:LWIP/App/lwip.c ****   IP_ADDRESS[1] = 168;
  68:LWIP/App/lwip.c ****   IP_ADDRESS[2] = 197;
  69:LWIP/App/lwip.c ****   IP_ADDRESS[3] = 123;
  70:LWIP/App/lwip.c ****   NETMASK_ADDRESS[0] = 255;
  71:LWIP/App/lwip.c ****   NETMASK_ADDRESS[1] = 255;
  72:LWIP/App/lwip.c ****   NETMASK_ADDRESS[2] = 255;
  73:LWIP/App/lwip.c ****   NETMASK_ADDRESS[3] = 0;
  74:LWIP/App/lwip.c ****   GATEWAY_ADDRESS[0] = 192;
  75:LWIP/App/lwip.c ****   GATEWAY_ADDRESS[1] = 168;
  76:LWIP/App/lwip.c ****   GATEWAY_ADDRESS[2] = 197;
  77:LWIP/App/lwip.c ****   GATEWAY_ADDRESS[3] = 1;
  78:LWIP/App/lwip.c **** 
  79:LWIP/App/lwip.c **** /* USER CODE BEGIN IP_ADDRESSES */
  80:LWIP/App/lwip.c **** /* USER CODE END IP_ADDRESSES */
  81:LWIP/App/lwip.c **** 
  82:LWIP/App/lwip.c ****   /* Initialize the LwIP stack with RTOS */
  83:LWIP/App/lwip.c ****   tcpip_init( NULL, NULL );
  84:LWIP/App/lwip.c **** 
  85:LWIP/App/lwip.c ****   /* IP addresses initialization without DHCP (IPv4) */
  86:LWIP/App/lwip.c ****   IP4_ADDR(&ipaddr, IP_ADDRESS[0], IP_ADDRESS[1], IP_ADDRESS[2], IP_ADDRESS[3]);
  87:LWIP/App/lwip.c ****   IP4_ADDR(&netmask, NETMASK_ADDRESS[0], NETMASK_ADDRESS[1] , NETMASK_ADDRESS[2], NETMASK_ADDRESS[3
  88:LWIP/App/lwip.c ****   IP4_ADDR(&gw, GATEWAY_ADDRESS[0], GATEWAY_ADDRESS[1], GATEWAY_ADDRESS[2], GATEWAY_ADDRESS[3]);
ARM GAS  /tmp/ccfT4lEu.s 			page 3


  89:LWIP/App/lwip.c **** 
  90:LWIP/App/lwip.c ****   /* add the network interface (IPv4/IPv6) with RTOS */
  91:LWIP/App/lwip.c ****   netif_add(&gnetif, &ipaddr, &netmask, &gw, NULL, &ethernetif_init, &tcpip_input);
  92:LWIP/App/lwip.c **** 
  93:LWIP/App/lwip.c ****   /* Registers the default network interface */
  94:LWIP/App/lwip.c ****   netif_set_default(&gnetif);
  95:LWIP/App/lwip.c **** 
  96:LWIP/App/lwip.c ****   /* We must always bring the network interface up connection or not... */
  97:LWIP/App/lwip.c ****   netif_set_up(&gnetif);
  98:LWIP/App/lwip.c **** 
  99:LWIP/App/lwip.c ****   /* Set the link callback function, this function is called on change of link status*/
 100:LWIP/App/lwip.c ****   netif_set_link_callback(&gnetif, ethernet_link_status_updated);
 101:LWIP/App/lwip.c **** 
 102:LWIP/App/lwip.c ****   /* Create the Ethernet link handler thread */
 103:LWIP/App/lwip.c **** /* USER CODE BEGIN H7_OS_THREAD_NEW_CMSIS_RTOS_V2 */
 104:LWIP/App/lwip.c ****   memset(&attributes, 0x0, sizeof(osThreadAttr_t));
 105:LWIP/App/lwip.c ****   attributes.name = "EthLink";
 106:LWIP/App/lwip.c ****   attributes.stack_size = INTERFACE_THREAD_STACK_SIZE;
 107:LWIP/App/lwip.c ****   attributes.priority = osPriorityBelowNormal;
 108:LWIP/App/lwip.c ****   osThreadNew(ethernet_link_thread, &gnetif, &attributes);
 109:LWIP/App/lwip.c **** /* USER CODE END H7_OS_THREAD_NEW_CMSIS_RTOS_V2 */
 110:LWIP/App/lwip.c **** 
 111:LWIP/App/lwip.c **** /* USER CODE BEGIN 3 */
 112:LWIP/App/lwip.c **** 
 113:LWIP/App/lwip.c **** /* USER CODE END 3 */
 114:LWIP/App/lwip.c **** }
 115:LWIP/App/lwip.c **** 
 116:LWIP/App/lwip.c **** #ifdef USE_OBSOLETE_USER_CODE_SECTION_4
 117:LWIP/App/lwip.c **** /* Kept to help code migration. (See new 4_1, 4_2... sections) */
 118:LWIP/App/lwip.c **** /* Avoid to use this user section which will become obsolete. */
 119:LWIP/App/lwip.c **** /* USER CODE BEGIN 4 */
 120:LWIP/App/lwip.c **** /* USER CODE END 4 */
 121:LWIP/App/lwip.c **** #endif
 122:LWIP/App/lwip.c **** 
 123:LWIP/App/lwip.c **** /**
 124:LWIP/App/lwip.c ****   * @brief  Notify the User about the network interface config status
 125:LWIP/App/lwip.c ****   * @param  netif: the network interface
 126:LWIP/App/lwip.c ****   * @retval None
 127:LWIP/App/lwip.c ****   */
 128:LWIP/App/lwip.c **** static void ethernet_link_status_updated(struct netif *netif)
 129:LWIP/App/lwip.c **** {
  28              		.loc 1 129 1 view -0
  29              		.cfi_startproc
  30              		@ args = 0, pretend = 0, frame = 0
  31              		@ frame_needed = 0, uses_anonymous_args = 0
  32              		@ link register save eliminated.
 130:LWIP/App/lwip.c ****   if (netif_is_up(netif))
  33              		.loc 1 130 3 view .LVU1
 131:LWIP/App/lwip.c ****   {
 132:LWIP/App/lwip.c **** /* USER CODE BEGIN 5 */
 133:LWIP/App/lwip.c **** /* USER CODE END 5 */
 134:LWIP/App/lwip.c ****   }
 135:LWIP/App/lwip.c ****   else /* netif is down */
 136:LWIP/App/lwip.c ****   {
 137:LWIP/App/lwip.c **** /* USER CODE BEGIN 6 */
 138:LWIP/App/lwip.c **** /* USER CODE END 6 */
 139:LWIP/App/lwip.c ****   }
ARM GAS  /tmp/ccfT4lEu.s 			page 4


  34              		.loc 1 139 3 view .LVU2
 140:LWIP/App/lwip.c **** }
  35              		.loc 1 140 1 is_stmt 0 view .LVU3
  36 0000 7047     		bx	lr
  37              		.cfi_endproc
  38              	.LFE174:
  40              		.section	.rodata.MX_LWIP_Init.str1.4,"aMS",%progbits,1
  41              		.align	2
  42              	.LC0:
  43 0000 4574684C 		.ascii	"EthLink\000"
  43      696E6B00 
  44              		.section	.text.MX_LWIP_Init,"ax",%progbits
  45              		.align	1
  46              		.global	MX_LWIP_Init
  47              		.syntax unified
  48              		.thumb
  49              		.thumb_func
  50              		.fpu fpv5-d16
  52              	MX_LWIP_Init:
  53              	.LFB173:
  64:LWIP/App/lwip.c ****   /* IP addresses initialization */
  54              		.loc 1 64 1 is_stmt 1 view -0
  55              		.cfi_startproc
  56              		@ args = 0, pretend = 0, frame = 0
  57              		@ frame_needed = 0, uses_anonymous_args = 0
  58 0000 F0B5     		push	{r4, r5, r6, r7, lr}
  59              	.LCFI0:
  60              		.cfi_def_cfa_offset 20
  61              		.cfi_offset 4, -20
  62              		.cfi_offset 5, -16
  63              		.cfi_offset 6, -12
  64              		.cfi_offset 7, -8
  65              		.cfi_offset 14, -4
  66 0002 85B0     		sub	sp, sp, #20
  67              	.LCFI1:
  68              		.cfi_def_cfa_offset 40
  66:LWIP/App/lwip.c ****   IP_ADDRESS[1] = 168;
  69              		.loc 1 66 3 view .LVU5
  66:LWIP/App/lwip.c ****   IP_ADDRESS[1] = 168;
  70              		.loc 1 66 17 is_stmt 0 view .LVU6
  71 0004 424F     		ldr	r7, .L4
  72 0006 C020     		movs	r0, #192
  73 0008 3870     		strb	r0, [r7]
  67:LWIP/App/lwip.c ****   IP_ADDRESS[2] = 197;
  74              		.loc 1 67 3 is_stmt 1 view .LVU7
  67:LWIP/App/lwip.c ****   IP_ADDRESS[2] = 197;
  75              		.loc 1 67 17 is_stmt 0 view .LVU8
  76 000a A821     		movs	r1, #168
  77 000c 7970     		strb	r1, [r7, #1]
  68:LWIP/App/lwip.c ****   IP_ADDRESS[3] = 123;
  78              		.loc 1 68 3 is_stmt 1 view .LVU9
  68:LWIP/App/lwip.c ****   IP_ADDRESS[3] = 123;
  79              		.loc 1 68 17 is_stmt 0 view .LVU10
  80 000e C522     		movs	r2, #197
  81 0010 BA70     		strb	r2, [r7, #2]
  69:LWIP/App/lwip.c ****   NETMASK_ADDRESS[0] = 255;
  82              		.loc 1 69 3 is_stmt 1 view .LVU11
ARM GAS  /tmp/ccfT4lEu.s 			page 5


  69:LWIP/App/lwip.c ****   NETMASK_ADDRESS[0] = 255;
  83              		.loc 1 69 17 is_stmt 0 view .LVU12
  84 0012 7B23     		movs	r3, #123
  85 0014 FB70     		strb	r3, [r7, #3]
  70:LWIP/App/lwip.c ****   NETMASK_ADDRESS[1] = 255;
  86              		.loc 1 70 3 is_stmt 1 view .LVU13
  70:LWIP/App/lwip.c ****   NETMASK_ADDRESS[1] = 255;
  87              		.loc 1 70 22 is_stmt 0 view .LVU14
  88 0016 3F4E     		ldr	r6, .L4+4
  89 0018 FF23     		movs	r3, #255
  90 001a 3370     		strb	r3, [r6]
  71:LWIP/App/lwip.c ****   NETMASK_ADDRESS[2] = 255;
  91              		.loc 1 71 3 is_stmt 1 view .LVU15
  71:LWIP/App/lwip.c ****   NETMASK_ADDRESS[2] = 255;
  92              		.loc 1 71 22 is_stmt 0 view .LVU16
  93 001c 7370     		strb	r3, [r6, #1]
  72:LWIP/App/lwip.c ****   NETMASK_ADDRESS[3] = 0;
  94              		.loc 1 72 3 is_stmt 1 view .LVU17
  72:LWIP/App/lwip.c ****   NETMASK_ADDRESS[3] = 0;
  95              		.loc 1 72 22 is_stmt 0 view .LVU18
  96 001e B370     		strb	r3, [r6, #2]
  73:LWIP/App/lwip.c ****   GATEWAY_ADDRESS[0] = 192;
  97              		.loc 1 73 3 is_stmt 1 view .LVU19
  73:LWIP/App/lwip.c ****   GATEWAY_ADDRESS[0] = 192;
  98              		.loc 1 73 22 is_stmt 0 view .LVU20
  99 0020 0024     		movs	r4, #0
 100 0022 F470     		strb	r4, [r6, #3]
  74:LWIP/App/lwip.c ****   GATEWAY_ADDRESS[1] = 168;
 101              		.loc 1 74 3 is_stmt 1 view .LVU21
  74:LWIP/App/lwip.c ****   GATEWAY_ADDRESS[1] = 168;
 102              		.loc 1 74 22 is_stmt 0 view .LVU22
 103 0024 3C4D     		ldr	r5, .L4+8
 104 0026 2870     		strb	r0, [r5]
  75:LWIP/App/lwip.c ****   GATEWAY_ADDRESS[2] = 197;
 105              		.loc 1 75 3 is_stmt 1 view .LVU23
  75:LWIP/App/lwip.c ****   GATEWAY_ADDRESS[2] = 197;
 106              		.loc 1 75 22 is_stmt 0 view .LVU24
 107 0028 6970     		strb	r1, [r5, #1]
  76:LWIP/App/lwip.c ****   GATEWAY_ADDRESS[3] = 1;
 108              		.loc 1 76 3 is_stmt 1 view .LVU25
  76:LWIP/App/lwip.c ****   GATEWAY_ADDRESS[3] = 1;
 109              		.loc 1 76 22 is_stmt 0 view .LVU26
 110 002a AA70     		strb	r2, [r5, #2]
  77:LWIP/App/lwip.c **** 
 111              		.loc 1 77 3 is_stmt 1 view .LVU27
  77:LWIP/App/lwip.c **** 
 112              		.loc 1 77 22 is_stmt 0 view .LVU28
 113 002c 0123     		movs	r3, #1
 114 002e EB70     		strb	r3, [r5, #3]
  83:LWIP/App/lwip.c **** 
 115              		.loc 1 83 3 is_stmt 1 view .LVU29
 116 0030 2146     		mov	r1, r4
 117 0032 2046     		mov	r0, r4
 118 0034 FFF7FEFF 		bl	tcpip_init
 119              	.LVL1:
  86:LWIP/App/lwip.c ****   IP4_ADDR(&netmask, NETMASK_ADDRESS[0], NETMASK_ADDRESS[1] , NETMASK_ADDRESS[2], NETMASK_ADDRESS[3
 120              		.loc 1 86 3 view .LVU30
ARM GAS  /tmp/ccfT4lEu.s 			page 6


 121 0038 3A78     		ldrb	r2, [r7]	@ zero_extendqisi2
 122 003a 7B78     		ldrb	r3, [r7, #1]	@ zero_extendqisi2
 123 003c 1B04     		lsls	r3, r3, #16
 124 003e 43EA0263 		orr	r3, r3, r2, lsl #24
 125 0042 BA78     		ldrb	r2, [r7, #2]	@ zero_extendqisi2
 126 0044 43EA0223 		orr	r3, r3, r2, lsl #8
 127 0048 F978     		ldrb	r1, [r7, #3]	@ zero_extendqisi2
 128 004a 0B43     		orrs	r3, r3, r1
 129 004c 1A02     		lsls	r2, r3, #8
 130 004e 02F47F02 		and	r2, r2, #16711680
 131 0052 42EA0162 		orr	r2, r2, r1, lsl #24
 132 0056 190A     		lsrs	r1, r3, #8
 133 0058 01F47F41 		and	r1, r1, #65280
 134 005c 0A43     		orrs	r2, r2, r1
 135 005e 42EA1363 		orr	r3, r2, r3, lsr #24
 136 0062 2E49     		ldr	r1, .L4+12
 137 0064 0B60     		str	r3, [r1]
  87:LWIP/App/lwip.c ****   IP4_ADDR(&gw, GATEWAY_ADDRESS[0], GATEWAY_ADDRESS[1], GATEWAY_ADDRESS[2], GATEWAY_ADDRESS[3]);
 138              		.loc 1 87 3 view .LVU31
 139 0066 3278     		ldrb	r2, [r6]	@ zero_extendqisi2
 140 0068 7378     		ldrb	r3, [r6, #1]	@ zero_extendqisi2
 141 006a 1B04     		lsls	r3, r3, #16
 142 006c 43EA0263 		orr	r3, r3, r2, lsl #24
 143 0070 B278     		ldrb	r2, [r6, #2]	@ zero_extendqisi2
 144 0072 43EA0223 		orr	r3, r3, r2, lsl #8
 145 0076 F078     		ldrb	r0, [r6, #3]	@ zero_extendqisi2
 146 0078 0343     		orrs	r3, r3, r0
 147 007a 1A02     		lsls	r2, r3, #8
 148 007c 02F47F02 		and	r2, r2, #16711680
 149 0080 42EA0062 		orr	r2, r2, r0, lsl #24
 150 0084 180A     		lsrs	r0, r3, #8
 151 0086 00F47F40 		and	r0, r0, #65280
 152 008a 0243     		orrs	r2, r2, r0
 153 008c 42EA1363 		orr	r3, r2, r3, lsr #24
 154 0090 234A     		ldr	r2, .L4+16
 155 0092 1360     		str	r3, [r2]
  88:LWIP/App/lwip.c **** 
 156              		.loc 1 88 3 view .LVU32
 157 0094 2878     		ldrb	r0, [r5]	@ zero_extendqisi2
 158 0096 6B78     		ldrb	r3, [r5, #1]	@ zero_extendqisi2
 159 0098 1B04     		lsls	r3, r3, #16
 160 009a 43EA0063 		orr	r3, r3, r0, lsl #24
 161 009e A878     		ldrb	r0, [r5, #2]	@ zero_extendqisi2
 162 00a0 43EA0023 		orr	r3, r3, r0, lsl #8
 163 00a4 ED78     		ldrb	r5, [r5, #3]	@ zero_extendqisi2
 164 00a6 2B43     		orrs	r3, r3, r5
 165 00a8 1802     		lsls	r0, r3, #8
 166 00aa 00F47F00 		and	r0, r0, #16711680
 167 00ae 40EA0560 		orr	r0, r0, r5, lsl #24
 168 00b2 1D0A     		lsrs	r5, r3, #8
 169 00b4 05F47F45 		and	r5, r5, #65280
 170 00b8 2843     		orrs	r0, r0, r5
 171 00ba 40EA1360 		orr	r0, r0, r3, lsr #24
 172 00be 194B     		ldr	r3, .L4+20
 173 00c0 1860     		str	r0, [r3]
  91:LWIP/App/lwip.c **** 
 174              		.loc 1 91 3 view .LVU33
ARM GAS  /tmp/ccfT4lEu.s 			page 7


 175 00c2 194D     		ldr	r5, .L4+24
 176 00c4 1948     		ldr	r0, .L4+28
 177 00c6 0290     		str	r0, [sp, #8]
 178 00c8 1948     		ldr	r0, .L4+32
 179 00ca 0190     		str	r0, [sp, #4]
 180 00cc 0094     		str	r4, [sp]
 181 00ce 2846     		mov	r0, r5
 182 00d0 FFF7FEFF 		bl	netif_add
 183              	.LVL2:
  94:LWIP/App/lwip.c **** 
 184              		.loc 1 94 3 view .LVU34
 185 00d4 2846     		mov	r0, r5
 186 00d6 FFF7FEFF 		bl	netif_set_default
 187              	.LVL3:
  97:LWIP/App/lwip.c **** 
 188              		.loc 1 97 3 view .LVU35
 189 00da 2846     		mov	r0, r5
 190 00dc FFF7FEFF 		bl	netif_set_up
 191              	.LVL4:
 100:LWIP/App/lwip.c **** 
 192              		.loc 1 100 3 view .LVU36
 193 00e0 1449     		ldr	r1, .L4+36
 194 00e2 2846     		mov	r0, r5
 195 00e4 FFF7FEFF 		bl	netif_set_link_callback
 196              	.LVL5:
 104:LWIP/App/lwip.c ****   attributes.name = "EthLink";
 197              		.loc 1 104 3 view .LVU37
 198 00e8 134E     		ldr	r6, .L4+40
 199 00ea 2422     		movs	r2, #36
 200 00ec 2146     		mov	r1, r4
 201 00ee 3046     		mov	r0, r6
 202 00f0 FFF7FEFF 		bl	memset
 203              	.LVL6:
 105:LWIP/App/lwip.c ****   attributes.stack_size = INTERFACE_THREAD_STACK_SIZE;
 204              		.loc 1 105 3 view .LVU38
 105:LWIP/App/lwip.c ****   attributes.stack_size = INTERFACE_THREAD_STACK_SIZE;
 205              		.loc 1 105 19 is_stmt 0 view .LVU39
 206 00f4 114B     		ldr	r3, .L4+44
 207 00f6 3360     		str	r3, [r6]
 106:LWIP/App/lwip.c ****   attributes.priority = osPriorityBelowNormal;
 208              		.loc 1 106 3 is_stmt 1 view .LVU40
 106:LWIP/App/lwip.c ****   attributes.priority = osPriorityBelowNormal;
 209              		.loc 1 106 25 is_stmt 0 view .LVU41
 210 00f8 4FF48063 		mov	r3, #1024
 211 00fc 7361     		str	r3, [r6, #20]
 107:LWIP/App/lwip.c ****   osThreadNew(ethernet_link_thread, &gnetif, &attributes);
 212              		.loc 1 107 3 is_stmt 1 view .LVU42
 107:LWIP/App/lwip.c ****   osThreadNew(ethernet_link_thread, &gnetif, &attributes);
 213              		.loc 1 107 23 is_stmt 0 view .LVU43
 214 00fe 1023     		movs	r3, #16
 215 0100 B361     		str	r3, [r6, #24]
 108:LWIP/App/lwip.c **** /* USER CODE END H7_OS_THREAD_NEW_CMSIS_RTOS_V2 */
 216              		.loc 1 108 3 is_stmt 1 view .LVU44
 217 0102 3246     		mov	r2, r6
 218 0104 2946     		mov	r1, r5
 219 0106 0E48     		ldr	r0, .L4+48
 220 0108 FFF7FEFF 		bl	osThreadNew
ARM GAS  /tmp/ccfT4lEu.s 			page 8


 221              	.LVL7:
 114:LWIP/App/lwip.c **** 
 222              		.loc 1 114 1 is_stmt 0 view .LVU45
 223 010c 05B0     		add	sp, sp, #20
 224              	.LCFI2:
 225              		.cfi_def_cfa_offset 20
 226              		@ sp needed
 227 010e F0BD     		pop	{r4, r5, r6, r7, pc}
 228              	.L5:
 229              		.align	2
 230              	.L4:
 231 0110 00000000 		.word	.LANCHOR0
 232 0114 00000000 		.word	.LANCHOR1
 233 0118 00000000 		.word	.LANCHOR2
 234 011c 00000000 		.word	.LANCHOR3
 235 0120 00000000 		.word	.LANCHOR4
 236 0124 00000000 		.word	.LANCHOR5
 237 0128 00000000 		.word	.LANCHOR6
 238 012c 00000000 		.word	tcpip_input
 239 0130 00000000 		.word	ethernetif_init
 240 0134 00000000 		.word	ethernet_link_status_updated
 241 0138 00000000 		.word	.LANCHOR7
 242 013c 00000000 		.word	.LC0
 243 0140 00000000 		.word	ethernet_link_thread
 244              		.cfi_endproc
 245              	.LFE173:
 247              		.global	attributes
 248              		.global	GATEWAY_ADDRESS
 249              		.global	NETMASK_ADDRESS
 250              		.global	IP_ADDRESS
 251              		.global	gw
 252              		.global	netmask
 253              		.global	ipaddr
 254              		.global	gnetif
 255              		.section	.bss.GATEWAY_ADDRESS,"aw",%nobits
 256              		.align	2
 257              		.set	.LANCHOR2,. + 0
 260              	GATEWAY_ADDRESS:
 261 0000 00000000 		.space	4
 262              		.section	.bss.IP_ADDRESS,"aw",%nobits
 263              		.align	2
 264              		.set	.LANCHOR0,. + 0
 267              	IP_ADDRESS:
 268 0000 00000000 		.space	4
 269              		.section	.bss.NETMASK_ADDRESS,"aw",%nobits
 270              		.align	2
 271              		.set	.LANCHOR1,. + 0
 274              	NETMASK_ADDRESS:
 275 0000 00000000 		.space	4
 276              		.section	.bss.attributes,"aw",%nobits
 277              		.align	2
 278              		.set	.LANCHOR7,. + 0
 281              	attributes:
 282 0000 00000000 		.space	36
 282      00000000 
 282      00000000 
 282      00000000 
ARM GAS  /tmp/ccfT4lEu.s 			page 9


 282      00000000 
 283              		.section	.bss.gnetif,"aw",%nobits
 284              		.align	2
 285              		.set	.LANCHOR6,. + 0
 288              	gnetif:
 289 0000 00000000 		.space	52
 289      00000000 
 289      00000000 
 289      00000000 
 289      00000000 
 290              		.section	.bss.gw,"aw",%nobits
 291              		.align	2
 292              		.set	.LANCHOR5,. + 0
 295              	gw:
 296 0000 00000000 		.space	4
 297              		.section	.bss.ipaddr,"aw",%nobits
 298              		.align	2
 299              		.set	.LANCHOR3,. + 0
 302              	ipaddr:
 303 0000 00000000 		.space	4
 304              		.section	.bss.netmask,"aw",%nobits
 305              		.align	2
 306              		.set	.LANCHOR4,. + 0
 309              	netmask:
 310 0000 00000000 		.space	4
 311              		.text
 312              	.Letext0:
 313              		.file 2 "/usr/lib/gcc/arm-none-eabi/10.3.1/include/stdint.h"
 314              		.file 3 "Middlewares/Third_Party/LwIP/src/include/lwip/arch.h"
 315              		.file 4 "Middlewares/Third_Party/LwIP/src/include/lwip/err.h"
 316              		.file 5 "Middlewares/Third_Party/LwIP/src/include/lwip/pbuf.h"
 317              		.file 6 "Middlewares/Third_Party/LwIP/src/include/lwip/ip4_addr.h"
 318              		.file 7 "Middlewares/Third_Party/LwIP/src/include/lwip/ip_addr.h"
 319              		.file 8 "Middlewares/Third_Party/LwIP/src/include/lwip/netif.h"
 320              		.file 9 "Middlewares/Third_Party/LwIP/src/include/lwip/memp.h"
 321              		.file 10 "Middlewares/Third_Party/FreeRTOS/Source/CMSIS_RTOS_V2/cmsis_os2.h"
 322              		.file 11 "Middlewares/Third_Party/LwIP/src/include/lwip/tcpip.h"
 323              		.file 12 "<built-in>"
ARM GAS  /tmp/ccfT4lEu.s 			page 10


DEFINED SYMBOLS
                            *ABS*:0000000000000000 lwip.c
     /tmp/ccfT4lEu.s:17     .text.ethernet_link_status_updated:0000000000000000 $t
     /tmp/ccfT4lEu.s:24     .text.ethernet_link_status_updated:0000000000000000 ethernet_link_status_updated
     /tmp/ccfT4lEu.s:41     .rodata.MX_LWIP_Init.str1.4:0000000000000000 $d
     /tmp/ccfT4lEu.s:45     .text.MX_LWIP_Init:0000000000000000 $t
     /tmp/ccfT4lEu.s:52     .text.MX_LWIP_Init:0000000000000000 MX_LWIP_Init
     /tmp/ccfT4lEu.s:231    .text.MX_LWIP_Init:0000000000000110 $d
     /tmp/ccfT4lEu.s:281    .bss.attributes:0000000000000000 attributes
     /tmp/ccfT4lEu.s:260    .bss.GATEWAY_ADDRESS:0000000000000000 GATEWAY_ADDRESS
     /tmp/ccfT4lEu.s:274    .bss.NETMASK_ADDRESS:0000000000000000 NETMASK_ADDRESS
     /tmp/ccfT4lEu.s:267    .bss.IP_ADDRESS:0000000000000000 IP_ADDRESS
     /tmp/ccfT4lEu.s:295    .bss.gw:0000000000000000 gw
     /tmp/ccfT4lEu.s:309    .bss.netmask:0000000000000000 netmask
     /tmp/ccfT4lEu.s:302    .bss.ipaddr:0000000000000000 ipaddr
     /tmp/ccfT4lEu.s:288    .bss.gnetif:0000000000000000 gnetif
     /tmp/ccfT4lEu.s:256    .bss.GATEWAY_ADDRESS:0000000000000000 $d
     /tmp/ccfT4lEu.s:263    .bss.IP_ADDRESS:0000000000000000 $d
     /tmp/ccfT4lEu.s:270    .bss.NETMASK_ADDRESS:0000000000000000 $d
     /tmp/ccfT4lEu.s:277    .bss.attributes:0000000000000000 $d
     /tmp/ccfT4lEu.s:284    .bss.gnetif:0000000000000000 $d
     /tmp/ccfT4lEu.s:291    .bss.gw:0000000000000000 $d
     /tmp/ccfT4lEu.s:298    .bss.ipaddr:0000000000000000 $d
     /tmp/ccfT4lEu.s:305    .bss.netmask:0000000000000000 $d

UNDEFINED SYMBOLS
tcpip_init
netif_add
netif_set_default
netif_set_up
netif_set_link_callback
memset
osThreadNew
tcpip_input
ethernetif_init
ethernet_link_thread
