ARM GAS  /tmp/ccrZ3T0r.s 			page 1


   1              		.cpu cortex-m7
   2              		.eabi_attribute 28, 1
   3              		.eabi_attribute 20, 1
   4              		.eabi_attribute 21, 1
   5              		.eabi_attribute 23, 3
   6              		.eabi_attribute 24, 1
   7              		.eabi_attribute 25, 1
   8              		.eabi_attribute 26, 1
   9              		.eabi_attribute 30, 1
  10              		.eabi_attribute 34, 1
  11              		.eabi_attribute 18, 4
  12              		.file	"slipif.c"
  13              		.text
  14              	.Ltext0:
  15              		.cfi_sections	.debug_frame
  16              		.section	.rodata.slipif_rxbyte.str1.4,"aMS",%progbits,1
  17              		.align	2
  18              	.LC0:
  19 0000 4D696464 		.ascii	"Middlewares/Third_Party/LwIP/src/netif/slipif.c\000"
  19      6C657761 
  19      7265732F 
  19      54686972 
  19      645F5061 
  20              		.align	2
  21              	.LC1:
  22 0030 6E657469 		.ascii	"netif != NULL\000"
  22      6620213D 
  22      204E554C 
  22      4C00
  23 003e 0000     		.align	2
  24              	.LC2:
  25 0040 41737365 		.ascii	"Assertion \"%s\" failed at line %d in %s\012\000"
  25      7274696F 
  25      6E202225 
  25      73222066 
  25      61696C65 
  26              		.align	2
  27              	.LC3:
  28 0068 6E657469 		.ascii	"netif->state != NULL\000"
  28      662D3E73 
  28      74617465 
  28      20213D20 
  28      4E554C4C 
  29              		.section	.text.slipif_rxbyte,"ax",%progbits
  30              		.align	1
  31              		.arch armv7e-m
  32              		.syntax unified
  33              		.thumb
  34              		.thumb_func
  35              		.fpu fpv5-d16
  37              	slipif_rxbyte:
  38              	.LVL0:
  39              	.LFB175:
  40              		.file 1 "Middlewares/Third_Party/LwIP/src/netif/slipif.c"
   1:Middlewares/Third_Party/LwIP/src/netif/slipif.c **** /**
   2:Middlewares/Third_Party/LwIP/src/netif/slipif.c ****  * @file
   3:Middlewares/Third_Party/LwIP/src/netif/slipif.c ****  * SLIP Interface
ARM GAS  /tmp/ccrZ3T0r.s 			page 2


   4:Middlewares/Third_Party/LwIP/src/netif/slipif.c ****  *
   5:Middlewares/Third_Party/LwIP/src/netif/slipif.c ****  */
   6:Middlewares/Third_Party/LwIP/src/netif/slipif.c **** 
   7:Middlewares/Third_Party/LwIP/src/netif/slipif.c **** /*
   8:Middlewares/Third_Party/LwIP/src/netif/slipif.c ****  * Copyright (c) 2001-2004 Swedish Institute of Computer Science.
   9:Middlewares/Third_Party/LwIP/src/netif/slipif.c ****  * All rights reserved.
  10:Middlewares/Third_Party/LwIP/src/netif/slipif.c ****  *
  11:Middlewares/Third_Party/LwIP/src/netif/slipif.c ****  * Redistribution and use in source and binary forms, with or without
  12:Middlewares/Third_Party/LwIP/src/netif/slipif.c ****  * modification, are permitted provided that the following conditions
  13:Middlewares/Third_Party/LwIP/src/netif/slipif.c ****  * are met:
  14:Middlewares/Third_Party/LwIP/src/netif/slipif.c ****  * 1. Redistributions of source code must retain the above copyright
  15:Middlewares/Third_Party/LwIP/src/netif/slipif.c ****  *    notice, this list of conditions and the following disclaimer.
  16:Middlewares/Third_Party/LwIP/src/netif/slipif.c ****  * 2. Redistributions in binary form must reproduce the above copyright
  17:Middlewares/Third_Party/LwIP/src/netif/slipif.c ****  *    notice, this list of conditions and the following disclaimer in the
  18:Middlewares/Third_Party/LwIP/src/netif/slipif.c ****  *    documentation and/or other materials provided with the distribution.
  19:Middlewares/Third_Party/LwIP/src/netif/slipif.c ****  * 3. Neither the name of the Institute nor the names of its contributors
  20:Middlewares/Third_Party/LwIP/src/netif/slipif.c ****  *    may be used to endorse or promote products derived from this software
  21:Middlewares/Third_Party/LwIP/src/netif/slipif.c ****  *    without specific prior written permission.
  22:Middlewares/Third_Party/LwIP/src/netif/slipif.c ****  *
  23:Middlewares/Third_Party/LwIP/src/netif/slipif.c ****  * THIS SOFTWARE IS PROVIDED BY THE INSTITUTE AND CONTRIBUTORS ``AS IS'' AND
  24:Middlewares/Third_Party/LwIP/src/netif/slipif.c ****  * ANY EXPRESS OR IMPLIED WARRANTIES, INCLUDING, BUT NOT LIMITED TO, THE
  25:Middlewares/Third_Party/LwIP/src/netif/slipif.c ****  * IMPLIED WARRANTIES OF MERCHANTABILITY AND FITNESS FOR A PARTICULAR PURPOSE
  26:Middlewares/Third_Party/LwIP/src/netif/slipif.c ****  * ARE DISCLAIMED.  IN NO EVENT SHALL THE INSTITUTE OR CONTRIBUTORS BE LIABLE
  27:Middlewares/Third_Party/LwIP/src/netif/slipif.c ****  * FOR ANY DIRECT, INDIRECT, INCIDENTAL, SPECIAL, EXEMPLARY, OR CONSEQUENTIAL
  28:Middlewares/Third_Party/LwIP/src/netif/slipif.c ****  * DAMAGES (INCLUDING, BUT NOT LIMITED TO, PROCUREMENT OF SUBSTITUTE GOODS
  29:Middlewares/Third_Party/LwIP/src/netif/slipif.c ****  * OR SERVICES; LOSS OF USE, DATA, OR PROFITS; OR BUSINESS INTERRUPTION)
  30:Middlewares/Third_Party/LwIP/src/netif/slipif.c ****  * HOWEVER CAUSED AND ON ANY THEORY OF LIABILITY, WHETHER IN CONTRACT, STRICT
  31:Middlewares/Third_Party/LwIP/src/netif/slipif.c ****  * LIABILITY, OR TORT (INCLUDING NEGLIGENCE OR OTHERWISE) ARISING IN ANY WAY
  32:Middlewares/Third_Party/LwIP/src/netif/slipif.c ****  * OUT OF THE USE OF THIS SOFTWARE, EVEN IF ADVISED OF THE POSSIBILITY OF
  33:Middlewares/Third_Party/LwIP/src/netif/slipif.c ****  * SUCH DAMAGE.
  34:Middlewares/Third_Party/LwIP/src/netif/slipif.c ****  *
  35:Middlewares/Third_Party/LwIP/src/netif/slipif.c ****  * This file is built upon the file: src/arch/rtxc/netif/sioslip.c
  36:Middlewares/Third_Party/LwIP/src/netif/slipif.c ****  *
  37:Middlewares/Third_Party/LwIP/src/netif/slipif.c ****  * Author: Magnus Ivarsson <magnus.ivarsson(at)volvo.com>
  38:Middlewares/Third_Party/LwIP/src/netif/slipif.c ****  *         Simon Goldschmidt
  39:Middlewares/Third_Party/LwIP/src/netif/slipif.c ****  */
  40:Middlewares/Third_Party/LwIP/src/netif/slipif.c **** 
  41:Middlewares/Third_Party/LwIP/src/netif/slipif.c **** 
  42:Middlewares/Third_Party/LwIP/src/netif/slipif.c **** /**
  43:Middlewares/Third_Party/LwIP/src/netif/slipif.c ****  * @defgroup slipif SLIP
  44:Middlewares/Third_Party/LwIP/src/netif/slipif.c ****  * @ingroup netifs
  45:Middlewares/Third_Party/LwIP/src/netif/slipif.c ****  *
  46:Middlewares/Third_Party/LwIP/src/netif/slipif.c ****  * This is an arch independent SLIP netif. The specific serial hooks must be
  47:Middlewares/Third_Party/LwIP/src/netif/slipif.c ****  * provided by another file. They are sio_open, sio_read/sio_tryread and sio_send
  48:Middlewares/Third_Party/LwIP/src/netif/slipif.c ****  *
  49:Middlewares/Third_Party/LwIP/src/netif/slipif.c ****  * Usage: This netif can be used in three ways:\n
  50:Middlewares/Third_Party/LwIP/src/netif/slipif.c ****  *        1) For NO_SYS==0, an RX thread can be used which blocks on sio_read()
  51:Middlewares/Third_Party/LwIP/src/netif/slipif.c ****  *           until data is received.\n
  52:Middlewares/Third_Party/LwIP/src/netif/slipif.c ****  *        2) In your main loop, call slipif_poll() to check for new RX bytes,
  53:Middlewares/Third_Party/LwIP/src/netif/slipif.c ****  *           completed packets are fed into netif->input().\n
  54:Middlewares/Third_Party/LwIP/src/netif/slipif.c ****  *        3) Call slipif_received_byte[s]() from your serial RX ISR and
  55:Middlewares/Third_Party/LwIP/src/netif/slipif.c ****  *           slipif_process_rxqueue() from your main loop. ISR level decodes
  56:Middlewares/Third_Party/LwIP/src/netif/slipif.c ****  *           packets and puts completed packets on a queue which is fed into
  57:Middlewares/Third_Party/LwIP/src/netif/slipif.c ****  *           the stack from the main loop (needs SYS_LIGHTWEIGHT_PROT for
  58:Middlewares/Third_Party/LwIP/src/netif/slipif.c ****  *           pbuf_alloc to work on ISR level!).
  59:Middlewares/Third_Party/LwIP/src/netif/slipif.c ****  *
  60:Middlewares/Third_Party/LwIP/src/netif/slipif.c ****  */
ARM GAS  /tmp/ccrZ3T0r.s 			page 3


  61:Middlewares/Third_Party/LwIP/src/netif/slipif.c **** 
  62:Middlewares/Third_Party/LwIP/src/netif/slipif.c **** #include "netif/slipif.h"
  63:Middlewares/Third_Party/LwIP/src/netif/slipif.c **** #include "lwip/opt.h"
  64:Middlewares/Third_Party/LwIP/src/netif/slipif.c **** 
  65:Middlewares/Third_Party/LwIP/src/netif/slipif.c **** #include "lwip/def.h"
  66:Middlewares/Third_Party/LwIP/src/netif/slipif.c **** #include "lwip/pbuf.h"
  67:Middlewares/Third_Party/LwIP/src/netif/slipif.c **** #include "lwip/stats.h"
  68:Middlewares/Third_Party/LwIP/src/netif/slipif.c **** #include "lwip/snmp.h"
  69:Middlewares/Third_Party/LwIP/src/netif/slipif.c **** #include "lwip/sys.h"
  70:Middlewares/Third_Party/LwIP/src/netif/slipif.c **** #include "lwip/sio.h"
  71:Middlewares/Third_Party/LwIP/src/netif/slipif.c **** 
  72:Middlewares/Third_Party/LwIP/src/netif/slipif.c **** #define SLIP_END     0xC0 /* 0300: start and end of every packet */
  73:Middlewares/Third_Party/LwIP/src/netif/slipif.c **** #define SLIP_ESC     0xDB /* 0333: escape start (one byte escaped data follows) */
  74:Middlewares/Third_Party/LwIP/src/netif/slipif.c **** #define SLIP_ESC_END 0xDC /* 0334: following escape: original byte is 0xC0 (END) */
  75:Middlewares/Third_Party/LwIP/src/netif/slipif.c **** #define SLIP_ESC_ESC 0xDD /* 0335: following escape: original byte is 0xDB (ESC) */
  76:Middlewares/Third_Party/LwIP/src/netif/slipif.c **** 
  77:Middlewares/Third_Party/LwIP/src/netif/slipif.c **** /** Maximum packet size that is received by this netif */
  78:Middlewares/Third_Party/LwIP/src/netif/slipif.c **** #ifndef SLIP_MAX_SIZE
  79:Middlewares/Third_Party/LwIP/src/netif/slipif.c **** #define SLIP_MAX_SIZE 1500
  80:Middlewares/Third_Party/LwIP/src/netif/slipif.c **** #endif
  81:Middlewares/Third_Party/LwIP/src/netif/slipif.c **** 
  82:Middlewares/Third_Party/LwIP/src/netif/slipif.c **** /** Define this to the interface speed for SNMP
  83:Middlewares/Third_Party/LwIP/src/netif/slipif.c ****  * (sio_fd is the sio_fd_t returned by sio_open).
  84:Middlewares/Third_Party/LwIP/src/netif/slipif.c ****  * The default value of zero means 'unknown'.
  85:Middlewares/Third_Party/LwIP/src/netif/slipif.c ****  */
  86:Middlewares/Third_Party/LwIP/src/netif/slipif.c **** #ifndef SLIP_SIO_SPEED
  87:Middlewares/Third_Party/LwIP/src/netif/slipif.c **** #define SLIP_SIO_SPEED(sio_fd) 0
  88:Middlewares/Third_Party/LwIP/src/netif/slipif.c **** #endif
  89:Middlewares/Third_Party/LwIP/src/netif/slipif.c **** 
  90:Middlewares/Third_Party/LwIP/src/netif/slipif.c **** enum slipif_recv_state {
  91:Middlewares/Third_Party/LwIP/src/netif/slipif.c ****   SLIP_RECV_NORMAL,
  92:Middlewares/Third_Party/LwIP/src/netif/slipif.c ****   SLIP_RECV_ESCAPE
  93:Middlewares/Third_Party/LwIP/src/netif/slipif.c **** };
  94:Middlewares/Third_Party/LwIP/src/netif/slipif.c **** 
  95:Middlewares/Third_Party/LwIP/src/netif/slipif.c **** struct slipif_priv {
  96:Middlewares/Third_Party/LwIP/src/netif/slipif.c ****   sio_fd_t sd;
  97:Middlewares/Third_Party/LwIP/src/netif/slipif.c ****   /* q is the whole pbuf chain for a packet, p is the current pbuf in the chain */
  98:Middlewares/Third_Party/LwIP/src/netif/slipif.c ****   struct pbuf *p, *q;
  99:Middlewares/Third_Party/LwIP/src/netif/slipif.c ****   u8_t state;
 100:Middlewares/Third_Party/LwIP/src/netif/slipif.c ****   u16_t i, recved;
 101:Middlewares/Third_Party/LwIP/src/netif/slipif.c **** #if SLIP_RX_FROM_ISR
 102:Middlewares/Third_Party/LwIP/src/netif/slipif.c ****   struct pbuf *rxpackets;
 103:Middlewares/Third_Party/LwIP/src/netif/slipif.c **** #endif
 104:Middlewares/Third_Party/LwIP/src/netif/slipif.c **** };
 105:Middlewares/Third_Party/LwIP/src/netif/slipif.c **** 
 106:Middlewares/Third_Party/LwIP/src/netif/slipif.c **** /**
 107:Middlewares/Third_Party/LwIP/src/netif/slipif.c ****  * Send a pbuf doing the necessary SLIP encapsulation
 108:Middlewares/Third_Party/LwIP/src/netif/slipif.c ****  *
 109:Middlewares/Third_Party/LwIP/src/netif/slipif.c ****  * Uses the serial layer's sio_send()
 110:Middlewares/Third_Party/LwIP/src/netif/slipif.c ****  *
 111:Middlewares/Third_Party/LwIP/src/netif/slipif.c ****  * @param netif the lwip network interface structure for this slipif
 112:Middlewares/Third_Party/LwIP/src/netif/slipif.c ****  * @param p the pbuf chain packet to send
 113:Middlewares/Third_Party/LwIP/src/netif/slipif.c ****  * @return always returns ERR_OK since the serial layer does not provide return values
 114:Middlewares/Third_Party/LwIP/src/netif/slipif.c ****  */
 115:Middlewares/Third_Party/LwIP/src/netif/slipif.c **** static err_t
 116:Middlewares/Third_Party/LwIP/src/netif/slipif.c **** slipif_output(struct netif *netif, struct pbuf *p)
 117:Middlewares/Third_Party/LwIP/src/netif/slipif.c **** {
ARM GAS  /tmp/ccrZ3T0r.s 			page 4


 118:Middlewares/Third_Party/LwIP/src/netif/slipif.c ****   struct slipif_priv *priv;
 119:Middlewares/Third_Party/LwIP/src/netif/slipif.c ****   struct pbuf *q;
 120:Middlewares/Third_Party/LwIP/src/netif/slipif.c ****   u16_t i;
 121:Middlewares/Third_Party/LwIP/src/netif/slipif.c ****   u8_t c;
 122:Middlewares/Third_Party/LwIP/src/netif/slipif.c **** 
 123:Middlewares/Third_Party/LwIP/src/netif/slipif.c ****   LWIP_ASSERT("netif != NULL", (netif != NULL));
 124:Middlewares/Third_Party/LwIP/src/netif/slipif.c ****   LWIP_ASSERT("netif->state != NULL", (netif->state != NULL));
 125:Middlewares/Third_Party/LwIP/src/netif/slipif.c ****   LWIP_ASSERT("p != NULL", (p != NULL));
 126:Middlewares/Third_Party/LwIP/src/netif/slipif.c **** 
 127:Middlewares/Third_Party/LwIP/src/netif/slipif.c ****   LWIP_DEBUGF(SLIP_DEBUG, ("slipif_output: sending %"U16_F" bytes\n", p->tot_len));
 128:Middlewares/Third_Party/LwIP/src/netif/slipif.c ****   priv = (struct slipif_priv *)netif->state;
 129:Middlewares/Third_Party/LwIP/src/netif/slipif.c **** 
 130:Middlewares/Third_Party/LwIP/src/netif/slipif.c ****   /* Send pbuf out on the serial I/O device. */
 131:Middlewares/Third_Party/LwIP/src/netif/slipif.c ****   /* Start with packet delimiter. */
 132:Middlewares/Third_Party/LwIP/src/netif/slipif.c ****   sio_send(SLIP_END, priv->sd);
 133:Middlewares/Third_Party/LwIP/src/netif/slipif.c **** 
 134:Middlewares/Third_Party/LwIP/src/netif/slipif.c ****   for (q = p; q != NULL; q = q->next) {
 135:Middlewares/Third_Party/LwIP/src/netif/slipif.c ****     for (i = 0; i < q->len; i++) {
 136:Middlewares/Third_Party/LwIP/src/netif/slipif.c ****       c = ((u8_t *)q->payload)[i];
 137:Middlewares/Third_Party/LwIP/src/netif/slipif.c ****       switch (c) {
 138:Middlewares/Third_Party/LwIP/src/netif/slipif.c ****         case SLIP_END:
 139:Middlewares/Third_Party/LwIP/src/netif/slipif.c ****           /* need to escape this byte (0xC0 -> 0xDB, 0xDC) */
 140:Middlewares/Third_Party/LwIP/src/netif/slipif.c ****           sio_send(SLIP_ESC, priv->sd);
 141:Middlewares/Third_Party/LwIP/src/netif/slipif.c ****           sio_send(SLIP_ESC_END, priv->sd);
 142:Middlewares/Third_Party/LwIP/src/netif/slipif.c ****           break;
 143:Middlewares/Third_Party/LwIP/src/netif/slipif.c ****         case SLIP_ESC:
 144:Middlewares/Third_Party/LwIP/src/netif/slipif.c ****           /* need to escape this byte (0xDB -> 0xDB, 0xDD) */
 145:Middlewares/Third_Party/LwIP/src/netif/slipif.c ****           sio_send(SLIP_ESC, priv->sd);
 146:Middlewares/Third_Party/LwIP/src/netif/slipif.c ****           sio_send(SLIP_ESC_ESC, priv->sd);
 147:Middlewares/Third_Party/LwIP/src/netif/slipif.c ****           break;
 148:Middlewares/Third_Party/LwIP/src/netif/slipif.c ****         default:
 149:Middlewares/Third_Party/LwIP/src/netif/slipif.c ****           /* normal byte - no need for escaping */
 150:Middlewares/Third_Party/LwIP/src/netif/slipif.c ****           sio_send(c, priv->sd);
 151:Middlewares/Third_Party/LwIP/src/netif/slipif.c ****           break;
 152:Middlewares/Third_Party/LwIP/src/netif/slipif.c ****       }
 153:Middlewares/Third_Party/LwIP/src/netif/slipif.c ****     }
 154:Middlewares/Third_Party/LwIP/src/netif/slipif.c ****   }
 155:Middlewares/Third_Party/LwIP/src/netif/slipif.c ****   /* End with packet delimiter. */
 156:Middlewares/Third_Party/LwIP/src/netif/slipif.c ****   sio_send(SLIP_END, priv->sd);
 157:Middlewares/Third_Party/LwIP/src/netif/slipif.c ****   return ERR_OK;
 158:Middlewares/Third_Party/LwIP/src/netif/slipif.c **** }
 159:Middlewares/Third_Party/LwIP/src/netif/slipif.c **** 
 160:Middlewares/Third_Party/LwIP/src/netif/slipif.c **** #if LWIP_IPV4
 161:Middlewares/Third_Party/LwIP/src/netif/slipif.c **** /**
 162:Middlewares/Third_Party/LwIP/src/netif/slipif.c ****  * Send a pbuf doing the necessary SLIP encapsulation
 163:Middlewares/Third_Party/LwIP/src/netif/slipif.c ****  *
 164:Middlewares/Third_Party/LwIP/src/netif/slipif.c ****  * Uses the serial layer's sio_send()
 165:Middlewares/Third_Party/LwIP/src/netif/slipif.c ****  *
 166:Middlewares/Third_Party/LwIP/src/netif/slipif.c ****  * @param netif the lwip network interface structure for this slipif
 167:Middlewares/Third_Party/LwIP/src/netif/slipif.c ****  * @param p the pbuf chain packet to send
 168:Middlewares/Third_Party/LwIP/src/netif/slipif.c ****  * @param ipaddr the ip address to send the packet to (not used for slipif)
 169:Middlewares/Third_Party/LwIP/src/netif/slipif.c ****  * @return always returns ERR_OK since the serial layer does not provide return values
 170:Middlewares/Third_Party/LwIP/src/netif/slipif.c ****  */
 171:Middlewares/Third_Party/LwIP/src/netif/slipif.c **** static err_t
 172:Middlewares/Third_Party/LwIP/src/netif/slipif.c **** slipif_output_v4(struct netif *netif, struct pbuf *p, const ip4_addr_t *ipaddr)
 173:Middlewares/Third_Party/LwIP/src/netif/slipif.c **** {
 174:Middlewares/Third_Party/LwIP/src/netif/slipif.c ****   LWIP_UNUSED_ARG(ipaddr);
ARM GAS  /tmp/ccrZ3T0r.s 			page 5


 175:Middlewares/Third_Party/LwIP/src/netif/slipif.c ****   return slipif_output(netif, p);
 176:Middlewares/Third_Party/LwIP/src/netif/slipif.c **** }
 177:Middlewares/Third_Party/LwIP/src/netif/slipif.c **** #endif /* LWIP_IPV4 */
 178:Middlewares/Third_Party/LwIP/src/netif/slipif.c **** 
 179:Middlewares/Third_Party/LwIP/src/netif/slipif.c **** #if LWIP_IPV6
 180:Middlewares/Third_Party/LwIP/src/netif/slipif.c **** /**
 181:Middlewares/Third_Party/LwIP/src/netif/slipif.c ****  * Send a pbuf doing the necessary SLIP encapsulation
 182:Middlewares/Third_Party/LwIP/src/netif/slipif.c ****  *
 183:Middlewares/Third_Party/LwIP/src/netif/slipif.c ****  * Uses the serial layer's sio_send()
 184:Middlewares/Third_Party/LwIP/src/netif/slipif.c ****  *
 185:Middlewares/Third_Party/LwIP/src/netif/slipif.c ****  * @param netif the lwip network interface structure for this slipif
 186:Middlewares/Third_Party/LwIP/src/netif/slipif.c ****  * @param p the pbuf chain packet to send
 187:Middlewares/Third_Party/LwIP/src/netif/slipif.c ****  * @param ipaddr the ip address to send the packet to (not used for slipif)
 188:Middlewares/Third_Party/LwIP/src/netif/slipif.c ****  * @return always returns ERR_OK since the serial layer does not provide return values
 189:Middlewares/Third_Party/LwIP/src/netif/slipif.c ****  */
 190:Middlewares/Third_Party/LwIP/src/netif/slipif.c **** static err_t
 191:Middlewares/Third_Party/LwIP/src/netif/slipif.c **** slipif_output_v6(struct netif *netif, struct pbuf *p, const ip6_addr_t *ipaddr)
 192:Middlewares/Third_Party/LwIP/src/netif/slipif.c **** {
 193:Middlewares/Third_Party/LwIP/src/netif/slipif.c ****   LWIP_UNUSED_ARG(ipaddr);
 194:Middlewares/Third_Party/LwIP/src/netif/slipif.c ****   return slipif_output(netif, p);
 195:Middlewares/Third_Party/LwIP/src/netif/slipif.c **** }
 196:Middlewares/Third_Party/LwIP/src/netif/slipif.c **** #endif /* LWIP_IPV6 */
 197:Middlewares/Third_Party/LwIP/src/netif/slipif.c **** 
 198:Middlewares/Third_Party/LwIP/src/netif/slipif.c **** /**
 199:Middlewares/Third_Party/LwIP/src/netif/slipif.c ****  * Handle the incoming SLIP stream character by character
 200:Middlewares/Third_Party/LwIP/src/netif/slipif.c ****  *
 201:Middlewares/Third_Party/LwIP/src/netif/slipif.c ****  * @param netif the lwip network interface structure for this slipif
 202:Middlewares/Third_Party/LwIP/src/netif/slipif.c ****  * @param c received character (multiple calls to this function will
 203:Middlewares/Third_Party/LwIP/src/netif/slipif.c ****  *        return a complete packet, NULL is returned before - used for polling)
 204:Middlewares/Third_Party/LwIP/src/netif/slipif.c ****  * @return The IP packet when SLIP_END is received
 205:Middlewares/Third_Party/LwIP/src/netif/slipif.c ****  */
 206:Middlewares/Third_Party/LwIP/src/netif/slipif.c **** static struct pbuf *
 207:Middlewares/Third_Party/LwIP/src/netif/slipif.c **** slipif_rxbyte(struct netif *netif, u8_t c)
 208:Middlewares/Third_Party/LwIP/src/netif/slipif.c **** {
  41              		.loc 1 208 1 view -0
  42              		.cfi_startproc
  43              		@ args = 0, pretend = 0, frame = 0
  44              		@ frame_needed = 0, uses_anonymous_args = 0
  45              		.loc 1 208 1 is_stmt 0 view .LVU1
  46 0000 38B5     		push	{r3, r4, r5, lr}
  47              	.LCFI0:
  48              		.cfi_def_cfa_offset 16
  49              		.cfi_offset 3, -16
  50              		.cfi_offset 4, -12
  51              		.cfi_offset 5, -8
  52              		.cfi_offset 14, -4
  53 0002 0D46     		mov	r5, r1
 209:Middlewares/Third_Party/LwIP/src/netif/slipif.c ****   struct slipif_priv *priv;
  54              		.loc 1 209 3 is_stmt 1 view .LVU2
 210:Middlewares/Third_Party/LwIP/src/netif/slipif.c ****   struct pbuf *t;
  55              		.loc 1 210 3 view .LVU3
 211:Middlewares/Third_Party/LwIP/src/netif/slipif.c **** 
 212:Middlewares/Third_Party/LwIP/src/netif/slipif.c ****   LWIP_ASSERT("netif != NULL", (netif != NULL));
  56              		.loc 1 212 3 view .LVU4
  57              		.loc 1 212 3 view .LVU5
  58 0004 0446     		mov	r4, r0
  59 0006 0028     		cmp	r0, #0
ARM GAS  /tmp/ccrZ3T0r.s 			page 6


  60 0008 2CD0     		beq	.L19
  61              	.LVL1:
  62              	.L2:
  63              		.loc 1 212 3 discriminator 3 view .LVU6
  64              		.loc 1 212 3 discriminator 3 view .LVU7
 213:Middlewares/Third_Party/LwIP/src/netif/slipif.c ****   LWIP_ASSERT("netif->state != NULL", (netif->state != NULL));
  65              		.loc 1 213 3 discriminator 3 view .LVU8
  66              		.loc 1 213 3 discriminator 3 view .LVU9
  67 000a 236A     		ldr	r3, [r4, #32]
  68 000c 002B     		cmp	r3, #0
  69 000e 30D0     		beq	.L20
  70              	.L3:
  71              		.loc 1 213 3 discriminator 3 view .LVU10
  72              		.loc 1 213 3 discriminator 3 view .LVU11
 214:Middlewares/Third_Party/LwIP/src/netif/slipif.c **** 
 215:Middlewares/Third_Party/LwIP/src/netif/slipif.c ****   priv = (struct slipif_priv *)netif->state;
  73              		.loc 1 215 3 discriminator 3 view .LVU12
  74              		.loc 1 215 8 is_stmt 0 discriminator 3 view .LVU13
  75 0010 246A     		ldr	r4, [r4, #32]
  76              	.LVL2:
 216:Middlewares/Third_Party/LwIP/src/netif/slipif.c **** 
 217:Middlewares/Third_Party/LwIP/src/netif/slipif.c ****   switch (priv->state) {
  77              		.loc 1 217 3 is_stmt 1 discriminator 3 view .LVU14
  78              		.loc 1 217 15 is_stmt 0 discriminator 3 view .LVU15
  79 0012 237B     		ldrb	r3, [r4, #12]	@ zero_extendqisi2
  80              		.loc 1 217 3 discriminator 3 view .LVU16
  81 0014 002B     		cmp	r3, #0
  82 0016 33D0     		beq	.L4
  83              		.loc 1 217 3 view .LVU17
  84 0018 012B     		cmp	r3, #1
  85 001a 47D0     		beq	.L5
  86              	.LVL3:
  87              	.L6:
 218:Middlewares/Third_Party/LwIP/src/netif/slipif.c ****     case SLIP_RECV_NORMAL:
 219:Middlewares/Third_Party/LwIP/src/netif/slipif.c ****       switch (c) {
 220:Middlewares/Third_Party/LwIP/src/netif/slipif.c ****         case SLIP_END:
 221:Middlewares/Third_Party/LwIP/src/netif/slipif.c ****           if (priv->recved > 0) {
 222:Middlewares/Third_Party/LwIP/src/netif/slipif.c ****             /* Received whole packet. */
 223:Middlewares/Third_Party/LwIP/src/netif/slipif.c ****             /* Trim the pbuf to the size of the received packet. */
 224:Middlewares/Third_Party/LwIP/src/netif/slipif.c ****             pbuf_realloc(priv->q, priv->recved);
 225:Middlewares/Third_Party/LwIP/src/netif/slipif.c **** 
 226:Middlewares/Third_Party/LwIP/src/netif/slipif.c ****             LINK_STATS_INC(link.recv);
 227:Middlewares/Third_Party/LwIP/src/netif/slipif.c **** 
 228:Middlewares/Third_Party/LwIP/src/netif/slipif.c ****             LWIP_DEBUGF(SLIP_DEBUG, ("slipif: Got packet (%"U16_F" bytes)\n", priv->recved));
 229:Middlewares/Third_Party/LwIP/src/netif/slipif.c ****             t = priv->q;
 230:Middlewares/Third_Party/LwIP/src/netif/slipif.c ****             priv->p = priv->q = NULL;
 231:Middlewares/Third_Party/LwIP/src/netif/slipif.c ****             priv->i = priv->recved = 0;
 232:Middlewares/Third_Party/LwIP/src/netif/slipif.c ****             return t;
 233:Middlewares/Third_Party/LwIP/src/netif/slipif.c ****           }
 234:Middlewares/Third_Party/LwIP/src/netif/slipif.c ****           return NULL;
 235:Middlewares/Third_Party/LwIP/src/netif/slipif.c ****         case SLIP_ESC:
 236:Middlewares/Third_Party/LwIP/src/netif/slipif.c ****           priv->state = SLIP_RECV_ESCAPE;
 237:Middlewares/Third_Party/LwIP/src/netif/slipif.c ****           return NULL;
 238:Middlewares/Third_Party/LwIP/src/netif/slipif.c ****         default:
 239:Middlewares/Third_Party/LwIP/src/netif/slipif.c ****           break;
 240:Middlewares/Third_Party/LwIP/src/netif/slipif.c ****       } /* end switch (c) */
 241:Middlewares/Third_Party/LwIP/src/netif/slipif.c ****       break;
ARM GAS  /tmp/ccrZ3T0r.s 			page 7


 242:Middlewares/Third_Party/LwIP/src/netif/slipif.c ****     case SLIP_RECV_ESCAPE:
 243:Middlewares/Third_Party/LwIP/src/netif/slipif.c ****       /* un-escape END or ESC bytes, leave other bytes
 244:Middlewares/Third_Party/LwIP/src/netif/slipif.c ****          (although that would be a protocol error) */
 245:Middlewares/Third_Party/LwIP/src/netif/slipif.c ****       switch (c) {
 246:Middlewares/Third_Party/LwIP/src/netif/slipif.c ****         case SLIP_ESC_END:
 247:Middlewares/Third_Party/LwIP/src/netif/slipif.c ****           c = SLIP_END;
 248:Middlewares/Third_Party/LwIP/src/netif/slipif.c ****           break;
 249:Middlewares/Third_Party/LwIP/src/netif/slipif.c ****         case SLIP_ESC_ESC:
 250:Middlewares/Third_Party/LwIP/src/netif/slipif.c ****           c = SLIP_ESC;
 251:Middlewares/Third_Party/LwIP/src/netif/slipif.c ****           break;
 252:Middlewares/Third_Party/LwIP/src/netif/slipif.c ****         default:
 253:Middlewares/Third_Party/LwIP/src/netif/slipif.c ****           break;
 254:Middlewares/Third_Party/LwIP/src/netif/slipif.c ****       }
 255:Middlewares/Third_Party/LwIP/src/netif/slipif.c ****       priv->state = SLIP_RECV_NORMAL;
 256:Middlewares/Third_Party/LwIP/src/netif/slipif.c ****       break;
 257:Middlewares/Third_Party/LwIP/src/netif/slipif.c ****     default:
 258:Middlewares/Third_Party/LwIP/src/netif/slipif.c ****       break;
 259:Middlewares/Third_Party/LwIP/src/netif/slipif.c ****   } /* end switch (priv->state) */
 260:Middlewares/Third_Party/LwIP/src/netif/slipif.c **** 
 261:Middlewares/Third_Party/LwIP/src/netif/slipif.c ****   /* byte received, packet not yet completely received */
 262:Middlewares/Third_Party/LwIP/src/netif/slipif.c ****   if (priv->p == NULL) {
  88              		.loc 1 262 3 is_stmt 1 view .LVU18
  89              		.loc 1 262 11 is_stmt 0 view .LVU19
  90 001c 6368     		ldr	r3, [r4, #4]
  91              		.loc 1 262 6 view .LVU20
  92 001e 002B     		cmp	r3, #0
  93 0020 4ED0     		beq	.L21
  94              	.L11:
 263:Middlewares/Third_Party/LwIP/src/netif/slipif.c ****     /* allocate a new pbuf */
 264:Middlewares/Third_Party/LwIP/src/netif/slipif.c ****     LWIP_DEBUGF(SLIP_DEBUG, ("slipif_input: alloc\n"));
 265:Middlewares/Third_Party/LwIP/src/netif/slipif.c ****     priv->p = pbuf_alloc(PBUF_LINK, (PBUF_POOL_BUFSIZE - PBUF_LINK_HLEN - PBUF_LINK_ENCAPSULATION_H
 266:Middlewares/Third_Party/LwIP/src/netif/slipif.c **** 
 267:Middlewares/Third_Party/LwIP/src/netif/slipif.c ****     if (priv->p == NULL) {
 268:Middlewares/Third_Party/LwIP/src/netif/slipif.c ****       LINK_STATS_INC(link.drop);
 269:Middlewares/Third_Party/LwIP/src/netif/slipif.c ****       LWIP_DEBUGF(SLIP_DEBUG, ("slipif_input: no new pbuf! (DROP)\n"));
 270:Middlewares/Third_Party/LwIP/src/netif/slipif.c ****       /* don't process any further since we got no pbuf to receive to */
 271:Middlewares/Third_Party/LwIP/src/netif/slipif.c ****       return NULL;
 272:Middlewares/Third_Party/LwIP/src/netif/slipif.c ****     }
 273:Middlewares/Third_Party/LwIP/src/netif/slipif.c **** 
 274:Middlewares/Third_Party/LwIP/src/netif/slipif.c ****     if (priv->q != NULL) {
 275:Middlewares/Third_Party/LwIP/src/netif/slipif.c ****       /* 'chain' the pbuf to the existing chain */
 276:Middlewares/Third_Party/LwIP/src/netif/slipif.c ****       pbuf_cat(priv->q, priv->p);
 277:Middlewares/Third_Party/LwIP/src/netif/slipif.c ****     } else {
 278:Middlewares/Third_Party/LwIP/src/netif/slipif.c ****       /* p is the first pbuf in the chain */
 279:Middlewares/Third_Party/LwIP/src/netif/slipif.c ****       priv->q = priv->p;
 280:Middlewares/Third_Party/LwIP/src/netif/slipif.c ****     }
 281:Middlewares/Third_Party/LwIP/src/netif/slipif.c ****   }
 282:Middlewares/Third_Party/LwIP/src/netif/slipif.c **** 
 283:Middlewares/Third_Party/LwIP/src/netif/slipif.c ****   /* this automatically drops bytes if > SLIP_MAX_SIZE */
 284:Middlewares/Third_Party/LwIP/src/netif/slipif.c ****   if ((priv->p != NULL) && (priv->recved <= SLIP_MAX_SIZE)) {
  95              		.loc 1 284 3 is_stmt 1 view .LVU21
  96              		.loc 1 284 12 is_stmt 0 view .LVU22
  97 0022 6068     		ldr	r0, [r4, #4]
  98              		.loc 1 284 6 view .LVU23
  99 0024 0028     		cmp	r0, #0
 100 0026 61D0     		beq	.L1
 101              		.loc 1 284 33 discriminator 1 view .LVU24
ARM GAS  /tmp/ccrZ3T0r.s 			page 8


 102 0028 228A     		ldrh	r2, [r4, #16]
 103              		.loc 1 284 25 discriminator 1 view .LVU25
 104 002a 40F2DC53 		movw	r3, #1500
 105 002e 9A42     		cmp	r2, r3
 106 0030 5BD8     		bhi	.L16
 285:Middlewares/Third_Party/LwIP/src/netif/slipif.c ****     ((u8_t *)priv->p->payload)[priv->i] = c;
 107              		.loc 1 285 5 is_stmt 1 view .LVU26
 108              		.loc 1 285 21 is_stmt 0 view .LVU27
 109 0032 4268     		ldr	r2, [r0, #4]
 110              		.loc 1 285 36 view .LVU28
 111 0034 E389     		ldrh	r3, [r4, #14]
 112              		.loc 1 285 41 view .LVU29
 113 0036 D554     		strb	r5, [r2, r3]
 286:Middlewares/Third_Party/LwIP/src/netif/slipif.c ****     priv->recved++;
 114              		.loc 1 286 5 is_stmt 1 view .LVU30
 115              		.loc 1 286 9 is_stmt 0 view .LVU31
 116 0038 238A     		ldrh	r3, [r4, #16]
 117              		.loc 1 286 17 view .LVU32
 118 003a 0133     		adds	r3, r3, #1
 119 003c 2382     		strh	r3, [r4, #16]	@ movhi
 287:Middlewares/Third_Party/LwIP/src/netif/slipif.c ****     priv->i++;
 120              		.loc 1 287 5 is_stmt 1 view .LVU33
 121              		.loc 1 287 9 is_stmt 0 view .LVU34
 122 003e E389     		ldrh	r3, [r4, #14]
 123              		.loc 1 287 12 view .LVU35
 124 0040 0133     		adds	r3, r3, #1
 125 0042 9BB2     		uxth	r3, r3
 126 0044 E381     		strh	r3, [r4, #14]	@ movhi
 288:Middlewares/Third_Party/LwIP/src/netif/slipif.c ****     if (priv->i >= priv->p->len) {
 127              		.loc 1 288 5 is_stmt 1 view .LVU36
 128              		.loc 1 288 24 is_stmt 0 view .LVU37
 129 0046 6268     		ldr	r2, [r4, #4]
 130              		.loc 1 288 27 view .LVU38
 131 0048 5189     		ldrh	r1, [r2, #10]
 132              		.loc 1 288 8 view .LVU39
 133 004a 8B42     		cmp	r3, r1
 134 004c 4FD3     		bcc	.L17
 289:Middlewares/Third_Party/LwIP/src/netif/slipif.c ****       /* on to the next pbuf */
 290:Middlewares/Third_Party/LwIP/src/netif/slipif.c ****       priv->i = 0;
 135              		.loc 1 290 7 is_stmt 1 view .LVU40
 136              		.loc 1 290 15 is_stmt 0 view .LVU41
 137 004e 0023     		movs	r3, #0
 138 0050 E381     		strh	r3, [r4, #14]	@ movhi
 291:Middlewares/Third_Party/LwIP/src/netif/slipif.c ****       if (priv->p->next != NULL && priv->p->next->len > 0) {
 139              		.loc 1 291 7 is_stmt 1 view .LVU42
 140              		.loc 1 291 18 is_stmt 0 view .LVU43
 141 0052 1368     		ldr	r3, [r2]
 142              		.loc 1 291 10 view .LVU44
 143 0054 002B     		cmp	r3, #0
 144 0056 45D0     		beq	.L13
 145              		.loc 1 291 49 discriminator 1 view .LVU45
 146 0058 5A89     		ldrh	r2, [r3, #10]
 147              		.loc 1 291 33 discriminator 1 view .LVU46
 148 005a 002A     		cmp	r2, #0
 149 005c 42D0     		beq	.L13
 292:Middlewares/Third_Party/LwIP/src/netif/slipif.c ****         /* p is a chain, on to the next in the chain */
 293:Middlewares/Third_Party/LwIP/src/netif/slipif.c ****         priv->p = priv->p->next;
ARM GAS  /tmp/ccrZ3T0r.s 			page 9


 150              		.loc 1 293 9 is_stmt 1 view .LVU47
 151              		.loc 1 293 17 is_stmt 0 view .LVU48
 152 005e 6360     		str	r3, [r4, #4]
 294:Middlewares/Third_Party/LwIP/src/netif/slipif.c ****       } else {
 295:Middlewares/Third_Party/LwIP/src/netif/slipif.c ****         /* p is a single pbuf, set it to NULL so next time a new
 296:Middlewares/Third_Party/LwIP/src/netif/slipif.c ****          * pbuf is allocated */
 297:Middlewares/Third_Party/LwIP/src/netif/slipif.c ****         priv->p = NULL;
 298:Middlewares/Third_Party/LwIP/src/netif/slipif.c ****       }
 299:Middlewares/Third_Party/LwIP/src/netif/slipif.c ****     }
 300:Middlewares/Third_Party/LwIP/src/netif/slipif.c ****   }
 301:Middlewares/Third_Party/LwIP/src/netif/slipif.c ****   return NULL;
 153              		.loc 1 301 10 view .LVU49
 154 0060 0020     		movs	r0, #0
 293:Middlewares/Third_Party/LwIP/src/netif/slipif.c ****       } else {
 155              		.loc 1 293 17 view .LVU50
 156 0062 43E0     		b	.L1
 157              	.LVL4:
 158              	.L19:
 212:Middlewares/Third_Party/LwIP/src/netif/slipif.c ****   LWIP_ASSERT("netif->state != NULL", (netif->state != NULL));
 159              		.loc 1 212 3 is_stmt 1 discriminator 1 view .LVU51
 212:Middlewares/Third_Party/LwIP/src/netif/slipif.c ****   LWIP_ASSERT("netif->state != NULL", (netif->state != NULL));
 160              		.loc 1 212 3 discriminator 1 view .LVU52
 161 0064 234B     		ldr	r3, .L23
 162 0066 D422     		movs	r2, #212
 163 0068 2349     		ldr	r1, .L23+4
 164              	.LVL5:
 212:Middlewares/Third_Party/LwIP/src/netif/slipif.c ****   LWIP_ASSERT("netif->state != NULL", (netif->state != NULL));
 165              		.loc 1 212 3 is_stmt 0 discriminator 1 view .LVU53
 166 006a 2448     		ldr	r0, .L23+8
 167              	.LVL6:
 212:Middlewares/Third_Party/LwIP/src/netif/slipif.c ****   LWIP_ASSERT("netif->state != NULL", (netif->state != NULL));
 168              		.loc 1 212 3 discriminator 1 view .LVU54
 169 006c FFF7FEFF 		bl	printf
 170              	.LVL7:
 171 0070 CBE7     		b	.L2
 172              	.L20:
 213:Middlewares/Third_Party/LwIP/src/netif/slipif.c **** 
 173              		.loc 1 213 3 is_stmt 1 discriminator 1 view .LVU55
 213:Middlewares/Third_Party/LwIP/src/netif/slipif.c **** 
 174              		.loc 1 213 3 discriminator 1 view .LVU56
 175 0072 204B     		ldr	r3, .L23
 176 0074 D522     		movs	r2, #213
 177 0076 2249     		ldr	r1, .L23+12
 178 0078 2048     		ldr	r0, .L23+8
 179 007a FFF7FEFF 		bl	printf
 180              	.LVL8:
 181 007e C7E7     		b	.L3
 182              	.LVL9:
 183              	.L4:
 219:Middlewares/Third_Party/LwIP/src/netif/slipif.c ****         case SLIP_END:
 184              		.loc 1 219 7 view .LVU57
 185 0080 C02D     		cmp	r5, #192
 186 0082 05D0     		beq	.L7
 187 0084 DB2D     		cmp	r5, #219
 188 0086 C9D1     		bne	.L6
 236:Middlewares/Third_Party/LwIP/src/netif/slipif.c ****           return NULL;
 189              		.loc 1 236 11 view .LVU58
ARM GAS  /tmp/ccrZ3T0r.s 			page 10


 236:Middlewares/Third_Party/LwIP/src/netif/slipif.c ****           return NULL;
 190              		.loc 1 236 23 is_stmt 0 view .LVU59
 191 0088 0123     		movs	r3, #1
 192 008a 2373     		strb	r3, [r4, #12]
 237:Middlewares/Third_Party/LwIP/src/netif/slipif.c ****         default:
 193              		.loc 1 237 11 is_stmt 1 view .LVU60
 237:Middlewares/Third_Party/LwIP/src/netif/slipif.c ****         default:
 194              		.loc 1 237 18 is_stmt 0 view .LVU61
 195 008c 0020     		movs	r0, #0
 196 008e 2DE0     		b	.L1
 197              	.L7:
 221:Middlewares/Third_Party/LwIP/src/netif/slipif.c ****             /* Received whole packet. */
 198              		.loc 1 221 11 is_stmt 1 view .LVU62
 221:Middlewares/Third_Party/LwIP/src/netif/slipif.c ****             /* Received whole packet. */
 199              		.loc 1 221 19 is_stmt 0 view .LVU63
 200 0090 218A     		ldrh	r1, [r4, #16]
 221:Middlewares/Third_Party/LwIP/src/netif/slipif.c ****             /* Received whole packet. */
 201              		.loc 1 221 14 view .LVU64
 202 0092 09B9     		cbnz	r1, .L22
 234:Middlewares/Third_Party/LwIP/src/netif/slipif.c ****         case SLIP_ESC:
 203              		.loc 1 234 18 view .LVU65
 204 0094 0020     		movs	r0, #0
 205 0096 29E0     		b	.L1
 206              	.L22:
 224:Middlewares/Third_Party/LwIP/src/netif/slipif.c **** 
 207              		.loc 1 224 13 is_stmt 1 view .LVU66
 208 0098 A068     		ldr	r0, [r4, #8]
 209 009a FFF7FEFF 		bl	pbuf_realloc
 210              	.LVL10:
 226:Middlewares/Third_Party/LwIP/src/netif/slipif.c **** 
 211              		.loc 1 226 38 view .LVU67
 228:Middlewares/Third_Party/LwIP/src/netif/slipif.c ****             t = priv->q;
 212              		.loc 1 228 93 view .LVU68
 229:Middlewares/Third_Party/LwIP/src/netif/slipif.c ****             priv->p = priv->q = NULL;
 213              		.loc 1 229 13 view .LVU69
 229:Middlewares/Third_Party/LwIP/src/netif/slipif.c ****             priv->p = priv->q = NULL;
 214              		.loc 1 229 15 is_stmt 0 view .LVU70
 215 009e A068     		ldr	r0, [r4, #8]
 216              	.LVL11:
 230:Middlewares/Third_Party/LwIP/src/netif/slipif.c ****             priv->i = priv->recved = 0;
 217              		.loc 1 230 13 is_stmt 1 view .LVU71
 230:Middlewares/Third_Party/LwIP/src/netif/slipif.c ****             priv->i = priv->recved = 0;
 218              		.loc 1 230 31 is_stmt 0 view .LVU72
 219 00a0 0023     		movs	r3, #0
 220 00a2 A360     		str	r3, [r4, #8]
 230:Middlewares/Third_Party/LwIP/src/netif/slipif.c ****             priv->i = priv->recved = 0;
 221              		.loc 1 230 21 view .LVU73
 222 00a4 6360     		str	r3, [r4, #4]
 231:Middlewares/Third_Party/LwIP/src/netif/slipif.c ****             return t;
 223              		.loc 1 231 13 is_stmt 1 view .LVU74
 231:Middlewares/Third_Party/LwIP/src/netif/slipif.c ****             return t;
 224              		.loc 1 231 36 is_stmt 0 view .LVU75
 225 00a6 2382     		strh	r3, [r4, #16]	@ movhi
 231:Middlewares/Third_Party/LwIP/src/netif/slipif.c ****             return t;
 226              		.loc 1 231 21 view .LVU76
 227 00a8 E381     		strh	r3, [r4, #14]	@ movhi
 232:Middlewares/Third_Party/LwIP/src/netif/slipif.c ****           }
ARM GAS  /tmp/ccrZ3T0r.s 			page 11


 228              		.loc 1 232 13 is_stmt 1 view .LVU77
 232:Middlewares/Third_Party/LwIP/src/netif/slipif.c ****           }
 229              		.loc 1 232 20 is_stmt 0 view .LVU78
 230 00aa 1FE0     		b	.L1
 231              	.LVL12:
 232              	.L5:
 245:Middlewares/Third_Party/LwIP/src/netif/slipif.c ****         case SLIP_ESC_END:
 233              		.loc 1 245 7 is_stmt 1 view .LVU79
 234 00ac DC2D     		cmp	r5, #220
 235 00ae 05D0     		beq	.L15
 236 00b0 DD2D     		cmp	r5, #221
 237 00b2 00D1     		bne	.L10
 250:Middlewares/Third_Party/LwIP/src/netif/slipif.c ****           break;
 238              		.loc 1 250 13 is_stmt 0 view .LVU80
 239 00b4 DB25     		movs	r5, #219
 240              	.L10:
 241              	.LVL13:
 255:Middlewares/Third_Party/LwIP/src/netif/slipif.c ****       break;
 242              		.loc 1 255 7 is_stmt 1 view .LVU81
 255:Middlewares/Third_Party/LwIP/src/netif/slipif.c ****       break;
 243              		.loc 1 255 19 is_stmt 0 view .LVU82
 244 00b6 0023     		movs	r3, #0
 245 00b8 2373     		strb	r3, [r4, #12]
 256:Middlewares/Third_Party/LwIP/src/netif/slipif.c ****     default:
 246              		.loc 1 256 7 is_stmt 1 view .LVU83
 247 00ba AFE7     		b	.L6
 248              	.LVL14:
 249              	.L15:
 247:Middlewares/Third_Party/LwIP/src/netif/slipif.c ****           break;
 250              		.loc 1 247 13 is_stmt 0 view .LVU84
 251 00bc C025     		movs	r5, #192
 252 00be FAE7     		b	.L10
 253              	.LVL15:
 254              	.L21:
 264:Middlewares/Third_Party/LwIP/src/netif/slipif.c ****     priv->p = pbuf_alloc(PBUF_LINK, (PBUF_POOL_BUFSIZE - PBUF_LINK_HLEN - PBUF_LINK_ENCAPSULATION_H
 255              		.loc 1 264 55 is_stmt 1 view .LVU85
 265:Middlewares/Third_Party/LwIP/src/netif/slipif.c **** 
 256              		.loc 1 265 5 view .LVU86
 265:Middlewares/Third_Party/LwIP/src/netif/slipif.c **** 
 257              		.loc 1 265 15 is_stmt 0 view .LVU87
 258 00c0 4FF4C172 		mov	r2, #386
 259 00c4 40F2F251 		movw	r1, #1522
 260 00c8 0E20     		movs	r0, #14
 261 00ca FFF7FEFF 		bl	pbuf_alloc
 262              	.LVL16:
 265:Middlewares/Third_Party/LwIP/src/netif/slipif.c **** 
 263              		.loc 1 265 13 view .LVU88
 264 00ce 6060     		str	r0, [r4, #4]
 267:Middlewares/Third_Party/LwIP/src/netif/slipif.c ****       LINK_STATS_INC(link.drop);
 265              		.loc 1 267 5 is_stmt 1 view .LVU89
 267:Middlewares/Third_Party/LwIP/src/netif/slipif.c ****       LINK_STATS_INC(link.drop);
 266              		.loc 1 267 8 is_stmt 0 view .LVU90
 267 00d0 60B1     		cbz	r0, .L1
 274:Middlewares/Third_Party/LwIP/src/netif/slipif.c ****       /* 'chain' the pbuf to the existing chain */
 268              		.loc 1 274 5 is_stmt 1 view .LVU91
 274:Middlewares/Third_Party/LwIP/src/netif/slipif.c ****       /* 'chain' the pbuf to the existing chain */
 269              		.loc 1 274 13 is_stmt 0 view .LVU92
ARM GAS  /tmp/ccrZ3T0r.s 			page 12


 270 00d2 A368     		ldr	r3, [r4, #8]
 274:Middlewares/Third_Party/LwIP/src/netif/slipif.c ****       /* 'chain' the pbuf to the existing chain */
 271              		.loc 1 274 8 view .LVU93
 272 00d4 23B1     		cbz	r3, .L12
 276:Middlewares/Third_Party/LwIP/src/netif/slipif.c ****     } else {
 273              		.loc 1 276 7 is_stmt 1 view .LVU94
 274 00d6 0146     		mov	r1, r0
 275 00d8 1846     		mov	r0, r3
 276 00da FFF7FEFF 		bl	pbuf_cat
 277              	.LVL17:
 278 00de A0E7     		b	.L11
 279              	.L12:
 279:Middlewares/Third_Party/LwIP/src/netif/slipif.c ****     }
 280              		.loc 1 279 7 view .LVU95
 279:Middlewares/Third_Party/LwIP/src/netif/slipif.c ****     }
 281              		.loc 1 279 15 is_stmt 0 view .LVU96
 282 00e0 A060     		str	r0, [r4, #8]
 283 00e2 9EE7     		b	.L11
 284              	.L13:
 297:Middlewares/Third_Party/LwIP/src/netif/slipif.c ****       }
 285              		.loc 1 297 9 is_stmt 1 view .LVU97
 297:Middlewares/Third_Party/LwIP/src/netif/slipif.c ****       }
 286              		.loc 1 297 17 is_stmt 0 view .LVU98
 287 00e4 0020     		movs	r0, #0
 288 00e6 6060     		str	r0, [r4, #4]
 289 00e8 00E0     		b	.L1
 290              	.L16:
 291              		.loc 1 301 10 view .LVU99
 292 00ea 0020     		movs	r0, #0
 293              	.LVL18:
 294              	.L1:
 302:Middlewares/Third_Party/LwIP/src/netif/slipif.c **** }
 295              		.loc 1 302 1 view .LVU100
 296 00ec 38BD     		pop	{r3, r4, r5, pc}
 297              	.LVL19:
 298              	.L17:
 301:Middlewares/Third_Party/LwIP/src/netif/slipif.c **** }
 299              		.loc 1 301 10 view .LVU101
 300 00ee 0020     		movs	r0, #0
 301 00f0 FCE7     		b	.L1
 302              	.L24:
 303 00f2 00BF     		.align	2
 304              	.L23:
 305 00f4 00000000 		.word	.LC0
 306 00f8 30000000 		.word	.LC1
 307 00fc 40000000 		.word	.LC2
 308 0100 68000000 		.word	.LC3
 309              		.cfi_endproc
 310              	.LFE175:
 312              		.section	.text.slipif_rxbyte_input,"ax",%progbits
 313              		.align	1
 314              		.syntax unified
 315              		.thumb
 316              		.thumb_func
 317              		.fpu fpv5-d16
 319              	slipif_rxbyte_input:
 320              	.LVL20:
ARM GAS  /tmp/ccrZ3T0r.s 			page 13


 321              	.LFB176:
 303:Middlewares/Third_Party/LwIP/src/netif/slipif.c **** 
 304:Middlewares/Third_Party/LwIP/src/netif/slipif.c **** /** Like slipif_rxbyte, but passes completed packets to netif->input
 305:Middlewares/Third_Party/LwIP/src/netif/slipif.c ****  *
 306:Middlewares/Third_Party/LwIP/src/netif/slipif.c ****  * @param netif The lwip network interface structure for this slipif
 307:Middlewares/Third_Party/LwIP/src/netif/slipif.c ****  * @param c received character
 308:Middlewares/Third_Party/LwIP/src/netif/slipif.c ****  */
 309:Middlewares/Third_Party/LwIP/src/netif/slipif.c **** static void
 310:Middlewares/Third_Party/LwIP/src/netif/slipif.c **** slipif_rxbyte_input(struct netif *netif, u8_t c)
 311:Middlewares/Third_Party/LwIP/src/netif/slipif.c **** {
 322              		.loc 1 311 1 is_stmt 1 view -0
 323              		.cfi_startproc
 324              		@ args = 0, pretend = 0, frame = 0
 325              		@ frame_needed = 0, uses_anonymous_args = 0
 326              		.loc 1 311 1 is_stmt 0 view .LVU103
 327 0000 38B5     		push	{r3, r4, r5, lr}
 328              	.LCFI1:
 329              		.cfi_def_cfa_offset 16
 330              		.cfi_offset 3, -16
 331              		.cfi_offset 4, -12
 332              		.cfi_offset 5, -8
 333              		.cfi_offset 14, -4
 334 0002 0446     		mov	r4, r0
 312:Middlewares/Third_Party/LwIP/src/netif/slipif.c ****   struct pbuf *p;
 335              		.loc 1 312 3 is_stmt 1 view .LVU104
 313:Middlewares/Third_Party/LwIP/src/netif/slipif.c ****   p = slipif_rxbyte(netif, c);
 336              		.loc 1 313 3 view .LVU105
 337              		.loc 1 313 7 is_stmt 0 view .LVU106
 338 0004 FFF7FEFF 		bl	slipif_rxbyte
 339              	.LVL21:
 314:Middlewares/Third_Party/LwIP/src/netif/slipif.c ****   if (p != NULL) {
 340              		.loc 1 314 3 is_stmt 1 view .LVU107
 341              		.loc 1 314 6 is_stmt 0 view .LVU108
 342 0008 20B1     		cbz	r0, .L25
 343 000a 0546     		mov	r5, r0
 315:Middlewares/Third_Party/LwIP/src/netif/slipif.c ****     if (netif->input(p, netif) != ERR_OK) {
 344              		.loc 1 315 5 is_stmt 1 view .LVU109
 345              		.loc 1 315 14 is_stmt 0 view .LVU110
 346 000c 2369     		ldr	r3, [r4, #16]
 347              		.loc 1 315 9 view .LVU111
 348 000e 2146     		mov	r1, r4
 349 0010 9847     		blx	r3
 350              	.LVL22:
 351              		.loc 1 315 8 view .LVU112
 352 0012 00B9     		cbnz	r0, .L28
 353              	.LVL23:
 354              	.L25:
 316:Middlewares/Third_Party/LwIP/src/netif/slipif.c ****       pbuf_free(p);
 317:Middlewares/Third_Party/LwIP/src/netif/slipif.c ****     }
 318:Middlewares/Third_Party/LwIP/src/netif/slipif.c ****   }
 319:Middlewares/Third_Party/LwIP/src/netif/slipif.c **** }
 355              		.loc 1 319 1 view .LVU113
 356 0014 38BD     		pop	{r3, r4, r5, pc}
 357              	.LVL24:
 358              	.L28:
 316:Middlewares/Third_Party/LwIP/src/netif/slipif.c ****       pbuf_free(p);
 359              		.loc 1 316 7 is_stmt 1 view .LVU114
ARM GAS  /tmp/ccrZ3T0r.s 			page 14


 360 0016 2846     		mov	r0, r5
 361 0018 FFF7FEFF 		bl	pbuf_free
 362              	.LVL25:
 363              		.loc 1 319 1 is_stmt 0 view .LVU115
 364 001c FAE7     		b	.L25
 365              		.cfi_endproc
 366              	.LFE176:
 368              		.section	.text.slipif_loop_thread,"ax",%progbits
 369              		.align	1
 370              		.syntax unified
 371              		.thumb
 372              		.thumb_func
 373              		.fpu fpv5-d16
 375              	slipif_loop_thread:
 376              	.LVL26:
 377              	.LFB177:
 320:Middlewares/Third_Party/LwIP/src/netif/slipif.c **** 
 321:Middlewares/Third_Party/LwIP/src/netif/slipif.c **** #if SLIP_USE_RX_THREAD
 322:Middlewares/Third_Party/LwIP/src/netif/slipif.c **** /**
 323:Middlewares/Third_Party/LwIP/src/netif/slipif.c ****  * The SLIP input thread.
 324:Middlewares/Third_Party/LwIP/src/netif/slipif.c ****  *
 325:Middlewares/Third_Party/LwIP/src/netif/slipif.c ****  * Feed the IP layer with incoming packets
 326:Middlewares/Third_Party/LwIP/src/netif/slipif.c ****  *
 327:Middlewares/Third_Party/LwIP/src/netif/slipif.c ****  * @param nf the lwip network interface structure for this slipif
 328:Middlewares/Third_Party/LwIP/src/netif/slipif.c ****  */
 329:Middlewares/Third_Party/LwIP/src/netif/slipif.c **** static void
 330:Middlewares/Third_Party/LwIP/src/netif/slipif.c **** slipif_loop_thread(void *nf)
 331:Middlewares/Third_Party/LwIP/src/netif/slipif.c **** {
 378              		.loc 1 331 1 is_stmt 1 view -0
 379              		.cfi_startproc
 380              		@ args = 0, pretend = 0, frame = 8
 381              		@ frame_needed = 0, uses_anonymous_args = 0
 382              		.loc 1 331 1 is_stmt 0 view .LVU117
 383 0000 30B5     		push	{r4, r5, lr}
 384              	.LCFI2:
 385              		.cfi_def_cfa_offset 12
 386              		.cfi_offset 4, -12
 387              		.cfi_offset 5, -8
 388              		.cfi_offset 14, -4
 389 0002 83B0     		sub	sp, sp, #12
 390              	.LCFI3:
 391              		.cfi_def_cfa_offset 24
 392 0004 0546     		mov	r5, r0
 332:Middlewares/Third_Party/LwIP/src/netif/slipif.c ****   u8_t c;
 393              		.loc 1 332 3 is_stmt 1 view .LVU118
 333:Middlewares/Third_Party/LwIP/src/netif/slipif.c ****   struct netif *netif = (struct netif *)nf;
 394              		.loc 1 333 3 view .LVU119
 395              	.LVL27:
 334:Middlewares/Third_Party/LwIP/src/netif/slipif.c ****   struct slipif_priv *priv = (struct slipif_priv *)netif->state;
 396              		.loc 1 334 3 view .LVU120
 397              		.loc 1 334 23 is_stmt 0 view .LVU121
 398 0006 046A     		ldr	r4, [r0, #32]
 399              	.LVL28:
 400              	.L30:
 335:Middlewares/Third_Party/LwIP/src/netif/slipif.c **** 
 336:Middlewares/Third_Party/LwIP/src/netif/slipif.c ****   while (1) {
 401              		.loc 1 336 3 is_stmt 1 view .LVU122
ARM GAS  /tmp/ccrZ3T0r.s 			page 15


 337:Middlewares/Third_Party/LwIP/src/netif/slipif.c ****     if (sio_read(priv->sd, &c, 1) > 0) {
 402              		.loc 1 337 5 view .LVU123
 403              		.loc 1 337 9 is_stmt 0 view .LVU124
 404 0008 0122     		movs	r2, #1
 405 000a 0DF10701 		add	r1, sp, #7
 406 000e 2068     		ldr	r0, [r4]
 407 0010 FFF7FEFF 		bl	sio_read
 408              	.LVL29:
 409              		.loc 1 337 8 view .LVU125
 410 0014 0028     		cmp	r0, #0
 411 0016 F7D0     		beq	.L30
 338:Middlewares/Third_Party/LwIP/src/netif/slipif.c ****       slipif_rxbyte_input(netif, c);
 412              		.loc 1 338 7 is_stmt 1 view .LVU126
 413 0018 9DF80710 		ldrb	r1, [sp, #7]	@ zero_extendqisi2
 414 001c 2846     		mov	r0, r5
 415 001e FFF7FEFF 		bl	slipif_rxbyte_input
 416              	.LVL30:
 417 0022 F1E7     		b	.L30
 418              		.cfi_endproc
 419              	.LFE177:
 421              		.section	.rodata.slipif_output.str1.4,"aMS",%progbits,1
 422              		.align	2
 423              	.LC4:
 424 0000 7020213D 		.ascii	"p != NULL\000"
 424      204E554C 
 424      4C00
 425              		.section	.text.slipif_output,"ax",%progbits
 426              		.align	1
 427              		.syntax unified
 428              		.thumb
 429              		.thumb_func
 430              		.fpu fpv5-d16
 432              	slipif_output:
 433              	.LVL31:
 434              	.LFB173:
 117:Middlewares/Third_Party/LwIP/src/netif/slipif.c ****   struct slipif_priv *priv;
 435              		.loc 1 117 1 view -0
 436              		.cfi_startproc
 437              		@ args = 0, pretend = 0, frame = 0
 438              		@ frame_needed = 0, uses_anonymous_args = 0
 117:Middlewares/Third_Party/LwIP/src/netif/slipif.c ****   struct slipif_priv *priv;
 439              		.loc 1 117 1 is_stmt 0 view .LVU128
 440 0000 70B5     		push	{r4, r5, r6, lr}
 441              	.LCFI4:
 442              		.cfi_def_cfa_offset 16
 443              		.cfi_offset 4, -16
 444              		.cfi_offset 5, -12
 445              		.cfi_offset 6, -8
 446              		.cfi_offset 14, -4
 447 0002 0D46     		mov	r5, r1
 118:Middlewares/Third_Party/LwIP/src/netif/slipif.c ****   struct pbuf *q;
 448              		.loc 1 118 3 is_stmt 1 view .LVU129
 119:Middlewares/Third_Party/LwIP/src/netif/slipif.c ****   u16_t i;
 449              		.loc 1 119 3 view .LVU130
 120:Middlewares/Third_Party/LwIP/src/netif/slipif.c ****   u8_t c;
 450              		.loc 1 120 3 view .LVU131
 121:Middlewares/Third_Party/LwIP/src/netif/slipif.c **** 
ARM GAS  /tmp/ccrZ3T0r.s 			page 16


 451              		.loc 1 121 3 view .LVU132
 123:Middlewares/Third_Party/LwIP/src/netif/slipif.c ****   LWIP_ASSERT("netif->state != NULL", (netif->state != NULL));
 452              		.loc 1 123 3 view .LVU133
 123:Middlewares/Third_Party/LwIP/src/netif/slipif.c ****   LWIP_ASSERT("netif->state != NULL", (netif->state != NULL));
 453              		.loc 1 123 3 view .LVU134
 454 0004 0446     		mov	r4, r0
 455 0006 40B1     		cbz	r0, .L47
 456              	.LVL32:
 457              	.L34:
 123:Middlewares/Third_Party/LwIP/src/netif/slipif.c ****   LWIP_ASSERT("netif->state != NULL", (netif->state != NULL));
 458              		.loc 1 123 3 discriminator 3 view .LVU135
 123:Middlewares/Third_Party/LwIP/src/netif/slipif.c ****   LWIP_ASSERT("netif->state != NULL", (netif->state != NULL));
 459              		.loc 1 123 3 discriminator 3 view .LVU136
 124:Middlewares/Third_Party/LwIP/src/netif/slipif.c ****   LWIP_ASSERT("p != NULL", (p != NULL));
 460              		.loc 1 124 3 discriminator 3 view .LVU137
 124:Middlewares/Third_Party/LwIP/src/netif/slipif.c ****   LWIP_ASSERT("p != NULL", (p != NULL));
 461              		.loc 1 124 3 discriminator 3 view .LVU138
 462 0008 236A     		ldr	r3, [r4, #32]
 463 000a 6BB1     		cbz	r3, .L48
 464              	.L35:
 124:Middlewares/Third_Party/LwIP/src/netif/slipif.c ****   LWIP_ASSERT("p != NULL", (p != NULL));
 465              		.loc 1 124 3 discriminator 3 view .LVU139
 124:Middlewares/Third_Party/LwIP/src/netif/slipif.c ****   LWIP_ASSERT("p != NULL", (p != NULL));
 466              		.loc 1 124 3 discriminator 3 view .LVU140
 125:Middlewares/Third_Party/LwIP/src/netif/slipif.c **** 
 467              		.loc 1 125 3 discriminator 3 view .LVU141
 125:Middlewares/Third_Party/LwIP/src/netif/slipif.c **** 
 468              		.loc 1 125 3 discriminator 3 view .LVU142
 469 000c 9DB1     		cbz	r5, .L49
 470              	.L36:
 125:Middlewares/Third_Party/LwIP/src/netif/slipif.c **** 
 471              		.loc 1 125 3 discriminator 3 view .LVU143
 125:Middlewares/Third_Party/LwIP/src/netif/slipif.c **** 
 472              		.loc 1 125 3 discriminator 3 view .LVU144
 127:Middlewares/Third_Party/LwIP/src/netif/slipif.c ****   priv = (struct slipif_priv *)netif->state;
 473              		.loc 1 127 83 discriminator 3 view .LVU145
 128:Middlewares/Third_Party/LwIP/src/netif/slipif.c **** 
 474              		.loc 1 128 3 discriminator 3 view .LVU146
 128:Middlewares/Third_Party/LwIP/src/netif/slipif.c **** 
 475              		.loc 1 128 8 is_stmt 0 discriminator 3 view .LVU147
 476 000e 266A     		ldr	r6, [r4, #32]
 477              	.LVL33:
 132:Middlewares/Third_Party/LwIP/src/netif/slipif.c **** 
 478              		.loc 1 132 3 is_stmt 1 discriminator 3 view .LVU148
 479 0010 3168     		ldr	r1, [r6]
 480 0012 C020     		movs	r0, #192
 481 0014 FFF7FEFF 		bl	sio_send
 482              	.LVL34:
 134:Middlewares/Third_Party/LwIP/src/netif/slipif.c ****     for (i = 0; i < q->len; i++) {
 483              		.loc 1 134 3 discriminator 3 view .LVU149
 134:Middlewares/Third_Party/LwIP/src/netif/slipif.c ****     for (i = 0; i < q->len; i++) {
 484              		.loc 1 134 3 is_stmt 0 discriminator 3 view .LVU150
 485 0018 35E0     		b	.L37
 486              	.LVL35:
 487              	.L47:
 123:Middlewares/Third_Party/LwIP/src/netif/slipif.c ****   LWIP_ASSERT("netif->state != NULL", (netif->state != NULL));
 488              		.loc 1 123 3 is_stmt 1 discriminator 1 view .LVU151
ARM GAS  /tmp/ccrZ3T0r.s 			page 17


 123:Middlewares/Third_Party/LwIP/src/netif/slipif.c ****   LWIP_ASSERT("netif->state != NULL", (netif->state != NULL));
 489              		.loc 1 123 3 discriminator 1 view .LVU152
 490 001a 1F4B     		ldr	r3, .L52
 491 001c 7B22     		movs	r2, #123
 492 001e 1F49     		ldr	r1, .L52+4
 493              	.LVL36:
 123:Middlewares/Third_Party/LwIP/src/netif/slipif.c ****   LWIP_ASSERT("netif->state != NULL", (netif->state != NULL));
 494              		.loc 1 123 3 is_stmt 0 discriminator 1 view .LVU153
 495 0020 1F48     		ldr	r0, .L52+8
 496              	.LVL37:
 123:Middlewares/Third_Party/LwIP/src/netif/slipif.c ****   LWIP_ASSERT("netif->state != NULL", (netif->state != NULL));
 497              		.loc 1 123 3 discriminator 1 view .LVU154
 498 0022 FFF7FEFF 		bl	printf
 499              	.LVL38:
 500 0026 EFE7     		b	.L34
 501              	.L48:
 124:Middlewares/Third_Party/LwIP/src/netif/slipif.c ****   LWIP_ASSERT("p != NULL", (p != NULL));
 502              		.loc 1 124 3 is_stmt 1 discriminator 1 view .LVU155
 124:Middlewares/Third_Party/LwIP/src/netif/slipif.c ****   LWIP_ASSERT("p != NULL", (p != NULL));
 503              		.loc 1 124 3 discriminator 1 view .LVU156
 504 0028 1B4B     		ldr	r3, .L52
 505 002a 7C22     		movs	r2, #124
 506 002c 1D49     		ldr	r1, .L52+12
 507 002e 1C48     		ldr	r0, .L52+8
 508 0030 FFF7FEFF 		bl	printf
 509              	.LVL39:
 510 0034 EAE7     		b	.L35
 511              	.L49:
 125:Middlewares/Third_Party/LwIP/src/netif/slipif.c **** 
 512              		.loc 1 125 3 discriminator 1 view .LVU157
 125:Middlewares/Third_Party/LwIP/src/netif/slipif.c **** 
 513              		.loc 1 125 3 discriminator 1 view .LVU158
 514 0036 184B     		ldr	r3, .L52
 515 0038 7D22     		movs	r2, #125
 516 003a 1B49     		ldr	r1, .L52+16
 517 003c 1848     		ldr	r0, .L52+8
 518 003e FFF7FEFF 		bl	printf
 519              	.LVL40:
 520 0042 E4E7     		b	.L36
 521              	.LVL41:
 522              	.L38:
 140:Middlewares/Third_Party/LwIP/src/netif/slipif.c ****           sio_send(SLIP_ESC_END, priv->sd);
 523              		.loc 1 140 11 view .LVU159
 524 0044 3168     		ldr	r1, [r6]
 525 0046 DB20     		movs	r0, #219
 526              	.LVL42:
 140:Middlewares/Third_Party/LwIP/src/netif/slipif.c ****           sio_send(SLIP_ESC_END, priv->sd);
 527              		.loc 1 140 11 is_stmt 0 view .LVU160
 528 0048 FFF7FEFF 		bl	sio_send
 529              	.LVL43:
 141:Middlewares/Third_Party/LwIP/src/netif/slipif.c ****           break;
 530              		.loc 1 141 11 is_stmt 1 view .LVU161
 531 004c 3168     		ldr	r1, [r6]
 532 004e DC20     		movs	r0, #220
 533 0050 FFF7FEFF 		bl	sio_send
 534              	.LVL44:
 142:Middlewares/Third_Party/LwIP/src/netif/slipif.c ****         case SLIP_ESC:
ARM GAS  /tmp/ccrZ3T0r.s 			page 18


 535              		.loc 1 142 11 view .LVU162
 536              	.L41:
 135:Middlewares/Third_Party/LwIP/src/netif/slipif.c ****       c = ((u8_t *)q->payload)[i];
 537              		.loc 1 135 29 discriminator 2 view .LVU163
 135:Middlewares/Third_Party/LwIP/src/netif/slipif.c ****       c = ((u8_t *)q->payload)[i];
 538              		.loc 1 135 30 is_stmt 0 discriminator 2 view .LVU164
 539 0054 0134     		adds	r4, r4, #1
 540              	.LVL45:
 135:Middlewares/Third_Party/LwIP/src/netif/slipif.c ****       c = ((u8_t *)q->payload)[i];
 541              		.loc 1 135 30 discriminator 2 view .LVU165
 542 0056 A4B2     		uxth	r4, r4
 543              	.LVL46:
 544              	.L43:
 135:Middlewares/Third_Party/LwIP/src/netif/slipif.c ****       c = ((u8_t *)q->payload)[i];
 545              		.loc 1 135 17 is_stmt 1 discriminator 1 view .LVU166
 135:Middlewares/Third_Party/LwIP/src/netif/slipif.c ****       c = ((u8_t *)q->payload)[i];
 546              		.loc 1 135 22 is_stmt 0 discriminator 1 view .LVU167
 547 0058 6B89     		ldrh	r3, [r5, #10]
 135:Middlewares/Third_Party/LwIP/src/netif/slipif.c ****       c = ((u8_t *)q->payload)[i];
 548              		.loc 1 135 5 discriminator 1 view .LVU168
 549 005a A342     		cmp	r3, r4
 550 005c 12D9     		bls	.L50
 136:Middlewares/Third_Party/LwIP/src/netif/slipif.c ****       switch (c) {
 551              		.loc 1 136 7 is_stmt 1 view .LVU169
 136:Middlewares/Third_Party/LwIP/src/netif/slipif.c ****       switch (c) {
 552              		.loc 1 136 21 is_stmt 0 view .LVU170
 553 005e 6B68     		ldr	r3, [r5, #4]
 136:Middlewares/Third_Party/LwIP/src/netif/slipif.c ****       switch (c) {
 554              		.loc 1 136 9 view .LVU171
 555 0060 185D     		ldrb	r0, [r3, r4]	@ zero_extendqisi2
 556              	.LVL47:
 137:Middlewares/Third_Party/LwIP/src/netif/slipif.c ****         case SLIP_END:
 557              		.loc 1 137 7 is_stmt 1 view .LVU172
 558 0062 C028     		cmp	r0, #192
 559 0064 EED0     		beq	.L38
 560 0066 DB28     		cmp	r0, #219
 561 0068 03D0     		beq	.L39
 150:Middlewares/Third_Party/LwIP/src/netif/slipif.c ****           break;
 562              		.loc 1 150 11 view .LVU173
 563 006a 3168     		ldr	r1, [r6]
 564 006c FFF7FEFF 		bl	sio_send
 565              	.LVL48:
 151:Middlewares/Third_Party/LwIP/src/netif/slipif.c ****       }
 566              		.loc 1 151 11 view .LVU174
 567 0070 F0E7     		b	.L41
 568              	.LVL49:
 569              	.L39:
 145:Middlewares/Third_Party/LwIP/src/netif/slipif.c ****           sio_send(SLIP_ESC_ESC, priv->sd);
 570              		.loc 1 145 11 view .LVU175
 571 0072 3168     		ldr	r1, [r6]
 572 0074 DB20     		movs	r0, #219
 573              	.LVL50:
 145:Middlewares/Third_Party/LwIP/src/netif/slipif.c ****           sio_send(SLIP_ESC_ESC, priv->sd);
 574              		.loc 1 145 11 is_stmt 0 view .LVU176
 575 0076 FFF7FEFF 		bl	sio_send
 576              	.LVL51:
 146:Middlewares/Third_Party/LwIP/src/netif/slipif.c ****           break;
ARM GAS  /tmp/ccrZ3T0r.s 			page 19


 577              		.loc 1 146 11 is_stmt 1 view .LVU177
 578 007a 3168     		ldr	r1, [r6]
 579 007c DD20     		movs	r0, #221
 580 007e FFF7FEFF 		bl	sio_send
 581              	.LVL52:
 147:Middlewares/Third_Party/LwIP/src/netif/slipif.c ****         default:
 582              		.loc 1 147 11 view .LVU178
 583 0082 E7E7     		b	.L41
 584              	.L50:
 134:Middlewares/Third_Party/LwIP/src/netif/slipif.c ****     for (i = 0; i < q->len; i++) {
 585              		.loc 1 134 26 discriminator 2 view .LVU179
 134:Middlewares/Third_Party/LwIP/src/netif/slipif.c ****     for (i = 0; i < q->len; i++) {
 586              		.loc 1 134 28 is_stmt 0 discriminator 2 view .LVU180
 587 0084 2D68     		ldr	r5, [r5]
 588              	.LVL53:
 589              	.L37:
 134:Middlewares/Third_Party/LwIP/src/netif/slipif.c ****     for (i = 0; i < q->len; i++) {
 590              		.loc 1 134 15 is_stmt 1 discriminator 1 view .LVU181
 134:Middlewares/Third_Party/LwIP/src/netif/slipif.c ****     for (i = 0; i < q->len; i++) {
 591              		.loc 1 134 3 is_stmt 0 discriminator 1 view .LVU182
 592 0086 0DB1     		cbz	r5, .L51
 135:Middlewares/Third_Party/LwIP/src/netif/slipif.c ****       c = ((u8_t *)q->payload)[i];
 593              		.loc 1 135 12 view .LVU183
 594 0088 0024     		movs	r4, #0
 595 008a E5E7     		b	.L43
 596              	.L51:
 156:Middlewares/Third_Party/LwIP/src/netif/slipif.c ****   return ERR_OK;
 597              		.loc 1 156 3 is_stmt 1 view .LVU184
 598 008c 3168     		ldr	r1, [r6]
 599 008e C020     		movs	r0, #192
 600 0090 FFF7FEFF 		bl	sio_send
 601              	.LVL54:
 157:Middlewares/Third_Party/LwIP/src/netif/slipif.c **** }
 602              		.loc 1 157 3 view .LVU185
 158:Middlewares/Third_Party/LwIP/src/netif/slipif.c **** 
 603              		.loc 1 158 1 is_stmt 0 view .LVU186
 604 0094 0020     		movs	r0, #0
 605 0096 70BD     		pop	{r4, r5, r6, pc}
 606              	.LVL55:
 607              	.L53:
 158:Middlewares/Third_Party/LwIP/src/netif/slipif.c **** 
 608              		.loc 1 158 1 view .LVU187
 609              		.align	2
 610              	.L52:
 611 0098 00000000 		.word	.LC0
 612 009c 30000000 		.word	.LC1
 613 00a0 40000000 		.word	.LC2
 614 00a4 68000000 		.word	.LC3
 615 00a8 00000000 		.word	.LC4
 616              		.cfi_endproc
 617              	.LFE173:
 619              		.section	.text.slipif_output_v4,"ax",%progbits
 620              		.align	1
 621              		.syntax unified
 622              		.thumb
 623              		.thumb_func
 624              		.fpu fpv5-d16
ARM GAS  /tmp/ccrZ3T0r.s 			page 20


 626              	slipif_output_v4:
 627              	.LVL56:
 628              	.LFB174:
 173:Middlewares/Third_Party/LwIP/src/netif/slipif.c ****   LWIP_UNUSED_ARG(ipaddr);
 629              		.loc 1 173 1 is_stmt 1 view -0
 630              		.cfi_startproc
 631              		@ args = 0, pretend = 0, frame = 0
 632              		@ frame_needed = 0, uses_anonymous_args = 0
 173:Middlewares/Third_Party/LwIP/src/netif/slipif.c ****   LWIP_UNUSED_ARG(ipaddr);
 633              		.loc 1 173 1 is_stmt 0 view .LVU189
 634 0000 08B5     		push	{r3, lr}
 635              	.LCFI5:
 636              		.cfi_def_cfa_offset 8
 637              		.cfi_offset 3, -8
 638              		.cfi_offset 14, -4
 174:Middlewares/Third_Party/LwIP/src/netif/slipif.c ****   return slipif_output(netif, p);
 639              		.loc 1 174 3 is_stmt 1 view .LVU190
 175:Middlewares/Third_Party/LwIP/src/netif/slipif.c **** }
 640              		.loc 1 175 3 view .LVU191
 175:Middlewares/Third_Party/LwIP/src/netif/slipif.c **** }
 641              		.loc 1 175 10 is_stmt 0 view .LVU192
 642 0002 FFF7FEFF 		bl	slipif_output
 643              	.LVL57:
 176:Middlewares/Third_Party/LwIP/src/netif/slipif.c **** #endif /* LWIP_IPV4 */
 644              		.loc 1 176 1 view .LVU193
 645 0006 08BD     		pop	{r3, pc}
 646              		.cfi_endproc
 647              	.LFE174:
 649              		.section	.rodata.slipif_init.str1.4,"aMS",%progbits,1
 650              		.align	2
 651              	.LC5:
 652 0000 736C6970 		.ascii	"slipif needs an input callback\000"
 652      6966206E 
 652      65656473 
 652      20616E20 
 652      696E7075 
 653 001f 00       		.align	2
 654              	.LC6:
 655 0020 736C6970 		.ascii	"slipif_loop\000"
 655      69665F6C 
 655      6F6F7000 
 656              		.section	.text.slipif_init,"ax",%progbits
 657              		.align	1
 658              		.global	slipif_init
 659              		.syntax unified
 660              		.thumb
 661              		.thumb_func
 662              		.fpu fpv5-d16
 664              	slipif_init:
 665              	.LVL58:
 666              	.LFB178:
 339:Middlewares/Third_Party/LwIP/src/netif/slipif.c ****     }
 340:Middlewares/Third_Party/LwIP/src/netif/slipif.c ****   }
 341:Middlewares/Third_Party/LwIP/src/netif/slipif.c **** }
 342:Middlewares/Third_Party/LwIP/src/netif/slipif.c **** #endif /* SLIP_USE_RX_THREAD */
 343:Middlewares/Third_Party/LwIP/src/netif/slipif.c **** 
 344:Middlewares/Third_Party/LwIP/src/netif/slipif.c **** /**
ARM GAS  /tmp/ccrZ3T0r.s 			page 21


 345:Middlewares/Third_Party/LwIP/src/netif/slipif.c ****  * @ingroup slipif
 346:Middlewares/Third_Party/LwIP/src/netif/slipif.c ****  * SLIP netif initialization
 347:Middlewares/Third_Party/LwIP/src/netif/slipif.c ****  *
 348:Middlewares/Third_Party/LwIP/src/netif/slipif.c ****  * Call the arch specific sio_open and remember
 349:Middlewares/Third_Party/LwIP/src/netif/slipif.c ****  * the opened device in the state field of the netif.
 350:Middlewares/Third_Party/LwIP/src/netif/slipif.c ****  *
 351:Middlewares/Third_Party/LwIP/src/netif/slipif.c ****  * @param netif the lwip network interface structure for this slipif
 352:Middlewares/Third_Party/LwIP/src/netif/slipif.c ****  * @return ERR_OK if serial line could be opened,
 353:Middlewares/Third_Party/LwIP/src/netif/slipif.c ****  *         ERR_MEM if no memory could be allocated,
 354:Middlewares/Third_Party/LwIP/src/netif/slipif.c ****  *         ERR_IF is serial line couldn't be opened
 355:Middlewares/Third_Party/LwIP/src/netif/slipif.c ****  *
 356:Middlewares/Third_Party/LwIP/src/netif/slipif.c ****  * @note If netif->state is interpreted as an u8_t serial port number.
 357:Middlewares/Third_Party/LwIP/src/netif/slipif.c ****  *
 358:Middlewares/Third_Party/LwIP/src/netif/slipif.c ****  */
 359:Middlewares/Third_Party/LwIP/src/netif/slipif.c **** err_t
 360:Middlewares/Third_Party/LwIP/src/netif/slipif.c **** slipif_init(struct netif *netif)
 361:Middlewares/Third_Party/LwIP/src/netif/slipif.c **** {
 667              		.loc 1 361 1 is_stmt 1 view -0
 668              		.cfi_startproc
 669              		@ args = 0, pretend = 0, frame = 0
 670              		@ frame_needed = 0, uses_anonymous_args = 0
 671              		.loc 1 361 1 is_stmt 0 view .LVU195
 672 0000 70B5     		push	{r4, r5, r6, lr}
 673              	.LCFI6:
 674              		.cfi_def_cfa_offset 16
 675              		.cfi_offset 4, -16
 676              		.cfi_offset 5, -12
 677              		.cfi_offset 6, -8
 678              		.cfi_offset 14, -4
 679 0002 82B0     		sub	sp, sp, #8
 680              	.LCFI7:
 681              		.cfi_def_cfa_offset 24
 682 0004 0446     		mov	r4, r0
 362:Middlewares/Third_Party/LwIP/src/netif/slipif.c ****   struct slipif_priv *priv;
 683              		.loc 1 362 3 is_stmt 1 view .LVU196
 363:Middlewares/Third_Party/LwIP/src/netif/slipif.c ****   u8_t sio_num;
 684              		.loc 1 363 3 view .LVU197
 364:Middlewares/Third_Party/LwIP/src/netif/slipif.c **** 
 365:Middlewares/Third_Party/LwIP/src/netif/slipif.c ****   LWIP_ASSERT("slipif needs an input callback", netif->input != NULL);
 685              		.loc 1 365 3 view .LVU198
 686              		.loc 1 365 3 view .LVU199
 687 0006 0369     		ldr	r3, [r0, #16]
 688 0008 53B3     		cbz	r3, .L62
 689              	.LVL59:
 690              	.L57:
 691              		.loc 1 365 3 discriminator 3 view .LVU200
 692              		.loc 1 365 3 discriminator 3 view .LVU201
 366:Middlewares/Third_Party/LwIP/src/netif/slipif.c **** 
 367:Middlewares/Third_Party/LwIP/src/netif/slipif.c ****   /* netif->state contains serial port number */
 368:Middlewares/Third_Party/LwIP/src/netif/slipif.c ****   sio_num = LWIP_PTR_NUMERIC_CAST(u8_t, netif->state);
 693              		.loc 1 368 3 discriminator 3 view .LVU202
 694              		.loc 1 368 11 is_stmt 0 discriminator 3 view .LVU203
 695 000a 94F82050 		ldrb	r5, [r4, #32]	@ zero_extendqisi2
 696              	.LVL60:
 369:Middlewares/Third_Party/LwIP/src/netif/slipif.c **** 
 370:Middlewares/Third_Party/LwIP/src/netif/slipif.c ****   LWIP_DEBUGF(SLIP_DEBUG, ("slipif_init: netif->num=%"U16_F"\n", (u16_t)sio_num));
 697              		.loc 1 370 82 is_stmt 1 discriminator 3 view .LVU204
ARM GAS  /tmp/ccrZ3T0r.s 			page 22


 371:Middlewares/Third_Party/LwIP/src/netif/slipif.c **** 
 372:Middlewares/Third_Party/LwIP/src/netif/slipif.c ****   /* Allocate private data */
 373:Middlewares/Third_Party/LwIP/src/netif/slipif.c ****   priv = (struct slipif_priv *)mem_malloc(sizeof(struct slipif_priv));
 698              		.loc 1 373 3 discriminator 3 view .LVU205
 699              		.loc 1 373 32 is_stmt 0 discriminator 3 view .LVU206
 700 000e 1420     		movs	r0, #20
 701 0010 FFF7FEFF 		bl	mem_malloc
 702              	.LVL61:
 374:Middlewares/Third_Party/LwIP/src/netif/slipif.c ****   if (!priv) {
 703              		.loc 1 374 3 is_stmt 1 discriminator 3 view .LVU207
 704              		.loc 1 374 6 is_stmt 0 discriminator 3 view .LVU208
 705 0014 0646     		mov	r6, r0
 706 0016 0028     		cmp	r0, #0
 707 0018 30D0     		beq	.L60
 375:Middlewares/Third_Party/LwIP/src/netif/slipif.c ****     return ERR_MEM;
 376:Middlewares/Third_Party/LwIP/src/netif/slipif.c ****   }
 377:Middlewares/Third_Party/LwIP/src/netif/slipif.c **** 
 378:Middlewares/Third_Party/LwIP/src/netif/slipif.c ****   netif->name[0] = 's';
 708              		.loc 1 378 3 is_stmt 1 view .LVU209
 709              		.loc 1 378 18 is_stmt 0 view .LVU210
 710 001a 7323     		movs	r3, #115
 711 001c 84F82E30 		strb	r3, [r4, #46]
 379:Middlewares/Third_Party/LwIP/src/netif/slipif.c ****   netif->name[1] = 'l';
 712              		.loc 1 379 3 is_stmt 1 view .LVU211
 713              		.loc 1 379 18 is_stmt 0 view .LVU212
 714 0020 6C23     		movs	r3, #108
 715 0022 84F82F30 		strb	r3, [r4, #47]
 380:Middlewares/Third_Party/LwIP/src/netif/slipif.c **** #if LWIP_IPV4
 381:Middlewares/Third_Party/LwIP/src/netif/slipif.c ****   netif->output = slipif_output_v4;
 716              		.loc 1 381 3 is_stmt 1 view .LVU213
 717              		.loc 1 381 17 is_stmt 0 view .LVU214
 718 0026 174B     		ldr	r3, .L64
 719 0028 6361     		str	r3, [r4, #20]
 382:Middlewares/Third_Party/LwIP/src/netif/slipif.c **** #endif /* LWIP_IPV4 */
 383:Middlewares/Third_Party/LwIP/src/netif/slipif.c **** #if LWIP_IPV6
 384:Middlewares/Third_Party/LwIP/src/netif/slipif.c ****   netif->output_ip6 = slipif_output_v6;
 385:Middlewares/Third_Party/LwIP/src/netif/slipif.c **** #endif /* LWIP_IPV6 */
 386:Middlewares/Third_Party/LwIP/src/netif/slipif.c ****   netif->mtu = SLIP_MAX_SIZE;
 720              		.loc 1 386 3 is_stmt 1 view .LVU215
 721              		.loc 1 386 14 is_stmt 0 view .LVU216
 722 002a 40F2DC53 		movw	r3, #1500
 723 002e A384     		strh	r3, [r4, #36]	@ movhi
 387:Middlewares/Third_Party/LwIP/src/netif/slipif.c **** 
 388:Middlewares/Third_Party/LwIP/src/netif/slipif.c ****   /* Try to open the serial port. */
 389:Middlewares/Third_Party/LwIP/src/netif/slipif.c ****   priv->sd = sio_open(sio_num);
 724              		.loc 1 389 3 is_stmt 1 view .LVU217
 725              		.loc 1 389 14 is_stmt 0 view .LVU218
 726 0030 2846     		mov	r0, r5
 727              	.LVL62:
 728              		.loc 1 389 14 view .LVU219
 729 0032 FFF7FEFF 		bl	sio_open
 730              	.LVL63:
 731              		.loc 1 389 12 view .LVU220
 732 0036 3060     		str	r0, [r6]
 390:Middlewares/Third_Party/LwIP/src/netif/slipif.c ****   if (!priv->sd) {
 733              		.loc 1 390 3 is_stmt 1 view .LVU221
 734              		.loc 1 390 6 is_stmt 0 view .LVU222
ARM GAS  /tmp/ccrZ3T0r.s 			page 23


 735 0038 D0B1     		cbz	r0, .L63
 391:Middlewares/Third_Party/LwIP/src/netif/slipif.c ****     /* Opening the serial port failed. */
 392:Middlewares/Third_Party/LwIP/src/netif/slipif.c ****     mem_free(priv);
 393:Middlewares/Third_Party/LwIP/src/netif/slipif.c ****     return ERR_IF;
 394:Middlewares/Third_Party/LwIP/src/netif/slipif.c ****   }
 395:Middlewares/Third_Party/LwIP/src/netif/slipif.c **** 
 396:Middlewares/Third_Party/LwIP/src/netif/slipif.c ****   /* Initialize private data */
 397:Middlewares/Third_Party/LwIP/src/netif/slipif.c ****   priv->p = NULL;
 736              		.loc 1 397 3 is_stmt 1 view .LVU223
 737              		.loc 1 397 11 is_stmt 0 view .LVU224
 738 003a 0025     		movs	r5, #0
 739              	.LVL64:
 740              		.loc 1 397 11 view .LVU225
 741 003c 7560     		str	r5, [r6, #4]
 398:Middlewares/Third_Party/LwIP/src/netif/slipif.c ****   priv->q = NULL;
 742              		.loc 1 398 3 is_stmt 1 view .LVU226
 743              		.loc 1 398 11 is_stmt 0 view .LVU227
 744 003e B560     		str	r5, [r6, #8]
 399:Middlewares/Third_Party/LwIP/src/netif/slipif.c ****   priv->state = SLIP_RECV_NORMAL;
 745              		.loc 1 399 3 is_stmt 1 view .LVU228
 746              		.loc 1 399 15 is_stmt 0 view .LVU229
 747 0040 3573     		strb	r5, [r6, #12]
 400:Middlewares/Third_Party/LwIP/src/netif/slipif.c ****   priv->i = 0;
 748              		.loc 1 400 3 is_stmt 1 view .LVU230
 749              		.loc 1 400 11 is_stmt 0 view .LVU231
 750 0042 F581     		strh	r5, [r6, #14]	@ movhi
 401:Middlewares/Third_Party/LwIP/src/netif/slipif.c ****   priv->recved = 0;
 751              		.loc 1 401 3 is_stmt 1 view .LVU232
 752              		.loc 1 401 16 is_stmt 0 view .LVU233
 753 0044 3582     		strh	r5, [r6, #16]	@ movhi
 402:Middlewares/Third_Party/LwIP/src/netif/slipif.c **** #if SLIP_RX_FROM_ISR
 403:Middlewares/Third_Party/LwIP/src/netif/slipif.c ****   priv->rxpackets = NULL;
 404:Middlewares/Third_Party/LwIP/src/netif/slipif.c **** #endif
 405:Middlewares/Third_Party/LwIP/src/netif/slipif.c **** 
 406:Middlewares/Third_Party/LwIP/src/netif/slipif.c ****   netif->state = priv;
 754              		.loc 1 406 3 is_stmt 1 view .LVU234
 755              		.loc 1 406 16 is_stmt 0 view .LVU235
 756 0046 2662     		str	r6, [r4, #32]
 407:Middlewares/Third_Party/LwIP/src/netif/slipif.c **** 
 408:Middlewares/Third_Party/LwIP/src/netif/slipif.c ****   /* initialize the snmp variables and counters inside the struct netif */
 409:Middlewares/Third_Party/LwIP/src/netif/slipif.c ****   MIB2_INIT_NETIF(netif, snmp_ifType_slip, SLIP_SIO_SPEED(priv->sd));
 757              		.loc 1 409 69 is_stmt 1 view .LVU236
 410:Middlewares/Third_Party/LwIP/src/netif/slipif.c **** 
 411:Middlewares/Third_Party/LwIP/src/netif/slipif.c **** #if SLIP_USE_RX_THREAD
 412:Middlewares/Third_Party/LwIP/src/netif/slipif.c ****   /* Create a thread to poll the serial line. */
 413:Middlewares/Third_Party/LwIP/src/netif/slipif.c ****   sys_thread_new(SLIPIF_THREAD_NAME, slipif_loop_thread, netif,
 758              		.loc 1 413 3 view .LVU237
 759 0048 0323     		movs	r3, #3
 760 004a 0093     		str	r3, [sp]
 761 004c 4FF48063 		mov	r3, #1024
 762 0050 2246     		mov	r2, r4
 763 0052 0D49     		ldr	r1, .L64+4
 764 0054 0D48     		ldr	r0, .L64+8
 765 0056 FFF7FEFF 		bl	sys_thread_new
 766              	.LVL65:
 414:Middlewares/Third_Party/LwIP/src/netif/slipif.c ****                  SLIPIF_THREAD_STACKSIZE, SLIPIF_THREAD_PRIO);
 415:Middlewares/Third_Party/LwIP/src/netif/slipif.c **** #endif /* SLIP_USE_RX_THREAD */
ARM GAS  /tmp/ccrZ3T0r.s 			page 24


 416:Middlewares/Third_Party/LwIP/src/netif/slipif.c ****   return ERR_OK;
 767              		.loc 1 416 3 view .LVU238
 768              		.loc 1 416 10 is_stmt 0 view .LVU239
 769 005a 2846     		mov	r0, r5
 770              	.L58:
 417:Middlewares/Third_Party/LwIP/src/netif/slipif.c **** }
 771              		.loc 1 417 1 view .LVU240
 772 005c 02B0     		add	sp, sp, #8
 773              	.LCFI8:
 774              		.cfi_remember_state
 775              		.cfi_def_cfa_offset 16
 776              		@ sp needed
 777 005e 70BD     		pop	{r4, r5, r6, pc}
 778              	.LVL66:
 779              	.L62:
 780              	.LCFI9:
 781              		.cfi_restore_state
 365:Middlewares/Third_Party/LwIP/src/netif/slipif.c **** 
 782              		.loc 1 365 3 is_stmt 1 discriminator 1 view .LVU241
 365:Middlewares/Third_Party/LwIP/src/netif/slipif.c **** 
 783              		.loc 1 365 3 discriminator 1 view .LVU242
 784 0060 0B4B     		ldr	r3, .L64+12
 785 0062 40F26D12 		movw	r2, #365
 786 0066 0B49     		ldr	r1, .L64+16
 787 0068 0B48     		ldr	r0, .L64+20
 788              	.LVL67:
 365:Middlewares/Third_Party/LwIP/src/netif/slipif.c **** 
 789              		.loc 1 365 3 is_stmt 0 discriminator 1 view .LVU243
 790 006a FFF7FEFF 		bl	printf
 791              	.LVL68:
 792 006e CCE7     		b	.L57
 793              	.LVL69:
 794              	.L63:
 392:Middlewares/Third_Party/LwIP/src/netif/slipif.c ****     return ERR_IF;
 795              		.loc 1 392 5 is_stmt 1 view .LVU244
 796 0070 3046     		mov	r0, r6
 797 0072 FFF7FEFF 		bl	mem_free
 798              	.LVL70:
 393:Middlewares/Third_Party/LwIP/src/netif/slipif.c ****   }
 799              		.loc 1 393 5 view .LVU245
 393:Middlewares/Third_Party/LwIP/src/netif/slipif.c ****   }
 800              		.loc 1 393 12 is_stmt 0 view .LVU246
 801 0076 6FF00B00 		mvn	r0, #11
 802 007a EFE7     		b	.L58
 803              	.LVL71:
 804              	.L60:
 375:Middlewares/Third_Party/LwIP/src/netif/slipif.c ****   }
 805              		.loc 1 375 12 view .LVU247
 806 007c 4FF0FF30 		mov	r0, #-1
 807              	.LVL72:
 375:Middlewares/Third_Party/LwIP/src/netif/slipif.c ****   }
 808              		.loc 1 375 12 view .LVU248
 809 0080 ECE7     		b	.L58
 810              	.L65:
 811 0082 00BF     		.align	2
 812              	.L64:
 813 0084 00000000 		.word	slipif_output_v4
ARM GAS  /tmp/ccrZ3T0r.s 			page 25


 814 0088 00000000 		.word	slipif_loop_thread
 815 008c 20000000 		.word	.LC6
 816 0090 00000000 		.word	.LC0
 817 0094 00000000 		.word	.LC5
 818 0098 40000000 		.word	.LC2
 819              		.cfi_endproc
 820              	.LFE178:
 822              		.section	.text.slipif_poll,"ax",%progbits
 823              		.align	1
 824              		.global	slipif_poll
 825              		.syntax unified
 826              		.thumb
 827              		.thumb_func
 828              		.fpu fpv5-d16
 830              	slipif_poll:
 831              	.LVL73:
 832              	.LFB179:
 418:Middlewares/Third_Party/LwIP/src/netif/slipif.c **** 
 419:Middlewares/Third_Party/LwIP/src/netif/slipif.c **** /**
 420:Middlewares/Third_Party/LwIP/src/netif/slipif.c ****  * @ingroup slipif
 421:Middlewares/Third_Party/LwIP/src/netif/slipif.c ****  * Polls the serial device and feeds the IP layer with incoming packets.
 422:Middlewares/Third_Party/LwIP/src/netif/slipif.c ****  *
 423:Middlewares/Third_Party/LwIP/src/netif/slipif.c ****  * @param netif The lwip network interface structure for this slipif
 424:Middlewares/Third_Party/LwIP/src/netif/slipif.c ****  */
 425:Middlewares/Third_Party/LwIP/src/netif/slipif.c **** void
 426:Middlewares/Third_Party/LwIP/src/netif/slipif.c **** slipif_poll(struct netif *netif)
 427:Middlewares/Third_Party/LwIP/src/netif/slipif.c **** {
 833              		.loc 1 427 1 is_stmt 1 view -0
 834              		.cfi_startproc
 835              		@ args = 0, pretend = 0, frame = 8
 836              		@ frame_needed = 0, uses_anonymous_args = 0
 837              		.loc 1 427 1 is_stmt 0 view .LVU250
 838 0000 30B5     		push	{r4, r5, lr}
 839              	.LCFI10:
 840              		.cfi_def_cfa_offset 12
 841              		.cfi_offset 4, -12
 842              		.cfi_offset 5, -8
 843              		.cfi_offset 14, -4
 844 0002 83B0     		sub	sp, sp, #12
 845              	.LCFI11:
 846              		.cfi_def_cfa_offset 24
 428:Middlewares/Third_Party/LwIP/src/netif/slipif.c ****   u8_t c;
 847              		.loc 1 428 3 is_stmt 1 view .LVU251
 429:Middlewares/Third_Party/LwIP/src/netif/slipif.c ****   struct slipif_priv *priv;
 848              		.loc 1 429 3 view .LVU252
 430:Middlewares/Third_Party/LwIP/src/netif/slipif.c **** 
 431:Middlewares/Third_Party/LwIP/src/netif/slipif.c ****   LWIP_ASSERT("netif != NULL", (netif != NULL));
 849              		.loc 1 431 3 view .LVU253
 850              		.loc 1 431 3 view .LVU254
 851 0004 0446     		mov	r4, r0
 852 0006 18B1     		cbz	r0, .L72
 853              	.LVL74:
 854              	.L67:
 855              		.loc 1 431 3 discriminator 3 view .LVU255
 856              		.loc 1 431 3 discriminator 3 view .LVU256
 432:Middlewares/Third_Party/LwIP/src/netif/slipif.c ****   LWIP_ASSERT("netif->state != NULL", (netif->state != NULL));
 857              		.loc 1 432 3 discriminator 3 view .LVU257
ARM GAS  /tmp/ccrZ3T0r.s 			page 26


 858              		.loc 1 432 3 discriminator 3 view .LVU258
 859 0008 236A     		ldr	r3, [r4, #32]
 860 000a 4BB1     		cbz	r3, .L73
 861              	.L68:
 862              		.loc 1 432 3 discriminator 3 view .LVU259
 863              		.loc 1 432 3 discriminator 3 view .LVU260
 433:Middlewares/Third_Party/LwIP/src/netif/slipif.c **** 
 434:Middlewares/Third_Party/LwIP/src/netif/slipif.c ****   priv = (struct slipif_priv *)netif->state;
 864              		.loc 1 434 3 discriminator 3 view .LVU261
 865              		.loc 1 434 8 is_stmt 0 discriminator 3 view .LVU262
 866 000c 256A     		ldr	r5, [r4, #32]
 867              	.LVL75:
 435:Middlewares/Third_Party/LwIP/src/netif/slipif.c **** 
 436:Middlewares/Third_Party/LwIP/src/netif/slipif.c ****   while (sio_tryread(priv->sd, &c, 1) > 0) {
 868              		.loc 1 436 3 is_stmt 1 discriminator 3 view .LVU263
 869              		.loc 1 436 9 is_stmt 0 discriminator 3 view .LVU264
 870 000e 14E0     		b	.L69
 871              	.LVL76:
 872              	.L72:
 431:Middlewares/Third_Party/LwIP/src/netif/slipif.c ****   LWIP_ASSERT("netif->state != NULL", (netif->state != NULL));
 873              		.loc 1 431 3 is_stmt 1 discriminator 1 view .LVU265
 431:Middlewares/Third_Party/LwIP/src/netif/slipif.c ****   LWIP_ASSERT("netif->state != NULL", (netif->state != NULL));
 874              		.loc 1 431 3 discriminator 1 view .LVU266
 875 0010 0F4B     		ldr	r3, .L74
 876 0012 40F2AF12 		movw	r2, #431
 877 0016 0F49     		ldr	r1, .L74+4
 878 0018 0F48     		ldr	r0, .L74+8
 879              	.LVL77:
 431:Middlewares/Third_Party/LwIP/src/netif/slipif.c ****   LWIP_ASSERT("netif->state != NULL", (netif->state != NULL));
 880              		.loc 1 431 3 is_stmt 0 discriminator 1 view .LVU267
 881 001a FFF7FEFF 		bl	printf
 882              	.LVL78:
 883 001e F3E7     		b	.L67
 884              	.L73:
 432:Middlewares/Third_Party/LwIP/src/netif/slipif.c **** 
 885              		.loc 1 432 3 is_stmt 1 discriminator 1 view .LVU268
 432:Middlewares/Third_Party/LwIP/src/netif/slipif.c **** 
 886              		.loc 1 432 3 discriminator 1 view .LVU269
 887 0020 0B4B     		ldr	r3, .L74
 888 0022 4FF4D872 		mov	r2, #432
 889 0026 0D49     		ldr	r1, .L74+12
 890 0028 0B48     		ldr	r0, .L74+8
 891 002a FFF7FEFF 		bl	printf
 892              	.LVL79:
 893 002e EDE7     		b	.L68
 894              	.LVL80:
 895              	.L70:
 437:Middlewares/Third_Party/LwIP/src/netif/slipif.c ****     slipif_rxbyte_input(netif, c);
 896              		.loc 1 437 5 view .LVU270
 897 0030 9DF80710 		ldrb	r1, [sp, #7]	@ zero_extendqisi2
 898 0034 2046     		mov	r0, r4
 899 0036 FFF7FEFF 		bl	slipif_rxbyte_input
 900              	.LVL81:
 901              	.L69:
 436:Middlewares/Third_Party/LwIP/src/netif/slipif.c ****     slipif_rxbyte_input(netif, c);
 902              		.loc 1 436 9 view .LVU271
 436:Middlewares/Third_Party/LwIP/src/netif/slipif.c ****     slipif_rxbyte_input(netif, c);
ARM GAS  /tmp/ccrZ3T0r.s 			page 27


 903              		.loc 1 436 10 is_stmt 0 view .LVU272
 904 003a 0122     		movs	r2, #1
 905 003c 0DF10701 		add	r1, sp, #7
 906 0040 2868     		ldr	r0, [r5]
 907 0042 FFF7FEFF 		bl	sio_tryread
 908              	.LVL82:
 436:Middlewares/Third_Party/LwIP/src/netif/slipif.c ****     slipif_rxbyte_input(netif, c);
 909              		.loc 1 436 9 view .LVU273
 910 0046 0028     		cmp	r0, #0
 911 0048 F2D1     		bne	.L70
 438:Middlewares/Third_Party/LwIP/src/netif/slipif.c ****   }
 439:Middlewares/Third_Party/LwIP/src/netif/slipif.c **** }
 912              		.loc 1 439 1 view .LVU274
 913 004a 03B0     		add	sp, sp, #12
 914              	.LCFI12:
 915              		.cfi_def_cfa_offset 12
 916              		@ sp needed
 917 004c 30BD     		pop	{r4, r5, pc}
 918              	.LVL83:
 919              	.L75:
 920              		.loc 1 439 1 view .LVU275
 921 004e 00BF     		.align	2
 922              	.L74:
 923 0050 00000000 		.word	.LC0
 924 0054 30000000 		.word	.LC1
 925 0058 40000000 		.word	.LC2
 926 005c 68000000 		.word	.LC3
 927              		.cfi_endproc
 928              	.LFE179:
 930              		.text
 931              	.Letext0:
 932              		.file 2 "/usr/lib/gcc/arm-none-eabi/10.3.1/include/stdint.h"
 933              		.file 3 "/usr/lib/gcc/arm-none-eabi/10.3.1/include/stddef.h"
 934              		.file 4 "Middlewares/Third_Party/LwIP/src/include/lwip/arch.h"
 935              		.file 5 "Middlewares/Third_Party/LwIP/src/include/lwip/err.h"
 936              		.file 6 "Middlewares/Third_Party/LwIP/src/include/lwip/ip4_addr.h"
 937              		.file 7 "Middlewares/Third_Party/LwIP/src/include/lwip/ip_addr.h"
 938              		.file 8 "Middlewares/Third_Party/LwIP/src/include/lwip/pbuf.h"
 939              		.file 9 "Middlewares/Third_Party/LwIP/src/include/lwip/netif.h"
 940              		.file 10 "Middlewares/Third_Party/LwIP/src/include/lwip/sio.h"
 941              		.file 11 "/usr/include/newlib/stdio.h"
 942              		.file 12 "Middlewares/Third_Party/LwIP/src/include/lwip/mem.h"
 943              		.file 13 "Middlewares/Third_Party/LwIP/src/include/lwip/sys.h"
ARM GAS  /tmp/ccrZ3T0r.s 			page 28


DEFINED SYMBOLS
                            *ABS*:0000000000000000 slipif.c
     /tmp/ccrZ3T0r.s:17     .rodata.slipif_rxbyte.str1.4:0000000000000000 $d
     /tmp/ccrZ3T0r.s:30     .text.slipif_rxbyte:0000000000000000 $t
     /tmp/ccrZ3T0r.s:37     .text.slipif_rxbyte:0000000000000000 slipif_rxbyte
     /tmp/ccrZ3T0r.s:305    .text.slipif_rxbyte:00000000000000f4 $d
     /tmp/ccrZ3T0r.s:313    .text.slipif_rxbyte_input:0000000000000000 $t
     /tmp/ccrZ3T0r.s:319    .text.slipif_rxbyte_input:0000000000000000 slipif_rxbyte_input
     /tmp/ccrZ3T0r.s:369    .text.slipif_loop_thread:0000000000000000 $t
     /tmp/ccrZ3T0r.s:375    .text.slipif_loop_thread:0000000000000000 slipif_loop_thread
     /tmp/ccrZ3T0r.s:422    .rodata.slipif_output.str1.4:0000000000000000 $d
     /tmp/ccrZ3T0r.s:426    .text.slipif_output:0000000000000000 $t
     /tmp/ccrZ3T0r.s:432    .text.slipif_output:0000000000000000 slipif_output
     /tmp/ccrZ3T0r.s:611    .text.slipif_output:0000000000000098 $d
     /tmp/ccrZ3T0r.s:620    .text.slipif_output_v4:0000000000000000 $t
     /tmp/ccrZ3T0r.s:626    .text.slipif_output_v4:0000000000000000 slipif_output_v4
     /tmp/ccrZ3T0r.s:650    .rodata.slipif_init.str1.4:0000000000000000 $d
     /tmp/ccrZ3T0r.s:657    .text.slipif_init:0000000000000000 $t
     /tmp/ccrZ3T0r.s:664    .text.slipif_init:0000000000000000 slipif_init
     /tmp/ccrZ3T0r.s:813    .text.slipif_init:0000000000000084 $d
     /tmp/ccrZ3T0r.s:823    .text.slipif_poll:0000000000000000 $t
     /tmp/ccrZ3T0r.s:830    .text.slipif_poll:0000000000000000 slipif_poll
     /tmp/ccrZ3T0r.s:923    .text.slipif_poll:0000000000000050 $d

UNDEFINED SYMBOLS
printf
pbuf_realloc
pbuf_alloc
pbuf_cat
pbuf_free
sio_read
sio_send
mem_malloc
sio_open
sys_thread_new
mem_free
sio_tryread
