ARM GAS  /tmp/ccppuV8E.s 			page 1


   1              		.cpu cortex-m7
   2              		.eabi_attribute 28, 1
   3              		.eabi_attribute 20, 1
   4              		.eabi_attribute 21, 1
   5              		.eabi_attribute 23, 3
   6              		.eabi_attribute 24, 1
   7              		.eabi_attribute 25, 1
   8              		.eabi_attribute 26, 1
   9              		.eabi_attribute 30, 1
  10              		.eabi_attribute 34, 1
  11              		.eabi_attribute 18, 4
  12              		.file	"stm32h7xx_it.c"
  13              		.text
  14              	.Ltext0:
  15              		.cfi_sections	.debug_frame
  16              		.section	.text.NMI_Handler,"ax",%progbits
  17              		.align	1
  18              		.global	NMI_Handler
  19              		.arch armv7e-m
  20              		.syntax unified
  21              		.thumb
  22              		.thumb_func
  23              		.fpu fpv5-d16
  25              	NMI_Handler:
  26              	.LFB144:
  27              		.file 1 "Core/Src/stm32h7xx_it.c"
   1:Core/Src/stm32h7xx_it.c **** /* USER CODE BEGIN Header */
   2:Core/Src/stm32h7xx_it.c **** /**
   3:Core/Src/stm32h7xx_it.c ****   ******************************************************************************
   4:Core/Src/stm32h7xx_it.c ****   * @file    stm32h7xx_it.c
   5:Core/Src/stm32h7xx_it.c ****   * @brief   Interrupt Service Routines.
   6:Core/Src/stm32h7xx_it.c ****   ******************************************************************************
   7:Core/Src/stm32h7xx_it.c ****   * @attention
   8:Core/Src/stm32h7xx_it.c ****   *
   9:Core/Src/stm32h7xx_it.c ****   * Copyright (c) 2026 STMicroelectronics.
  10:Core/Src/stm32h7xx_it.c ****   * All rights reserved.
  11:Core/Src/stm32h7xx_it.c ****   *
  12:Core/Src/stm32h7xx_it.c ****   * This software is licensed under terms that can be found in the LICENSE file
  13:Core/Src/stm32h7xx_it.c ****   * in the root directory of this software component.
  14:Core/Src/stm32h7xx_it.c ****   * If no LICENSE file comes with this software, it is provided AS-IS.
  15:Core/Src/stm32h7xx_it.c ****   *
  16:Core/Src/stm32h7xx_it.c ****   ******************************************************************************
  17:Core/Src/stm32h7xx_it.c ****   */
  18:Core/Src/stm32h7xx_it.c **** /* USER CODE END Header */
  19:Core/Src/stm32h7xx_it.c **** 
  20:Core/Src/stm32h7xx_it.c **** /* Includes ------------------------------------------------------------------*/
  21:Core/Src/stm32h7xx_it.c **** #include "main.h"
  22:Core/Src/stm32h7xx_it.c **** #include "stm32h7xx_it.h"
  23:Core/Src/stm32h7xx_it.c **** /* Private includes ----------------------------------------------------------*/
  24:Core/Src/stm32h7xx_it.c **** /* USER CODE BEGIN Includes */
  25:Core/Src/stm32h7xx_it.c **** /* USER CODE END Includes */
  26:Core/Src/stm32h7xx_it.c **** 
  27:Core/Src/stm32h7xx_it.c **** /* Private typedef -----------------------------------------------------------*/
  28:Core/Src/stm32h7xx_it.c **** /* USER CODE BEGIN TD */
  29:Core/Src/stm32h7xx_it.c **** 
  30:Core/Src/stm32h7xx_it.c **** /* USER CODE END TD */
  31:Core/Src/stm32h7xx_it.c **** 
ARM GAS  /tmp/ccppuV8E.s 			page 2


  32:Core/Src/stm32h7xx_it.c **** /* Private define ------------------------------------------------------------*/
  33:Core/Src/stm32h7xx_it.c **** /* USER CODE BEGIN PD */
  34:Core/Src/stm32h7xx_it.c **** 
  35:Core/Src/stm32h7xx_it.c **** /* USER CODE END PD */
  36:Core/Src/stm32h7xx_it.c **** 
  37:Core/Src/stm32h7xx_it.c **** /* Private macro -------------------------------------------------------------*/
  38:Core/Src/stm32h7xx_it.c **** /* USER CODE BEGIN PM */
  39:Core/Src/stm32h7xx_it.c **** 
  40:Core/Src/stm32h7xx_it.c **** /* USER CODE END PM */
  41:Core/Src/stm32h7xx_it.c **** 
  42:Core/Src/stm32h7xx_it.c **** /* Private variables ---------------------------------------------------------*/
  43:Core/Src/stm32h7xx_it.c **** /* USER CODE BEGIN PV */
  44:Core/Src/stm32h7xx_it.c **** 
  45:Core/Src/stm32h7xx_it.c **** /* USER CODE END PV */
  46:Core/Src/stm32h7xx_it.c **** 
  47:Core/Src/stm32h7xx_it.c **** /* Private function prototypes -----------------------------------------------*/
  48:Core/Src/stm32h7xx_it.c **** /* USER CODE BEGIN PFP */
  49:Core/Src/stm32h7xx_it.c **** 
  50:Core/Src/stm32h7xx_it.c **** /* USER CODE END PFP */
  51:Core/Src/stm32h7xx_it.c **** 
  52:Core/Src/stm32h7xx_it.c **** /* Private user code ---------------------------------------------------------*/
  53:Core/Src/stm32h7xx_it.c **** /* USER CODE BEGIN 0 */
  54:Core/Src/stm32h7xx_it.c **** 
  55:Core/Src/stm32h7xx_it.c **** /* USER CODE END 0 */
  56:Core/Src/stm32h7xx_it.c **** 
  57:Core/Src/stm32h7xx_it.c **** /* External variables --------------------------------------------------------*/
  58:Core/Src/stm32h7xx_it.c **** extern DMA_HandleTypeDef hdma_cordic_wr;
  59:Core/Src/stm32h7xx_it.c **** extern DMA_HandleTypeDef hdma_cordic_rd;
  60:Core/Src/stm32h7xx_it.c **** extern FDCAN_HandleTypeDef hfdcan1;
  61:Core/Src/stm32h7xx_it.c **** extern DMA_HandleTypeDef hdma_fmac_rd;
  62:Core/Src/stm32h7xx_it.c **** extern DMA_HandleTypeDef hdma_fmac_wr;
  63:Core/Src/stm32h7xx_it.c **** extern TIM_HandleTypeDef htim6;
  64:Core/Src/stm32h7xx_it.c **** 
  65:Core/Src/stm32h7xx_it.c **** /* USER CODE BEGIN EV */
  66:Core/Src/stm32h7xx_it.c **** 
  67:Core/Src/stm32h7xx_it.c **** /* USER CODE END EV */
  68:Core/Src/stm32h7xx_it.c **** 
  69:Core/Src/stm32h7xx_it.c **** /******************************************************************************/
  70:Core/Src/stm32h7xx_it.c **** /*           Cortex Processor Interruption and Exception Handlers          */
  71:Core/Src/stm32h7xx_it.c **** /******************************************************************************/
  72:Core/Src/stm32h7xx_it.c **** /**
  73:Core/Src/stm32h7xx_it.c ****   * @brief This function handles Non maskable interrupt.
  74:Core/Src/stm32h7xx_it.c ****   */
  75:Core/Src/stm32h7xx_it.c **** void NMI_Handler(void)
  76:Core/Src/stm32h7xx_it.c **** {
  28              		.loc 1 76 1 view -0
  29              		.cfi_startproc
  30              		@ Volatile: function does not return.
  31              		@ args = 0, pretend = 0, frame = 0
  32              		@ frame_needed = 0, uses_anonymous_args = 0
  33              		@ link register save eliminated.
  34              	.L2:
  77:Core/Src/stm32h7xx_it.c ****   /* USER CODE BEGIN NonMaskableInt_IRQn 0 */
  78:Core/Src/stm32h7xx_it.c **** 
  79:Core/Src/stm32h7xx_it.c ****   /* USER CODE END NonMaskableInt_IRQn 0 */
  80:Core/Src/stm32h7xx_it.c ****   /* USER CODE BEGIN NonMaskableInt_IRQn 1 */
  81:Core/Src/stm32h7xx_it.c ****    while (1)
ARM GAS  /tmp/ccppuV8E.s 			page 3


  35              		.loc 1 81 4 discriminator 1 view .LVU1
  82:Core/Src/stm32h7xx_it.c ****   {
  83:Core/Src/stm32h7xx_it.c ****   }
  36              		.loc 1 83 3 discriminator 1 view .LVU2
  81:Core/Src/stm32h7xx_it.c ****   {
  37              		.loc 1 81 10 discriminator 1 view .LVU3
  38 0000 FEE7     		b	.L2
  39              		.cfi_endproc
  40              	.LFE144:
  42              		.section	.text.HardFault_Handler,"ax",%progbits
  43              		.align	1
  44              		.global	HardFault_Handler
  45              		.syntax unified
  46              		.thumb
  47              		.thumb_func
  48              		.fpu fpv5-d16
  50              	HardFault_Handler:
  51              	.LFB145:
  84:Core/Src/stm32h7xx_it.c ****   /* USER CODE END NonMaskableInt_IRQn 1 */
  85:Core/Src/stm32h7xx_it.c **** }
  86:Core/Src/stm32h7xx_it.c **** 
  87:Core/Src/stm32h7xx_it.c **** /**
  88:Core/Src/stm32h7xx_it.c ****   * @brief This function handles Hard fault interrupt.
  89:Core/Src/stm32h7xx_it.c ****   */
  90:Core/Src/stm32h7xx_it.c **** void HardFault_Handler(void)
  91:Core/Src/stm32h7xx_it.c **** {
  52              		.loc 1 91 1 view -0
  53              		.cfi_startproc
  54              		@ Volatile: function does not return.
  55              		@ args = 0, pretend = 0, frame = 0
  56              		@ frame_needed = 0, uses_anonymous_args = 0
  57              		@ link register save eliminated.
  58              	.L4:
  92:Core/Src/stm32h7xx_it.c ****   /* USER CODE BEGIN HardFault_IRQn 0 */
  93:Core/Src/stm32h7xx_it.c **** 
  94:Core/Src/stm32h7xx_it.c ****   /* USER CODE END HardFault_IRQn 0 */
  95:Core/Src/stm32h7xx_it.c ****   while (1)
  59              		.loc 1 95 3 discriminator 1 view .LVU5
  96:Core/Src/stm32h7xx_it.c ****   {
  97:Core/Src/stm32h7xx_it.c ****     /* USER CODE BEGIN W1_HardFault_IRQn 0 */
  98:Core/Src/stm32h7xx_it.c ****     /* USER CODE END W1_HardFault_IRQn 0 */
  99:Core/Src/stm32h7xx_it.c ****   }
  60              		.loc 1 99 3 discriminator 1 view .LVU6
  95:Core/Src/stm32h7xx_it.c ****   {
  61              		.loc 1 95 9 discriminator 1 view .LVU7
  62 0000 FEE7     		b	.L4
  63              		.cfi_endproc
  64              	.LFE145:
  66              		.section	.text.MemManage_Handler,"ax",%progbits
  67              		.align	1
  68              		.global	MemManage_Handler
  69              		.syntax unified
  70              		.thumb
  71              		.thumb_func
  72              		.fpu fpv5-d16
  74              	MemManage_Handler:
  75              	.LFB146:
ARM GAS  /tmp/ccppuV8E.s 			page 4


 100:Core/Src/stm32h7xx_it.c **** }
 101:Core/Src/stm32h7xx_it.c **** 
 102:Core/Src/stm32h7xx_it.c **** /**
 103:Core/Src/stm32h7xx_it.c ****   * @brief This function handles Memory management fault.
 104:Core/Src/stm32h7xx_it.c ****   */
 105:Core/Src/stm32h7xx_it.c **** void MemManage_Handler(void)
 106:Core/Src/stm32h7xx_it.c **** {
  76              		.loc 1 106 1 view -0
  77              		.cfi_startproc
  78              		@ Volatile: function does not return.
  79              		@ args = 0, pretend = 0, frame = 0
  80              		@ frame_needed = 0, uses_anonymous_args = 0
  81              		@ link register save eliminated.
  82              	.L6:
 107:Core/Src/stm32h7xx_it.c ****   /* USER CODE BEGIN MemoryManagement_IRQn 0 */
 108:Core/Src/stm32h7xx_it.c **** 
 109:Core/Src/stm32h7xx_it.c ****   /* USER CODE END MemoryManagement_IRQn 0 */
 110:Core/Src/stm32h7xx_it.c ****   while (1)
  83              		.loc 1 110 3 discriminator 1 view .LVU9
 111:Core/Src/stm32h7xx_it.c ****   {
 112:Core/Src/stm32h7xx_it.c ****     /* USER CODE BEGIN W1_MemoryManagement_IRQn 0 */
 113:Core/Src/stm32h7xx_it.c ****     /* USER CODE END W1_MemoryManagement_IRQn 0 */
 114:Core/Src/stm32h7xx_it.c ****   }
  84              		.loc 1 114 3 discriminator 1 view .LVU10
 110:Core/Src/stm32h7xx_it.c ****   {
  85              		.loc 1 110 9 discriminator 1 view .LVU11
  86 0000 FEE7     		b	.L6
  87              		.cfi_endproc
  88              	.LFE146:
  90              		.section	.text.BusFault_Handler,"ax",%progbits
  91              		.align	1
  92              		.global	BusFault_Handler
  93              		.syntax unified
  94              		.thumb
  95              		.thumb_func
  96              		.fpu fpv5-d16
  98              	BusFault_Handler:
  99              	.LFB147:
 115:Core/Src/stm32h7xx_it.c **** }
 116:Core/Src/stm32h7xx_it.c **** 
 117:Core/Src/stm32h7xx_it.c **** /**
 118:Core/Src/stm32h7xx_it.c ****   * @brief This function handles Pre-fetch fault, memory access fault.
 119:Core/Src/stm32h7xx_it.c ****   */
 120:Core/Src/stm32h7xx_it.c **** void BusFault_Handler(void)
 121:Core/Src/stm32h7xx_it.c **** {
 100              		.loc 1 121 1 view -0
 101              		.cfi_startproc
 102              		@ Volatile: function does not return.
 103              		@ args = 0, pretend = 0, frame = 0
 104              		@ frame_needed = 0, uses_anonymous_args = 0
 105              		@ link register save eliminated.
 106              	.L8:
 122:Core/Src/stm32h7xx_it.c ****   /* USER CODE BEGIN BusFault_IRQn 0 */
 123:Core/Src/stm32h7xx_it.c **** 
 124:Core/Src/stm32h7xx_it.c ****   /* USER CODE END BusFault_IRQn 0 */
 125:Core/Src/stm32h7xx_it.c ****   while (1)
 107              		.loc 1 125 3 discriminator 1 view .LVU13
ARM GAS  /tmp/ccppuV8E.s 			page 5


 126:Core/Src/stm32h7xx_it.c ****   {
 127:Core/Src/stm32h7xx_it.c ****     /* USER CODE BEGIN W1_BusFault_IRQn 0 */
 128:Core/Src/stm32h7xx_it.c ****     /* USER CODE END W1_BusFault_IRQn 0 */
 129:Core/Src/stm32h7xx_it.c ****   }
 108              		.loc 1 129 3 discriminator 1 view .LVU14
 125:Core/Src/stm32h7xx_it.c ****   {
 109              		.loc 1 125 9 discriminator 1 view .LVU15
 110 0000 FEE7     		b	.L8
 111              		.cfi_endproc
 112              	.LFE147:
 114              		.section	.text.UsageFault_Handler,"ax",%progbits
 115              		.align	1
 116              		.global	UsageFault_Handler
 117              		.syntax unified
 118              		.thumb
 119              		.thumb_func
 120              		.fpu fpv5-d16
 122              	UsageFault_Handler:
 123              	.LFB148:
 130:Core/Src/stm32h7xx_it.c **** }
 131:Core/Src/stm32h7xx_it.c **** 
 132:Core/Src/stm32h7xx_it.c **** /**
 133:Core/Src/stm32h7xx_it.c ****   * @brief This function handles Undefined instruction or illegal state.
 134:Core/Src/stm32h7xx_it.c ****   */
 135:Core/Src/stm32h7xx_it.c **** void UsageFault_Handler(void)
 136:Core/Src/stm32h7xx_it.c **** {
 124              		.loc 1 136 1 view -0
 125              		.cfi_startproc
 126              		@ Volatile: function does not return.
 127              		@ args = 0, pretend = 0, frame = 0
 128              		@ frame_needed = 0, uses_anonymous_args = 0
 129              		@ link register save eliminated.
 130              	.L10:
 137:Core/Src/stm32h7xx_it.c ****   /* USER CODE BEGIN UsageFault_IRQn 0 */
 138:Core/Src/stm32h7xx_it.c **** 
 139:Core/Src/stm32h7xx_it.c ****   /* USER CODE END UsageFault_IRQn 0 */
 140:Core/Src/stm32h7xx_it.c ****   while (1)
 131              		.loc 1 140 3 discriminator 1 view .LVU17
 141:Core/Src/stm32h7xx_it.c ****   {
 142:Core/Src/stm32h7xx_it.c ****     /* USER CODE BEGIN W1_UsageFault_IRQn 0 */
 143:Core/Src/stm32h7xx_it.c ****     /* USER CODE END W1_UsageFault_IRQn 0 */
 144:Core/Src/stm32h7xx_it.c ****   }
 132              		.loc 1 144 3 discriminator 1 view .LVU18
 140:Core/Src/stm32h7xx_it.c ****   {
 133              		.loc 1 140 9 discriminator 1 view .LVU19
 134 0000 FEE7     		b	.L10
 135              		.cfi_endproc
 136              	.LFE148:
 138              		.section	.text.DebugMon_Handler,"ax",%progbits
 139              		.align	1
 140              		.global	DebugMon_Handler
 141              		.syntax unified
 142              		.thumb
 143              		.thumb_func
 144              		.fpu fpv5-d16
 146              	DebugMon_Handler:
 147              	.LFB149:
ARM GAS  /tmp/ccppuV8E.s 			page 6


 145:Core/Src/stm32h7xx_it.c **** }
 146:Core/Src/stm32h7xx_it.c **** 
 147:Core/Src/stm32h7xx_it.c **** /**
 148:Core/Src/stm32h7xx_it.c ****   * @brief This function handles Debug monitor.
 149:Core/Src/stm32h7xx_it.c ****   */
 150:Core/Src/stm32h7xx_it.c **** void DebugMon_Handler(void)
 151:Core/Src/stm32h7xx_it.c **** {
 148              		.loc 1 151 1 view -0
 149              		.cfi_startproc
 150              		@ args = 0, pretend = 0, frame = 0
 151              		@ frame_needed = 0, uses_anonymous_args = 0
 152              		@ link register save eliminated.
 152:Core/Src/stm32h7xx_it.c ****   /* USER CODE BEGIN DebugMonitor_IRQn 0 */
 153:Core/Src/stm32h7xx_it.c **** 
 154:Core/Src/stm32h7xx_it.c ****   /* USER CODE END DebugMonitor_IRQn 0 */
 155:Core/Src/stm32h7xx_it.c ****   /* USER CODE BEGIN DebugMonitor_IRQn 1 */
 156:Core/Src/stm32h7xx_it.c **** 
 157:Core/Src/stm32h7xx_it.c ****   /* USER CODE END DebugMonitor_IRQn 1 */
 158:Core/Src/stm32h7xx_it.c **** }
 153              		.loc 1 158 1 view .LVU21
 154 0000 7047     		bx	lr
 155              		.cfi_endproc
 156              	.LFE149:
 158              		.section	.text.DMA1_Stream0_IRQHandler,"ax",%progbits
 159              		.align	1
 160              		.global	DMA1_Stream0_IRQHandler
 161              		.syntax unified
 162              		.thumb
 163              		.thumb_func
 164              		.fpu fpv5-d16
 166              	DMA1_Stream0_IRQHandler:
 167              	.LFB150:
 159:Core/Src/stm32h7xx_it.c **** 
 160:Core/Src/stm32h7xx_it.c **** /******************************************************************************/
 161:Core/Src/stm32h7xx_it.c **** /* STM32H7xx Peripheral Interrupt Handlers                                    */
 162:Core/Src/stm32h7xx_it.c **** /* Add here the Interrupt Handlers for the used peripherals.                  */
 163:Core/Src/stm32h7xx_it.c **** /* For the available peripheral interrupt handler names,                      */
 164:Core/Src/stm32h7xx_it.c **** /* please refer to the startup file (startup_stm32h7xx.s).                    */
 165:Core/Src/stm32h7xx_it.c **** /******************************************************************************/
 166:Core/Src/stm32h7xx_it.c **** 
 167:Core/Src/stm32h7xx_it.c **** /**
 168:Core/Src/stm32h7xx_it.c ****   * @brief This function handles DMA1 stream0 global interrupt.
 169:Core/Src/stm32h7xx_it.c ****   */
 170:Core/Src/stm32h7xx_it.c **** void DMA1_Stream0_IRQHandler(void)
 171:Core/Src/stm32h7xx_it.c **** {
 168              		.loc 1 171 1 view -0
 169              		.cfi_startproc
 170              		@ args = 0, pretend = 0, frame = 0
 171              		@ frame_needed = 0, uses_anonymous_args = 0
 172 0000 08B5     		push	{r3, lr}
 173              	.LCFI0:
 174              		.cfi_def_cfa_offset 8
 175              		.cfi_offset 3, -8
 176              		.cfi_offset 14, -4
 172:Core/Src/stm32h7xx_it.c ****   /* USER CODE BEGIN DMA1_Stream0_IRQn 0 */
 173:Core/Src/stm32h7xx_it.c **** 
 174:Core/Src/stm32h7xx_it.c ****   /* USER CODE END DMA1_Stream0_IRQn 0 */
ARM GAS  /tmp/ccppuV8E.s 			page 7


 175:Core/Src/stm32h7xx_it.c ****   HAL_DMA_IRQHandler(&hdma_cordic_wr);
 177              		.loc 1 175 3 view .LVU23
 178 0002 0248     		ldr	r0, .L14
 179 0004 FFF7FEFF 		bl	HAL_DMA_IRQHandler
 180              	.LVL0:
 176:Core/Src/stm32h7xx_it.c ****   /* USER CODE BEGIN DMA1_Stream0_IRQn 1 */
 177:Core/Src/stm32h7xx_it.c **** 
 178:Core/Src/stm32h7xx_it.c ****   /* USER CODE END DMA1_Stream0_IRQn 1 */
 179:Core/Src/stm32h7xx_it.c **** }
 181              		.loc 1 179 1 is_stmt 0 view .LVU24
 182 0008 08BD     		pop	{r3, pc}
 183              	.L15:
 184 000a 00BF     		.align	2
 185              	.L14:
 186 000c 00000000 		.word	hdma_cordic_wr
 187              		.cfi_endproc
 188              	.LFE150:
 190              		.section	.text.DMA1_Stream1_IRQHandler,"ax",%progbits
 191              		.align	1
 192              		.global	DMA1_Stream1_IRQHandler
 193              		.syntax unified
 194              		.thumb
 195              		.thumb_func
 196              		.fpu fpv5-d16
 198              	DMA1_Stream1_IRQHandler:
 199              	.LFB151:
 180:Core/Src/stm32h7xx_it.c **** 
 181:Core/Src/stm32h7xx_it.c **** /**
 182:Core/Src/stm32h7xx_it.c ****   * @brief This function handles DMA1 stream1 global interrupt.
 183:Core/Src/stm32h7xx_it.c ****   */
 184:Core/Src/stm32h7xx_it.c **** void DMA1_Stream1_IRQHandler(void)
 185:Core/Src/stm32h7xx_it.c **** {
 200              		.loc 1 185 1 is_stmt 1 view -0
 201              		.cfi_startproc
 202              		@ args = 0, pretend = 0, frame = 0
 203              		@ frame_needed = 0, uses_anonymous_args = 0
 204 0000 08B5     		push	{r3, lr}
 205              	.LCFI1:
 206              		.cfi_def_cfa_offset 8
 207              		.cfi_offset 3, -8
 208              		.cfi_offset 14, -4
 186:Core/Src/stm32h7xx_it.c ****   /* USER CODE BEGIN DMA1_Stream1_IRQn 0 */
 187:Core/Src/stm32h7xx_it.c **** 
 188:Core/Src/stm32h7xx_it.c ****   /* USER CODE END DMA1_Stream1_IRQn 0 */
 189:Core/Src/stm32h7xx_it.c ****   HAL_DMA_IRQHandler(&hdma_cordic_rd);
 209              		.loc 1 189 3 view .LVU26
 210 0002 0248     		ldr	r0, .L18
 211 0004 FFF7FEFF 		bl	HAL_DMA_IRQHandler
 212              	.LVL1:
 190:Core/Src/stm32h7xx_it.c ****   /* USER CODE BEGIN DMA1_Stream1_IRQn 1 */
 191:Core/Src/stm32h7xx_it.c **** 
 192:Core/Src/stm32h7xx_it.c ****   /* USER CODE END DMA1_Stream1_IRQn 1 */
 193:Core/Src/stm32h7xx_it.c **** }
 213              		.loc 1 193 1 is_stmt 0 view .LVU27
 214 0008 08BD     		pop	{r3, pc}
 215              	.L19:
 216 000a 00BF     		.align	2
ARM GAS  /tmp/ccppuV8E.s 			page 8


 217              	.L18:
 218 000c 00000000 		.word	hdma_cordic_rd
 219              		.cfi_endproc
 220              	.LFE151:
 222              		.section	.text.DMA1_Stream2_IRQHandler,"ax",%progbits
 223              		.align	1
 224              		.global	DMA1_Stream2_IRQHandler
 225              		.syntax unified
 226              		.thumb
 227              		.thumb_func
 228              		.fpu fpv5-d16
 230              	DMA1_Stream2_IRQHandler:
 231              	.LFB152:
 194:Core/Src/stm32h7xx_it.c **** 
 195:Core/Src/stm32h7xx_it.c **** /**
 196:Core/Src/stm32h7xx_it.c ****   * @brief This function handles DMA1 stream2 global interrupt.
 197:Core/Src/stm32h7xx_it.c ****   */
 198:Core/Src/stm32h7xx_it.c **** void DMA1_Stream2_IRQHandler(void)
 199:Core/Src/stm32h7xx_it.c **** {
 232              		.loc 1 199 1 is_stmt 1 view -0
 233              		.cfi_startproc
 234              		@ args = 0, pretend = 0, frame = 0
 235              		@ frame_needed = 0, uses_anonymous_args = 0
 236 0000 08B5     		push	{r3, lr}
 237              	.LCFI2:
 238              		.cfi_def_cfa_offset 8
 239              		.cfi_offset 3, -8
 240              		.cfi_offset 14, -4
 200:Core/Src/stm32h7xx_it.c ****   /* USER CODE BEGIN DMA1_Stream2_IRQn 0 */
 201:Core/Src/stm32h7xx_it.c **** 
 202:Core/Src/stm32h7xx_it.c ****   /* USER CODE END DMA1_Stream2_IRQn 0 */
 203:Core/Src/stm32h7xx_it.c ****   HAL_DMA_IRQHandler(&hdma_fmac_rd);
 241              		.loc 1 203 3 view .LVU29
 242 0002 0248     		ldr	r0, .L22
 243 0004 FFF7FEFF 		bl	HAL_DMA_IRQHandler
 244              	.LVL2:
 204:Core/Src/stm32h7xx_it.c ****   /* USER CODE BEGIN DMA1_Stream2_IRQn 1 */
 205:Core/Src/stm32h7xx_it.c **** 
 206:Core/Src/stm32h7xx_it.c ****   /* USER CODE END DMA1_Stream2_IRQn 1 */
 207:Core/Src/stm32h7xx_it.c **** }
 245              		.loc 1 207 1 is_stmt 0 view .LVU30
 246 0008 08BD     		pop	{r3, pc}
 247              	.L23:
 248 000a 00BF     		.align	2
 249              	.L22:
 250 000c 00000000 		.word	hdma_fmac_rd
 251              		.cfi_endproc
 252              	.LFE152:
 254              		.section	.text.DMA1_Stream3_IRQHandler,"ax",%progbits
 255              		.align	1
 256              		.global	DMA1_Stream3_IRQHandler
 257              		.syntax unified
 258              		.thumb
 259              		.thumb_func
 260              		.fpu fpv5-d16
 262              	DMA1_Stream3_IRQHandler:
 263              	.LFB153:
ARM GAS  /tmp/ccppuV8E.s 			page 9


 208:Core/Src/stm32h7xx_it.c **** 
 209:Core/Src/stm32h7xx_it.c **** /**
 210:Core/Src/stm32h7xx_it.c ****   * @brief This function handles DMA1 stream3 global interrupt.
 211:Core/Src/stm32h7xx_it.c ****   */
 212:Core/Src/stm32h7xx_it.c **** void DMA1_Stream3_IRQHandler(void)
 213:Core/Src/stm32h7xx_it.c **** {
 264              		.loc 1 213 1 is_stmt 1 view -0
 265              		.cfi_startproc
 266              		@ args = 0, pretend = 0, frame = 0
 267              		@ frame_needed = 0, uses_anonymous_args = 0
 268 0000 08B5     		push	{r3, lr}
 269              	.LCFI3:
 270              		.cfi_def_cfa_offset 8
 271              		.cfi_offset 3, -8
 272              		.cfi_offset 14, -4
 214:Core/Src/stm32h7xx_it.c ****   /* USER CODE BEGIN DMA1_Stream3_IRQn 0 */
 215:Core/Src/stm32h7xx_it.c **** 
 216:Core/Src/stm32h7xx_it.c ****   /* USER CODE END DMA1_Stream3_IRQn 0 */
 217:Core/Src/stm32h7xx_it.c ****   HAL_DMA_IRQHandler(&hdma_fmac_wr);
 273              		.loc 1 217 3 view .LVU32
 274 0002 0248     		ldr	r0, .L26
 275 0004 FFF7FEFF 		bl	HAL_DMA_IRQHandler
 276              	.LVL3:
 218:Core/Src/stm32h7xx_it.c ****   /* USER CODE BEGIN DMA1_Stream3_IRQn 1 */
 219:Core/Src/stm32h7xx_it.c **** 
 220:Core/Src/stm32h7xx_it.c ****   /* USER CODE END DMA1_Stream3_IRQn 1 */
 221:Core/Src/stm32h7xx_it.c **** }
 277              		.loc 1 221 1 is_stmt 0 view .LVU33
 278 0008 08BD     		pop	{r3, pc}
 279              	.L27:
 280 000a 00BF     		.align	2
 281              	.L26:
 282 000c 00000000 		.word	hdma_fmac_wr
 283              		.cfi_endproc
 284              	.LFE153:
 286              		.section	.text.FDCAN1_IT0_IRQHandler,"ax",%progbits
 287              		.align	1
 288              		.global	FDCAN1_IT0_IRQHandler
 289              		.syntax unified
 290              		.thumb
 291              		.thumb_func
 292              		.fpu fpv5-d16
 294              	FDCAN1_IT0_IRQHandler:
 295              	.LFB154:
 222:Core/Src/stm32h7xx_it.c **** 
 223:Core/Src/stm32h7xx_it.c **** /**
 224:Core/Src/stm32h7xx_it.c ****   * @brief This function handles FDCAN1 interrupt 0.
 225:Core/Src/stm32h7xx_it.c ****   */
 226:Core/Src/stm32h7xx_it.c **** void FDCAN1_IT0_IRQHandler(void)
 227:Core/Src/stm32h7xx_it.c **** {
 296              		.loc 1 227 1 is_stmt 1 view -0
 297              		.cfi_startproc
 298              		@ args = 0, pretend = 0, frame = 0
 299              		@ frame_needed = 0, uses_anonymous_args = 0
 300 0000 08B5     		push	{r3, lr}
 301              	.LCFI4:
 302              		.cfi_def_cfa_offset 8
ARM GAS  /tmp/ccppuV8E.s 			page 10


 303              		.cfi_offset 3, -8
 304              		.cfi_offset 14, -4
 228:Core/Src/stm32h7xx_it.c ****   /* USER CODE BEGIN FDCAN1_IT0_IRQn 0 */
 229:Core/Src/stm32h7xx_it.c **** 
 230:Core/Src/stm32h7xx_it.c ****   /* USER CODE END FDCAN1_IT0_IRQn 0 */
 231:Core/Src/stm32h7xx_it.c ****   HAL_FDCAN_IRQHandler(&hfdcan1);
 305              		.loc 1 231 3 view .LVU35
 306 0002 0248     		ldr	r0, .L30
 307 0004 FFF7FEFF 		bl	HAL_FDCAN_IRQHandler
 308              	.LVL4:
 232:Core/Src/stm32h7xx_it.c ****   /* USER CODE BEGIN FDCAN1_IT0_IRQn 1 */
 233:Core/Src/stm32h7xx_it.c **** 
 234:Core/Src/stm32h7xx_it.c ****   /* USER CODE END FDCAN1_IT0_IRQn 1 */
 235:Core/Src/stm32h7xx_it.c **** }
 309              		.loc 1 235 1 is_stmt 0 view .LVU36
 310 0008 08BD     		pop	{r3, pc}
 311              	.L31:
 312 000a 00BF     		.align	2
 313              	.L30:
 314 000c 00000000 		.word	hfdcan1
 315              		.cfi_endproc
 316              	.LFE154:
 318              		.section	.text.TIM6_DAC_IRQHandler,"ax",%progbits
 319              		.align	1
 320              		.global	TIM6_DAC_IRQHandler
 321              		.syntax unified
 322              		.thumb
 323              		.thumb_func
 324              		.fpu fpv5-d16
 326              	TIM6_DAC_IRQHandler:
 327              	.LFB155:
 236:Core/Src/stm32h7xx_it.c **** 
 237:Core/Src/stm32h7xx_it.c **** /**
 238:Core/Src/stm32h7xx_it.c ****   * @brief This function handles TIM6 global interrupt, DAC1_CH1 and DAC1_CH2 underrun error interr
 239:Core/Src/stm32h7xx_it.c ****   */
 240:Core/Src/stm32h7xx_it.c **** void TIM6_DAC_IRQHandler(void)
 241:Core/Src/stm32h7xx_it.c **** {
 328              		.loc 1 241 1 is_stmt 1 view -0
 329              		.cfi_startproc
 330              		@ args = 0, pretend = 0, frame = 0
 331              		@ frame_needed = 0, uses_anonymous_args = 0
 332 0000 08B5     		push	{r3, lr}
 333              	.LCFI5:
 334              		.cfi_def_cfa_offset 8
 335              		.cfi_offset 3, -8
 336              		.cfi_offset 14, -4
 242:Core/Src/stm32h7xx_it.c ****   /* USER CODE BEGIN TIM6_DAC_IRQn 0 */
 243:Core/Src/stm32h7xx_it.c **** 
 244:Core/Src/stm32h7xx_it.c ****   /* USER CODE END TIM6_DAC_IRQn 0 */
 245:Core/Src/stm32h7xx_it.c ****   HAL_TIM_IRQHandler(&htim6);
 337              		.loc 1 245 3 view .LVU38
 338 0002 0248     		ldr	r0, .L34
 339 0004 FFF7FEFF 		bl	HAL_TIM_IRQHandler
 340              	.LVL5:
 246:Core/Src/stm32h7xx_it.c ****   /* USER CODE BEGIN TIM6_DAC_IRQn 1 */
 247:Core/Src/stm32h7xx_it.c **** 
 248:Core/Src/stm32h7xx_it.c ****   /* USER CODE END TIM6_DAC_IRQn 1 */
ARM GAS  /tmp/ccppuV8E.s 			page 11


 249:Core/Src/stm32h7xx_it.c **** }
 341              		.loc 1 249 1 is_stmt 0 view .LVU39
 342 0008 08BD     		pop	{r3, pc}
 343              	.L35:
 344 000a 00BF     		.align	2
 345              	.L34:
 346 000c 00000000 		.word	htim6
 347              		.cfi_endproc
 348              	.LFE155:
 350              		.text
 351              	.Letext0:
 352              		.file 2 "Drivers/CMSIS/Device/ST/STM32H7xx/Include/stm32h723xx.h"
 353              		.file 3 "/usr/lib/gcc/arm-none-eabi/10.3.1/include/stdint.h"
 354              		.file 4 "Drivers/CMSIS/Device/ST/STM32H7xx/Include/stm32h7xx.h"
 355              		.file 5 "Drivers/STM32H7xx_HAL_Driver/Inc/stm32h7xx_hal_def.h"
 356              		.file 6 "Drivers/STM32H7xx_HAL_Driver/Inc/stm32h7xx_hal_dma.h"
 357              		.file 7 "Drivers/STM32H7xx_HAL_Driver/Inc/stm32h7xx_hal_fdcan.h"
 358              		.file 8 "Drivers/STM32H7xx_HAL_Driver/Inc/stm32h7xx_hal_tim.h"
ARM GAS  /tmp/ccppuV8E.s 			page 12


DEFINED SYMBOLS
                            *ABS*:0000000000000000 stm32h7xx_it.c
     /tmp/ccppuV8E.s:17     .text.NMI_Handler:0000000000000000 $t
     /tmp/ccppuV8E.s:25     .text.NMI_Handler:0000000000000000 NMI_Handler
     /tmp/ccppuV8E.s:43     .text.HardFault_Handler:0000000000000000 $t
     /tmp/ccppuV8E.s:50     .text.HardFault_Handler:0000000000000000 HardFault_Handler
     /tmp/ccppuV8E.s:67     .text.MemManage_Handler:0000000000000000 $t
     /tmp/ccppuV8E.s:74     .text.MemManage_Handler:0000000000000000 MemManage_Handler
     /tmp/ccppuV8E.s:91     .text.BusFault_Handler:0000000000000000 $t
     /tmp/ccppuV8E.s:98     .text.BusFault_Handler:0000000000000000 BusFault_Handler
     /tmp/ccppuV8E.s:115    .text.UsageFault_Handler:0000000000000000 $t
     /tmp/ccppuV8E.s:122    .text.UsageFault_Handler:0000000000000000 UsageFault_Handler
     /tmp/ccppuV8E.s:139    .text.DebugMon_Handler:0000000000000000 $t
     /tmp/ccppuV8E.s:146    .text.DebugMon_Handler:0000000000000000 DebugMon_Handler
     /tmp/ccppuV8E.s:159    .text.DMA1_Stream0_IRQHandler:0000000000000000 $t
     /tmp/ccppuV8E.s:166    .text.DMA1_Stream0_IRQHandler:0000000000000000 DMA1_Stream0_IRQHandler
     /tmp/ccppuV8E.s:186    .text.DMA1_Stream0_IRQHandler:000000000000000c $d
     /tmp/ccppuV8E.s:191    .text.DMA1_Stream1_IRQHandler:0000000000000000 $t
     /tmp/ccppuV8E.s:198    .text.DMA1_Stream1_IRQHandler:0000000000000000 DMA1_Stream1_IRQHandler
     /tmp/ccppuV8E.s:218    .text.DMA1_Stream1_IRQHandler:000000000000000c $d
     /tmp/ccppuV8E.s:223    .text.DMA1_Stream2_IRQHandler:0000000000000000 $t
     /tmp/ccppuV8E.s:230    .text.DMA1_Stream2_IRQHandler:0000000000000000 DMA1_Stream2_IRQHandler
     /tmp/ccppuV8E.s:250    .text.DMA1_Stream2_IRQHandler:000000000000000c $d
     /tmp/ccppuV8E.s:255    .text.DMA1_Stream3_IRQHandler:0000000000000000 $t
     /tmp/ccppuV8E.s:262    .text.DMA1_Stream3_IRQHandler:0000000000000000 DMA1_Stream3_IRQHandler
     /tmp/ccppuV8E.s:282    .text.DMA1_Stream3_IRQHandler:000000000000000c $d
     /tmp/ccppuV8E.s:287    .text.FDCAN1_IT0_IRQHandler:0000000000000000 $t
     /tmp/ccppuV8E.s:294    .text.FDCAN1_IT0_IRQHandler:0000000000000000 FDCAN1_IT0_IRQHandler
     /tmp/ccppuV8E.s:314    .text.FDCAN1_IT0_IRQHandler:000000000000000c $d
     /tmp/ccppuV8E.s:319    .text.TIM6_DAC_IRQHandler:0000000000000000 $t
     /tmp/ccppuV8E.s:326    .text.TIM6_DAC_IRQHandler:0000000000000000 TIM6_DAC_IRQHandler
     /tmp/ccppuV8E.s:346    .text.TIM6_DAC_IRQHandler:000000000000000c $d

UNDEFINED SYMBOLS
HAL_DMA_IRQHandler
hdma_cordic_wr
hdma_cordic_rd
hdma_fmac_rd
hdma_fmac_wr
HAL_FDCAN_IRQHandler
hfdcan1
HAL_TIM_IRQHandler
htim6
