ARM GAS  /tmp/cc6TXrlB.s 			page 1


   1              		.cpu cortex-m7
   2              		.eabi_attribute 28, 1
   3              		.eabi_attribute 20, 1
   4              		.eabi_attribute 21, 1
   5              		.eabi_attribute 23, 3
   6              		.eabi_attribute 24, 1
   7              		.eabi_attribute 25, 1
   8              		.eabi_attribute 26, 1
   9              		.eabi_attribute 30, 1
  10              		.eabi_attribute 34, 1
  11              		.eabi_attribute 18, 4
  12              		.file	"sys_arch.c"
  13              		.text
  14              	.Ltext0:
  15              		.cfi_sections	.debug_frame
  16              		.section	.text.sys_mbox_new,"ax",%progbits
  17              		.align	1
  18              		.global	sys_mbox_new
  19              		.arch armv7e-m
  20              		.syntax unified
  21              		.thumb
  22              		.thumb_func
  23              		.fpu fpv5-d16
  25              	sys_mbox_new:
  26              	.LVL0:
  27              	.LFB173:
  28              		.file 1 "Middlewares/Third_Party/LwIP/system/OS/sys_arch.c"
   1:Middlewares/Third_Party/LwIP/system/OS/sys_arch.c **** /*
   2:Middlewares/Third_Party/LwIP/system/OS/sys_arch.c ****  * Copyright (c) 2001-2003 Swedish Institute of Computer Science.
   3:Middlewares/Third_Party/LwIP/system/OS/sys_arch.c ****  * All rights reserved.
   4:Middlewares/Third_Party/LwIP/system/OS/sys_arch.c ****  *
   5:Middlewares/Third_Party/LwIP/system/OS/sys_arch.c ****  * Redistribution and use in source and binary forms, with or without modification,
   6:Middlewares/Third_Party/LwIP/system/OS/sys_arch.c ****  * are permitted provided that the following conditions are met:
   7:Middlewares/Third_Party/LwIP/system/OS/sys_arch.c ****  *
   8:Middlewares/Third_Party/LwIP/system/OS/sys_arch.c ****  * 1. Redistributions of source code must retain the above copyright notice,
   9:Middlewares/Third_Party/LwIP/system/OS/sys_arch.c ****  *    this list of conditions and the following disclaimer.
  10:Middlewares/Third_Party/LwIP/system/OS/sys_arch.c ****  * 2. Redistributions in binary form must reproduce the above copyright notice,
  11:Middlewares/Third_Party/LwIP/system/OS/sys_arch.c ****  *    this list of conditions and the following disclaimer in the documentation
  12:Middlewares/Third_Party/LwIP/system/OS/sys_arch.c ****  *    and/or other materials provided with the distribution.
  13:Middlewares/Third_Party/LwIP/system/OS/sys_arch.c ****  * 3. The name of the author may not be used to endorse or promote products
  14:Middlewares/Third_Party/LwIP/system/OS/sys_arch.c ****  *    derived from this software without specific prior written permission.
  15:Middlewares/Third_Party/LwIP/system/OS/sys_arch.c ****  *
  16:Middlewares/Third_Party/LwIP/system/OS/sys_arch.c ****  * THIS SOFTWARE IS PROVIDED BY THE AUTHOR ``AS IS'' AND ANY EXPRESS OR IMPLIED
  17:Middlewares/Third_Party/LwIP/system/OS/sys_arch.c ****  * WARRANTIES, INCLUDING, BUT NOT LIMITED TO, THE IMPLIED WARRANTIES OF
  18:Middlewares/Third_Party/LwIP/system/OS/sys_arch.c ****  * MERCHANTABILITY AND FITNESS FOR A PARTICULAR PURPOSE ARE DISCLAIMED. IN NO EVENT
  19:Middlewares/Third_Party/LwIP/system/OS/sys_arch.c ****  * SHALL THE AUTHOR BE LIABLE FOR ANY DIRECT, INDIRECT, INCIDENTAL, SPECIAL,
  20:Middlewares/Third_Party/LwIP/system/OS/sys_arch.c ****  * EXEMPLARY, OR CONSEQUENTIAL DAMAGES (INCLUDING, BUT NOT LIMITED TO, PROCUREMENT
  21:Middlewares/Third_Party/LwIP/system/OS/sys_arch.c ****  * OF SUBSTITUTE GOODS OR SERVICES; LOSS OF USE, DATA, OR PROFITS; OR BUSINESS
  22:Middlewares/Third_Party/LwIP/system/OS/sys_arch.c ****  * INTERRUPTION) HOWEVER CAUSED AND ON ANY THEORY OF LIABILITY, WHETHER IN
  23:Middlewares/Third_Party/LwIP/system/OS/sys_arch.c ****  * CONTRACT, STRICT LIABILITY, OR TORT (INCLUDING NEGLIGENCE OR OTHERWISE) ARISING
  24:Middlewares/Third_Party/LwIP/system/OS/sys_arch.c ****  * IN ANY WAY OUT OF THE USE OF THIS SOFTWARE, EVEN IF ADVISED OF THE POSSIBILITY
  25:Middlewares/Third_Party/LwIP/system/OS/sys_arch.c ****  * OF SUCH DAMAGE.
  26:Middlewares/Third_Party/LwIP/system/OS/sys_arch.c ****  *
  27:Middlewares/Third_Party/LwIP/system/OS/sys_arch.c ****  * This file is part of the lwIP TCP/IP stack.
  28:Middlewares/Third_Party/LwIP/system/OS/sys_arch.c ****  *
  29:Middlewares/Third_Party/LwIP/system/OS/sys_arch.c ****  * Author: Adam Dunkels <adam@sics.se>
  30:Middlewares/Third_Party/LwIP/system/OS/sys_arch.c ****  *
ARM GAS  /tmp/cc6TXrlB.s 			page 2


  31:Middlewares/Third_Party/LwIP/system/OS/sys_arch.c ****  */
  32:Middlewares/Third_Party/LwIP/system/OS/sys_arch.c **** 
  33:Middlewares/Third_Party/LwIP/system/OS/sys_arch.c **** /* lwIP includes. */
  34:Middlewares/Third_Party/LwIP/system/OS/sys_arch.c **** #include "lwip/debug.h"
  35:Middlewares/Third_Party/LwIP/system/OS/sys_arch.c **** #include "lwip/def.h"
  36:Middlewares/Third_Party/LwIP/system/OS/sys_arch.c **** #include "lwip/sys.h"
  37:Middlewares/Third_Party/LwIP/system/OS/sys_arch.c **** #include "lwip/mem.h"
  38:Middlewares/Third_Party/LwIP/system/OS/sys_arch.c **** #include "lwip/stats.h"
  39:Middlewares/Third_Party/LwIP/system/OS/sys_arch.c **** 
  40:Middlewares/Third_Party/LwIP/system/OS/sys_arch.c **** #if !NO_SYS
  41:Middlewares/Third_Party/LwIP/system/OS/sys_arch.c **** 
  42:Middlewares/Third_Party/LwIP/system/OS/sys_arch.c **** #include "cmsis_os.h"
  43:Middlewares/Third_Party/LwIP/system/OS/sys_arch.c **** 
  44:Middlewares/Third_Party/LwIP/system/OS/sys_arch.c **** #if defined(LWIP_PROVIDE_ERRNO)
  45:Middlewares/Third_Party/LwIP/system/OS/sys_arch.c **** int errno;
  46:Middlewares/Third_Party/LwIP/system/OS/sys_arch.c **** #endif
  47:Middlewares/Third_Party/LwIP/system/OS/sys_arch.c **** 
  48:Middlewares/Third_Party/LwIP/system/OS/sys_arch.c **** /*-----------------------------------------------------------------------------------*/
  49:Middlewares/Third_Party/LwIP/system/OS/sys_arch.c **** //  Creates an empty mailbox.
  50:Middlewares/Third_Party/LwIP/system/OS/sys_arch.c **** err_t sys_mbox_new(sys_mbox_t *mbox, int size)
  51:Middlewares/Third_Party/LwIP/system/OS/sys_arch.c **** {
  29              		.loc 1 51 1 view -0
  30              		.cfi_startproc
  31              		@ args = 0, pretend = 0, frame = 0
  32              		@ frame_needed = 0, uses_anonymous_args = 0
  33              		.loc 1 51 1 is_stmt 0 view .LVU1
  34 0000 10B5     		push	{r4, lr}
  35              	.LCFI0:
  36              		.cfi_def_cfa_offset 8
  37              		.cfi_offset 4, -8
  38              		.cfi_offset 14, -4
  39 0002 0446     		mov	r4, r0
  40 0004 0846     		mov	r0, r1
  41              	.LVL1:
  52:Middlewares/Third_Party/LwIP/system/OS/sys_arch.c **** #if (osCMSIS < 0x20000U)
  53:Middlewares/Third_Party/LwIP/system/OS/sys_arch.c ****   osMessageQDef(QUEUE, size, void *);
  54:Middlewares/Third_Party/LwIP/system/OS/sys_arch.c ****   *mbox = osMessageCreate(osMessageQ(QUEUE), NULL);
  55:Middlewares/Third_Party/LwIP/system/OS/sys_arch.c **** #else
  56:Middlewares/Third_Party/LwIP/system/OS/sys_arch.c ****   *mbox = osMessageQueueNew(size, sizeof(void *), NULL);
  42              		.loc 1 56 3 is_stmt 1 view .LVU2
  43              		.loc 1 56 11 is_stmt 0 view .LVU3
  44 0006 0022     		movs	r2, #0
  45 0008 0421     		movs	r1, #4
  46              	.LVL2:
  47              		.loc 1 56 11 view .LVU4
  48 000a FFF7FEFF 		bl	osMessageQueueNew
  49              	.LVL3:
  50              		.loc 1 56 9 view .LVU5
  51 000e 2060     		str	r0, [r4]
  57:Middlewares/Third_Party/LwIP/system/OS/sys_arch.c **** #endif
  58:Middlewares/Third_Party/LwIP/system/OS/sys_arch.c **** #if SYS_STATS
  59:Middlewares/Third_Party/LwIP/system/OS/sys_arch.c ****   ++lwip_stats.sys.mbox.used;
  60:Middlewares/Third_Party/LwIP/system/OS/sys_arch.c ****   if(lwip_stats.sys.mbox.max < lwip_stats.sys.mbox.used)
  61:Middlewares/Third_Party/LwIP/system/OS/sys_arch.c ****   {
  62:Middlewares/Third_Party/LwIP/system/OS/sys_arch.c ****     lwip_stats.sys.mbox.max = lwip_stats.sys.mbox.used;
  63:Middlewares/Third_Party/LwIP/system/OS/sys_arch.c ****   }
  64:Middlewares/Third_Party/LwIP/system/OS/sys_arch.c **** #endif /* SYS_STATS */
ARM GAS  /tmp/cc6TXrlB.s 			page 3


  65:Middlewares/Third_Party/LwIP/system/OS/sys_arch.c ****   if(*mbox == NULL)
  52              		.loc 1 65 3 is_stmt 1 view .LVU6
  53              		.loc 1 65 5 is_stmt 0 view .LVU7
  54 0010 08B1     		cbz	r0, .L3
  66:Middlewares/Third_Party/LwIP/system/OS/sys_arch.c ****     return ERR_MEM;
  67:Middlewares/Third_Party/LwIP/system/OS/sys_arch.c **** 
  68:Middlewares/Third_Party/LwIP/system/OS/sys_arch.c ****   return ERR_OK;
  55              		.loc 1 68 10 view .LVU8
  56 0012 0020     		movs	r0, #0
  57              	.L2:
  69:Middlewares/Third_Party/LwIP/system/OS/sys_arch.c **** }
  58              		.loc 1 69 1 view .LVU9
  59 0014 10BD     		pop	{r4, pc}
  60              	.LVL4:
  61              	.L3:
  66:Middlewares/Third_Party/LwIP/system/OS/sys_arch.c ****     return ERR_MEM;
  62              		.loc 1 66 12 view .LVU10
  63 0016 4FF0FF30 		mov	r0, #-1
  64 001a FBE7     		b	.L2
  65              		.cfi_endproc
  66              	.LFE173:
  68              		.section	.text.sys_mbox_free,"ax",%progbits
  69              		.align	1
  70              		.global	sys_mbox_free
  71              		.syntax unified
  72              		.thumb
  73              		.thumb_func
  74              		.fpu fpv5-d16
  76              	sys_mbox_free:
  77              	.LVL5:
  78              	.LFB174:
  70:Middlewares/Third_Party/LwIP/system/OS/sys_arch.c **** 
  71:Middlewares/Third_Party/LwIP/system/OS/sys_arch.c **** /*-----------------------------------------------------------------------------------*/
  72:Middlewares/Third_Party/LwIP/system/OS/sys_arch.c **** /*
  73:Middlewares/Third_Party/LwIP/system/OS/sys_arch.c ****   Deallocates a mailbox. If there are messages still present in the
  74:Middlewares/Third_Party/LwIP/system/OS/sys_arch.c ****   mailbox when the mailbox is deallocated, it is an indication of a
  75:Middlewares/Third_Party/LwIP/system/OS/sys_arch.c ****   programming error in lwIP and the developer should be notified.
  76:Middlewares/Third_Party/LwIP/system/OS/sys_arch.c **** */
  77:Middlewares/Third_Party/LwIP/system/OS/sys_arch.c **** void sys_mbox_free(sys_mbox_t *mbox)
  78:Middlewares/Third_Party/LwIP/system/OS/sys_arch.c **** {
  79              		.loc 1 78 1 is_stmt 1 view -0
  80              		.cfi_startproc
  81              		@ args = 0, pretend = 0, frame = 0
  82              		@ frame_needed = 0, uses_anonymous_args = 0
  83              		.loc 1 78 1 is_stmt 0 view .LVU12
  84 0000 10B5     		push	{r4, lr}
  85              	.LCFI1:
  86              		.cfi_def_cfa_offset 8
  87              		.cfi_offset 4, -8
  88              		.cfi_offset 14, -4
  89 0002 0446     		mov	r4, r0
  79:Middlewares/Third_Party/LwIP/system/OS/sys_arch.c **** #if (osCMSIS < 0x20000U)
  80:Middlewares/Third_Party/LwIP/system/OS/sys_arch.c ****   if(osMessageWaiting(*mbox))
  81:Middlewares/Third_Party/LwIP/system/OS/sys_arch.c **** #else
  82:Middlewares/Third_Party/LwIP/system/OS/sys_arch.c ****   if(osMessageQueueGetCount(*mbox))
  90              		.loc 1 82 3 is_stmt 1 view .LVU13
  91              		.loc 1 82 6 is_stmt 0 view .LVU14
ARM GAS  /tmp/cc6TXrlB.s 			page 4


  92 0004 0068     		ldr	r0, [r0]
  93              	.LVL6:
  94              		.loc 1 82 6 view .LVU15
  95 0006 FFF7FEFF 		bl	osMessageQueueGetCount
  96              	.LVL7:
  83:Middlewares/Third_Party/LwIP/system/OS/sys_arch.c **** #endif
  84:Middlewares/Third_Party/LwIP/system/OS/sys_arch.c ****   {
  85:Middlewares/Third_Party/LwIP/system/OS/sys_arch.c ****     /* Line for breakpoint.  Should never break here! */
  86:Middlewares/Third_Party/LwIP/system/OS/sys_arch.c ****     portNOP();
  97              		.loc 1 86 14 is_stmt 1 view .LVU16
  87:Middlewares/Third_Party/LwIP/system/OS/sys_arch.c **** #if SYS_STATS
  88:Middlewares/Third_Party/LwIP/system/OS/sys_arch.c ****     lwip_stats.sys.mbox.err++;
  89:Middlewares/Third_Party/LwIP/system/OS/sys_arch.c **** #endif /* SYS_STATS */
  90:Middlewares/Third_Party/LwIP/system/OS/sys_arch.c **** 
  91:Middlewares/Third_Party/LwIP/system/OS/sys_arch.c ****   }
  92:Middlewares/Third_Party/LwIP/system/OS/sys_arch.c **** #if (osCMSIS < 0x20000U)
  93:Middlewares/Third_Party/LwIP/system/OS/sys_arch.c ****   osMessageDelete(*mbox);
  94:Middlewares/Third_Party/LwIP/system/OS/sys_arch.c **** #else
  95:Middlewares/Third_Party/LwIP/system/OS/sys_arch.c ****   osMessageQueueDelete(*mbox);
  98              		.loc 1 95 3 view .LVU17
  99 000a 2068     		ldr	r0, [r4]
 100 000c FFF7FEFF 		bl	osMessageQueueDelete
 101              	.LVL8:
  96:Middlewares/Third_Party/LwIP/system/OS/sys_arch.c **** #endif
  97:Middlewares/Third_Party/LwIP/system/OS/sys_arch.c **** #if SYS_STATS
  98:Middlewares/Third_Party/LwIP/system/OS/sys_arch.c ****   --lwip_stats.sys.mbox.used;
  99:Middlewares/Third_Party/LwIP/system/OS/sys_arch.c **** #endif /* SYS_STATS */
 100:Middlewares/Third_Party/LwIP/system/OS/sys_arch.c **** }
 102              		.loc 1 100 1 is_stmt 0 view .LVU18
 103 0010 10BD     		pop	{r4, pc}
 104              		.loc 1 100 1 view .LVU19
 105              		.cfi_endproc
 106              	.LFE174:
 108              		.section	.text.sys_mbox_post,"ax",%progbits
 109              		.align	1
 110              		.global	sys_mbox_post
 111              		.syntax unified
 112              		.thumb
 113              		.thumb_func
 114              		.fpu fpv5-d16
 116              	sys_mbox_post:
 117              	.LVL9:
 118              	.LFB175:
 101:Middlewares/Third_Party/LwIP/system/OS/sys_arch.c **** 
 102:Middlewares/Third_Party/LwIP/system/OS/sys_arch.c **** /*-----------------------------------------------------------------------------------*/
 103:Middlewares/Third_Party/LwIP/system/OS/sys_arch.c **** //   Posts the "msg" to the mailbox.
 104:Middlewares/Third_Party/LwIP/system/OS/sys_arch.c **** void sys_mbox_post(sys_mbox_t *mbox, void *data)
 105:Middlewares/Third_Party/LwIP/system/OS/sys_arch.c **** {
 119              		.loc 1 105 1 is_stmt 1 view -0
 120              		.cfi_startproc
 121              		@ args = 0, pretend = 0, frame = 8
 122              		@ frame_needed = 0, uses_anonymous_args = 0
 123              		.loc 1 105 1 is_stmt 0 view .LVU21
 124 0000 10B5     		push	{r4, lr}
 125              	.LCFI2:
 126              		.cfi_def_cfa_offset 8
 127              		.cfi_offset 4, -8
ARM GAS  /tmp/cc6TXrlB.s 			page 5


 128              		.cfi_offset 14, -4
 129 0002 82B0     		sub	sp, sp, #8
 130              	.LCFI3:
 131              		.cfi_def_cfa_offset 16
 132 0004 0446     		mov	r4, r0
 133 0006 0191     		str	r1, [sp, #4]
 106:Middlewares/Third_Party/LwIP/system/OS/sys_arch.c **** #if (osCMSIS < 0x20000U)
 107:Middlewares/Third_Party/LwIP/system/OS/sys_arch.c ****   while(osMessagePut(*mbox, (uint32_t)data, osWaitForever) != osOK);
 108:Middlewares/Third_Party/LwIP/system/OS/sys_arch.c **** #else
 109:Middlewares/Third_Party/LwIP/system/OS/sys_arch.c ****   while(osMessageQueuePut(*mbox, &data, 0, osWaitForever) != osOK);
 134              		.loc 1 109 3 is_stmt 1 view .LVU22
 135              	.LVL10:
 136              	.L8:
 137              		.loc 1 109 67 discriminator 1 view .LVU23
 138              		.loc 1 109 8 discriminator 1 view .LVU24
 139              		.loc 1 109 9 is_stmt 0 discriminator 1 view .LVU25
 140 0008 4FF0FF33 		mov	r3, #-1
 141 000c 0022     		movs	r2, #0
 142 000e 01A9     		add	r1, sp, #4
 143 0010 2068     		ldr	r0, [r4]
 144 0012 FFF7FEFF 		bl	osMessageQueuePut
 145              	.LVL11:
 146              		.loc 1 109 8 discriminator 1 view .LVU26
 147 0016 0028     		cmp	r0, #0
 148 0018 F6D1     		bne	.L8
 110:Middlewares/Third_Party/LwIP/system/OS/sys_arch.c **** #endif
 111:Middlewares/Third_Party/LwIP/system/OS/sys_arch.c **** }
 149              		.loc 1 111 1 view .LVU27
 150 001a 02B0     		add	sp, sp, #8
 151              	.LCFI4:
 152              		.cfi_def_cfa_offset 8
 153              		@ sp needed
 154 001c 10BD     		pop	{r4, pc}
 155              		.loc 1 111 1 view .LVU28
 156              		.cfi_endproc
 157              	.LFE175:
 159              		.section	.text.sys_mbox_trypost,"ax",%progbits
 160              		.align	1
 161              		.global	sys_mbox_trypost
 162              		.syntax unified
 163              		.thumb
 164              		.thumb_func
 165              		.fpu fpv5-d16
 167              	sys_mbox_trypost:
 168              	.LVL12:
 169              	.LFB176:
 112:Middlewares/Third_Party/LwIP/system/OS/sys_arch.c **** 
 113:Middlewares/Third_Party/LwIP/system/OS/sys_arch.c **** 
 114:Middlewares/Third_Party/LwIP/system/OS/sys_arch.c **** /*-----------------------------------------------------------------------------------*/
 115:Middlewares/Third_Party/LwIP/system/OS/sys_arch.c **** //   Try to post the "msg" to the mailbox.
 116:Middlewares/Third_Party/LwIP/system/OS/sys_arch.c **** err_t sys_mbox_trypost(sys_mbox_t *mbox, void *msg)
 117:Middlewares/Third_Party/LwIP/system/OS/sys_arch.c **** {
 170              		.loc 1 117 1 is_stmt 1 view -0
 171              		.cfi_startproc
 172              		@ args = 0, pretend = 0, frame = 8
 173              		@ frame_needed = 0, uses_anonymous_args = 0
 174              		.loc 1 117 1 is_stmt 0 view .LVU30
ARM GAS  /tmp/cc6TXrlB.s 			page 6


 175 0000 00B5     		push	{lr}
 176              	.LCFI5:
 177              		.cfi_def_cfa_offset 4
 178              		.cfi_offset 14, -4
 179 0002 83B0     		sub	sp, sp, #12
 180              	.LCFI6:
 181              		.cfi_def_cfa_offset 16
 182 0004 0191     		str	r1, [sp, #4]
 118:Middlewares/Third_Party/LwIP/system/OS/sys_arch.c ****   err_t result;
 183              		.loc 1 118 3 is_stmt 1 view .LVU31
 119:Middlewares/Third_Party/LwIP/system/OS/sys_arch.c **** #if (osCMSIS < 0x20000U)
 120:Middlewares/Third_Party/LwIP/system/OS/sys_arch.c ****   if(osMessagePut(*mbox, (uint32_t)msg, 0) == osOK)
 121:Middlewares/Third_Party/LwIP/system/OS/sys_arch.c **** #else
 122:Middlewares/Third_Party/LwIP/system/OS/sys_arch.c ****   if(osMessageQueuePut(*mbox, &msg, 0, 0) == osOK)
 184              		.loc 1 122 3 view .LVU32
 185              		.loc 1 122 6 is_stmt 0 view .LVU33
 186 0006 0023     		movs	r3, #0
 187 0008 1A46     		mov	r2, r3
 188 000a 01A9     		add	r1, sp, #4
 189              	.LVL13:
 190              		.loc 1 122 6 view .LVU34
 191 000c 0068     		ldr	r0, [r0]
 192              	.LVL14:
 193              		.loc 1 122 6 view .LVU35
 194 000e FFF7FEFF 		bl	osMessageQueuePut
 195              	.LVL15:
 196              		.loc 1 122 5 view .LVU36
 197 0012 10B9     		cbnz	r0, .L14
 198              	.L11:
 199              	.LVL16:
 123:Middlewares/Third_Party/LwIP/system/OS/sys_arch.c **** #endif
 124:Middlewares/Third_Party/LwIP/system/OS/sys_arch.c ****   {
 125:Middlewares/Third_Party/LwIP/system/OS/sys_arch.c ****     result = ERR_OK;
 126:Middlewares/Third_Party/LwIP/system/OS/sys_arch.c ****   }
 127:Middlewares/Third_Party/LwIP/system/OS/sys_arch.c ****   else
 128:Middlewares/Third_Party/LwIP/system/OS/sys_arch.c ****   {
 129:Middlewares/Third_Party/LwIP/system/OS/sys_arch.c ****     // could not post, queue must be full
 130:Middlewares/Third_Party/LwIP/system/OS/sys_arch.c ****     result = ERR_MEM;
 131:Middlewares/Third_Party/LwIP/system/OS/sys_arch.c **** 
 132:Middlewares/Third_Party/LwIP/system/OS/sys_arch.c **** #if SYS_STATS
 133:Middlewares/Third_Party/LwIP/system/OS/sys_arch.c ****     lwip_stats.sys.mbox.err++;
 134:Middlewares/Third_Party/LwIP/system/OS/sys_arch.c **** #endif /* SYS_STATS */
 135:Middlewares/Third_Party/LwIP/system/OS/sys_arch.c ****   }
 136:Middlewares/Third_Party/LwIP/system/OS/sys_arch.c **** 
 137:Middlewares/Third_Party/LwIP/system/OS/sys_arch.c ****   return result;
 200              		.loc 1 137 3 is_stmt 1 view .LVU37
 138:Middlewares/Third_Party/LwIP/system/OS/sys_arch.c **** }
 201              		.loc 1 138 1 is_stmt 0 view .LVU38
 202 0014 03B0     		add	sp, sp, #12
 203              	.LCFI7:
 204              		.cfi_remember_state
 205              		.cfi_def_cfa_offset 4
 206              		@ sp needed
 207 0016 5DF804FB 		ldr	pc, [sp], #4
 208              	.LVL17:
 209              	.L14:
 210              	.LCFI8:
ARM GAS  /tmp/cc6TXrlB.s 			page 7


 211              		.cfi_restore_state
 130:Middlewares/Third_Party/LwIP/system/OS/sys_arch.c **** 
 212              		.loc 1 130 12 view .LVU39
 213 001a 4FF0FF30 		mov	r0, #-1
 214 001e F9E7     		b	.L11
 215              		.cfi_endproc
 216              	.LFE176:
 218              		.section	.text.sys_mbox_trypost_fromisr,"ax",%progbits
 219              		.align	1
 220              		.global	sys_mbox_trypost_fromisr
 221              		.syntax unified
 222              		.thumb
 223              		.thumb_func
 224              		.fpu fpv5-d16
 226              	sys_mbox_trypost_fromisr:
 227              	.LVL18:
 228              	.LFB177:
 139:Middlewares/Third_Party/LwIP/system/OS/sys_arch.c **** 
 140:Middlewares/Third_Party/LwIP/system/OS/sys_arch.c **** 
 141:Middlewares/Third_Party/LwIP/system/OS/sys_arch.c **** /*-----------------------------------------------------------------------------------*/
 142:Middlewares/Third_Party/LwIP/system/OS/sys_arch.c **** //   Try to post the "msg" to the mailbox.
 143:Middlewares/Third_Party/LwIP/system/OS/sys_arch.c **** err_t sys_mbox_trypost_fromisr(sys_mbox_t *mbox, void *msg)
 144:Middlewares/Third_Party/LwIP/system/OS/sys_arch.c **** {
 229              		.loc 1 144 1 is_stmt 1 view -0
 230              		.cfi_startproc
 231              		@ args = 0, pretend = 0, frame = 0
 232              		@ frame_needed = 0, uses_anonymous_args = 0
 233              		.loc 1 144 1 is_stmt 0 view .LVU41
 234 0000 08B5     		push	{r3, lr}
 235              	.LCFI9:
 236              		.cfi_def_cfa_offset 8
 237              		.cfi_offset 3, -8
 238              		.cfi_offset 14, -4
 145:Middlewares/Third_Party/LwIP/system/OS/sys_arch.c ****   return sys_mbox_trypost(mbox, msg);
 239              		.loc 1 145 3 is_stmt 1 view .LVU42
 240              		.loc 1 145 10 is_stmt 0 view .LVU43
 241 0002 FFF7FEFF 		bl	sys_mbox_trypost
 242              	.LVL19:
 146:Middlewares/Third_Party/LwIP/system/OS/sys_arch.c **** }
 243              		.loc 1 146 1 view .LVU44
 244 0006 08BD     		pop	{r3, pc}
 245              		.cfi_endproc
 246              	.LFE177:
 248              		.section	.text.sys_arch_mbox_fetch,"ax",%progbits
 249              		.align	1
 250              		.global	sys_arch_mbox_fetch
 251              		.syntax unified
 252              		.thumb
 253              		.thumb_func
 254              		.fpu fpv5-d16
 256              	sys_arch_mbox_fetch:
 257              	.LVL20:
 258              	.LFB178:
 147:Middlewares/Third_Party/LwIP/system/OS/sys_arch.c **** 
 148:Middlewares/Third_Party/LwIP/system/OS/sys_arch.c **** /*-----------------------------------------------------------------------------------*/
 149:Middlewares/Third_Party/LwIP/system/OS/sys_arch.c **** /*
 150:Middlewares/Third_Party/LwIP/system/OS/sys_arch.c ****   Blocks the thread until a message arrives in the mailbox, but does
ARM GAS  /tmp/cc6TXrlB.s 			page 8


 151:Middlewares/Third_Party/LwIP/system/OS/sys_arch.c ****   not block the thread longer than "timeout" milliseconds (similar to
 152:Middlewares/Third_Party/LwIP/system/OS/sys_arch.c ****   the sys_arch_sem_wait() function). The "msg" argument is a result
 153:Middlewares/Third_Party/LwIP/system/OS/sys_arch.c ****   parameter that is set by the function (i.e., by doing "*msg =
 154:Middlewares/Third_Party/LwIP/system/OS/sys_arch.c ****   ptr"). The "msg" parameter maybe NULL to indicate that the message
 155:Middlewares/Third_Party/LwIP/system/OS/sys_arch.c ****   should be dropped.
 156:Middlewares/Third_Party/LwIP/system/OS/sys_arch.c **** 
 157:Middlewares/Third_Party/LwIP/system/OS/sys_arch.c ****   The return values are the same as for the sys_arch_sem_wait() function:
 158:Middlewares/Third_Party/LwIP/system/OS/sys_arch.c ****   Number of milliseconds spent waiting or SYS_ARCH_TIMEOUT if there was a
 159:Middlewares/Third_Party/LwIP/system/OS/sys_arch.c ****   timeout.
 160:Middlewares/Third_Party/LwIP/system/OS/sys_arch.c **** 
 161:Middlewares/Third_Party/LwIP/system/OS/sys_arch.c ****   Note that a function with a similar name, sys_mbox_fetch(), is
 162:Middlewares/Third_Party/LwIP/system/OS/sys_arch.c ****   implemented by lwIP.
 163:Middlewares/Third_Party/LwIP/system/OS/sys_arch.c **** */
 164:Middlewares/Third_Party/LwIP/system/OS/sys_arch.c **** u32_t sys_arch_mbox_fetch(sys_mbox_t *mbox, void **msg, u32_t timeout)
 165:Middlewares/Third_Party/LwIP/system/OS/sys_arch.c **** {
 259              		.loc 1 165 1 is_stmt 1 view -0
 260              		.cfi_startproc
 261              		@ args = 0, pretend = 0, frame = 0
 262              		@ frame_needed = 0, uses_anonymous_args = 0
 263              		.loc 1 165 1 is_stmt 0 view .LVU46
 264 0000 F8B5     		push	{r3, r4, r5, r6, r7, lr}
 265              	.LCFI10:
 266              		.cfi_def_cfa_offset 24
 267              		.cfi_offset 3, -24
 268              		.cfi_offset 4, -20
 269              		.cfi_offset 5, -16
 270              		.cfi_offset 6, -12
 271              		.cfi_offset 7, -8
 272              		.cfi_offset 14, -4
 273 0002 0646     		mov	r6, r0
 274 0004 0F46     		mov	r7, r1
 275 0006 1546     		mov	r5, r2
 166:Middlewares/Third_Party/LwIP/system/OS/sys_arch.c **** #if (osCMSIS < 0x20000U)
 167:Middlewares/Third_Party/LwIP/system/OS/sys_arch.c ****   osEvent event;
 168:Middlewares/Third_Party/LwIP/system/OS/sys_arch.c ****   uint32_t starttime = osKernelSysTick();
 169:Middlewares/Third_Party/LwIP/system/OS/sys_arch.c **** #else
 170:Middlewares/Third_Party/LwIP/system/OS/sys_arch.c ****   osStatus_t status;
 276              		.loc 1 170 3 is_stmt 1 view .LVU47
 171:Middlewares/Third_Party/LwIP/system/OS/sys_arch.c ****   uint32_t starttime = osKernelGetTickCount();
 277              		.loc 1 171 3 view .LVU48
 278              		.loc 1 171 24 is_stmt 0 view .LVU49
 279 0008 FFF7FEFF 		bl	osKernelGetTickCount
 280              	.LVL21:
 281              		.loc 1 171 24 view .LVU50
 282 000c 0446     		mov	r4, r0
 283              	.LVL22:
 172:Middlewares/Third_Party/LwIP/system/OS/sys_arch.c **** #endif
 173:Middlewares/Third_Party/LwIP/system/OS/sys_arch.c ****   if(timeout != 0)
 284              		.loc 1 173 3 is_stmt 1 view .LVU51
 285              		.loc 1 173 5 is_stmt 0 view .LVU52
 286 000e 6DB1     		cbz	r5, .L18
 174:Middlewares/Third_Party/LwIP/system/OS/sys_arch.c ****   {
 175:Middlewares/Third_Party/LwIP/system/OS/sys_arch.c **** #if (osCMSIS < 0x20000U)
 176:Middlewares/Third_Party/LwIP/system/OS/sys_arch.c ****     event = osMessageGet (*mbox, timeout);
 177:Middlewares/Third_Party/LwIP/system/OS/sys_arch.c **** 
 178:Middlewares/Third_Party/LwIP/system/OS/sys_arch.c ****     if(event.status == osEventMessage)
 179:Middlewares/Third_Party/LwIP/system/OS/sys_arch.c ****     {
ARM GAS  /tmp/cc6TXrlB.s 			page 9


 180:Middlewares/Third_Party/LwIP/system/OS/sys_arch.c ****       *msg = (void *)event.value.v;
 181:Middlewares/Third_Party/LwIP/system/OS/sys_arch.c ****       return (osKernelSysTick() - starttime);
 182:Middlewares/Third_Party/LwIP/system/OS/sys_arch.c ****     }
 183:Middlewares/Third_Party/LwIP/system/OS/sys_arch.c **** #else
 184:Middlewares/Third_Party/LwIP/system/OS/sys_arch.c ****     status = osMessageQueueGet(*mbox, msg, 0, timeout);
 287              		.loc 1 184 5 is_stmt 1 view .LVU53
 288              		.loc 1 184 14 is_stmt 0 view .LVU54
 289 0010 2B46     		mov	r3, r5
 290 0012 0022     		movs	r2, #0
 291 0014 3946     		mov	r1, r7
 292 0016 3068     		ldr	r0, [r6]
 293              	.LVL23:
 294              		.loc 1 184 14 view .LVU55
 295 0018 FFF7FEFF 		bl	osMessageQueueGet
 296              	.LVL24:
 185:Middlewares/Third_Party/LwIP/system/OS/sys_arch.c ****     if (status == osOK)
 297              		.loc 1 185 5 is_stmt 1 view .LVU56
 298              		.loc 1 185 8 is_stmt 0 view .LVU57
 299 001c 10B1     		cbz	r0, .L22
 186:Middlewares/Third_Party/LwIP/system/OS/sys_arch.c ****     {
 187:Middlewares/Third_Party/LwIP/system/OS/sys_arch.c ****       return (osKernelGetTickCount() - starttime);
 188:Middlewares/Third_Party/LwIP/system/OS/sys_arch.c ****     }
 189:Middlewares/Third_Party/LwIP/system/OS/sys_arch.c **** #endif
 190:Middlewares/Third_Party/LwIP/system/OS/sys_arch.c ****     else
 191:Middlewares/Third_Party/LwIP/system/OS/sys_arch.c ****     {
 192:Middlewares/Third_Party/LwIP/system/OS/sys_arch.c ****       return SYS_ARCH_TIMEOUT;
 300              		.loc 1 192 14 view .LVU58
 301 001e 4FF0FF30 		mov	r0, #-1
 302              	.LVL25:
 303              	.L17:
 193:Middlewares/Third_Party/LwIP/system/OS/sys_arch.c ****     }
 194:Middlewares/Third_Party/LwIP/system/OS/sys_arch.c ****   }
 195:Middlewares/Third_Party/LwIP/system/OS/sys_arch.c ****   else
 196:Middlewares/Third_Party/LwIP/system/OS/sys_arch.c ****   {
 197:Middlewares/Third_Party/LwIP/system/OS/sys_arch.c **** #if (osCMSIS < 0x20000U)
 198:Middlewares/Third_Party/LwIP/system/OS/sys_arch.c ****     event = osMessageGet (*mbox, osWaitForever);
 199:Middlewares/Third_Party/LwIP/system/OS/sys_arch.c ****     *msg = (void *)event.value.v;
 200:Middlewares/Third_Party/LwIP/system/OS/sys_arch.c ****     return (osKernelSysTick() - starttime);
 201:Middlewares/Third_Party/LwIP/system/OS/sys_arch.c **** #else
 202:Middlewares/Third_Party/LwIP/system/OS/sys_arch.c ****     osMessageQueueGet(*mbox, msg, 0, osWaitForever );
 203:Middlewares/Third_Party/LwIP/system/OS/sys_arch.c ****     return (osKernelGetTickCount() - starttime);
 204:Middlewares/Third_Party/LwIP/system/OS/sys_arch.c **** #endif
 205:Middlewares/Third_Party/LwIP/system/OS/sys_arch.c ****   }
 206:Middlewares/Third_Party/LwIP/system/OS/sys_arch.c **** }
 304              		.loc 1 206 1 view .LVU59
 305 0022 F8BD     		pop	{r3, r4, r5, r6, r7, pc}
 306              	.LVL26:
 307              	.L22:
 187:Middlewares/Third_Party/LwIP/system/OS/sys_arch.c ****     }
 308              		.loc 1 187 7 is_stmt 1 view .LVU60
 187:Middlewares/Third_Party/LwIP/system/OS/sys_arch.c ****     }
 309              		.loc 1 187 15 is_stmt 0 view .LVU61
 310 0024 FFF7FEFF 		bl	osKernelGetTickCount
 311              	.LVL27:
 187:Middlewares/Third_Party/LwIP/system/OS/sys_arch.c ****     }
 312              		.loc 1 187 38 view .LVU62
 313 0028 001B     		subs	r0, r0, r4
ARM GAS  /tmp/cc6TXrlB.s 			page 10


 314 002a FAE7     		b	.L17
 315              	.LVL28:
 316              	.L18:
 202:Middlewares/Third_Party/LwIP/system/OS/sys_arch.c ****     return (osKernelGetTickCount() - starttime);
 317              		.loc 1 202 5 is_stmt 1 view .LVU63
 318 002c 4FF0FF33 		mov	r3, #-1
 319 0030 0022     		movs	r2, #0
 320 0032 3946     		mov	r1, r7
 321 0034 3068     		ldr	r0, [r6]
 322              	.LVL29:
 202:Middlewares/Third_Party/LwIP/system/OS/sys_arch.c ****     return (osKernelGetTickCount() - starttime);
 323              		.loc 1 202 5 is_stmt 0 view .LVU64
 324 0036 FFF7FEFF 		bl	osMessageQueueGet
 325              	.LVL30:
 203:Middlewares/Third_Party/LwIP/system/OS/sys_arch.c **** #endif
 326              		.loc 1 203 5 is_stmt 1 view .LVU65
 203:Middlewares/Third_Party/LwIP/system/OS/sys_arch.c **** #endif
 327              		.loc 1 203 13 is_stmt 0 view .LVU66
 328 003a FFF7FEFF 		bl	osKernelGetTickCount
 329              	.LVL31:
 203:Middlewares/Third_Party/LwIP/system/OS/sys_arch.c **** #endif
 330              		.loc 1 203 36 view .LVU67
 331 003e 001B     		subs	r0, r0, r4
 332 0040 EFE7     		b	.L17
 333              		.cfi_endproc
 334              	.LFE178:
 336              		.section	.text.sys_arch_mbox_tryfetch,"ax",%progbits
 337              		.align	1
 338              		.global	sys_arch_mbox_tryfetch
 339              		.syntax unified
 340              		.thumb
 341              		.thumb_func
 342              		.fpu fpv5-d16
 344              	sys_arch_mbox_tryfetch:
 345              	.LVL32:
 346              	.LFB179:
 207:Middlewares/Third_Party/LwIP/system/OS/sys_arch.c **** 
 208:Middlewares/Third_Party/LwIP/system/OS/sys_arch.c **** /*-----------------------------------------------------------------------------------*/
 209:Middlewares/Third_Party/LwIP/system/OS/sys_arch.c **** /*
 210:Middlewares/Third_Party/LwIP/system/OS/sys_arch.c ****   Similar to sys_arch_mbox_fetch, but if message is not ready immediately, we'll
 211:Middlewares/Third_Party/LwIP/system/OS/sys_arch.c ****   return with SYS_MBOX_EMPTY.  On success, 0 is returned.
 212:Middlewares/Third_Party/LwIP/system/OS/sys_arch.c **** */
 213:Middlewares/Third_Party/LwIP/system/OS/sys_arch.c **** u32_t sys_arch_mbox_tryfetch(sys_mbox_t *mbox, void **msg)
 214:Middlewares/Third_Party/LwIP/system/OS/sys_arch.c **** {
 347              		.loc 1 214 1 is_stmt 1 view -0
 348              		.cfi_startproc
 349              		@ args = 0, pretend = 0, frame = 0
 350              		@ frame_needed = 0, uses_anonymous_args = 0
 351              		.loc 1 214 1 is_stmt 0 view .LVU69
 352 0000 08B5     		push	{r3, lr}
 353              	.LCFI11:
 354              		.cfi_def_cfa_offset 8
 355              		.cfi_offset 3, -8
 356              		.cfi_offset 14, -4
 215:Middlewares/Third_Party/LwIP/system/OS/sys_arch.c **** #if (osCMSIS < 0x20000U)
 216:Middlewares/Third_Party/LwIP/system/OS/sys_arch.c ****   osEvent event;
 217:Middlewares/Third_Party/LwIP/system/OS/sys_arch.c **** 
ARM GAS  /tmp/cc6TXrlB.s 			page 11


 218:Middlewares/Third_Party/LwIP/system/OS/sys_arch.c ****   event = osMessageGet (*mbox, 0);
 219:Middlewares/Third_Party/LwIP/system/OS/sys_arch.c **** 
 220:Middlewares/Third_Party/LwIP/system/OS/sys_arch.c ****   if(event.status == osEventMessage)
 221:Middlewares/Third_Party/LwIP/system/OS/sys_arch.c ****   {
 222:Middlewares/Third_Party/LwIP/system/OS/sys_arch.c ****     *msg = (void *)event.value.v;
 223:Middlewares/Third_Party/LwIP/system/OS/sys_arch.c **** #else
 224:Middlewares/Third_Party/LwIP/system/OS/sys_arch.c ****   if (osMessageQueueGet(*mbox, msg, 0, 0) == osOK)
 357              		.loc 1 224 3 is_stmt 1 view .LVU70
 358              		.loc 1 224 7 is_stmt 0 view .LVU71
 359 0002 0023     		movs	r3, #0
 360 0004 1A46     		mov	r2, r3
 361 0006 0068     		ldr	r0, [r0]
 362              	.LVL33:
 363              		.loc 1 224 7 view .LVU72
 364 0008 FFF7FEFF 		bl	osMessageQueueGet
 365              	.LVL34:
 366              		.loc 1 224 6 view .LVU73
 367 000c 00B9     		cbnz	r0, .L27
 368              	.L23:
 225:Middlewares/Third_Party/LwIP/system/OS/sys_arch.c ****   {
 226:Middlewares/Third_Party/LwIP/system/OS/sys_arch.c **** #endif
 227:Middlewares/Third_Party/LwIP/system/OS/sys_arch.c ****     return ERR_OK;
 228:Middlewares/Third_Party/LwIP/system/OS/sys_arch.c ****   }
 229:Middlewares/Third_Party/LwIP/system/OS/sys_arch.c ****   else
 230:Middlewares/Third_Party/LwIP/system/OS/sys_arch.c ****   {
 231:Middlewares/Third_Party/LwIP/system/OS/sys_arch.c ****     return SYS_MBOX_EMPTY;
 232:Middlewares/Third_Party/LwIP/system/OS/sys_arch.c ****   }
 233:Middlewares/Third_Party/LwIP/system/OS/sys_arch.c **** }
 369              		.loc 1 233 1 view .LVU74
 370 000e 08BD     		pop	{r3, pc}
 371              	.L27:
 231:Middlewares/Third_Party/LwIP/system/OS/sys_arch.c ****   }
 372              		.loc 1 231 12 view .LVU75
 373 0010 4FF0FF30 		mov	r0, #-1
 374 0014 FBE7     		b	.L23
 375              		.cfi_endproc
 376              	.LFE179:
 378              		.section	.text.sys_mbox_valid,"ax",%progbits
 379              		.align	1
 380              		.global	sys_mbox_valid
 381              		.syntax unified
 382              		.thumb
 383              		.thumb_func
 384              		.fpu fpv5-d16
 386              	sys_mbox_valid:
 387              	.LVL35:
 388              	.LFB180:
 234:Middlewares/Third_Party/LwIP/system/OS/sys_arch.c **** /*----------------------------------------------------------------------------------*/
 235:Middlewares/Third_Party/LwIP/system/OS/sys_arch.c **** int sys_mbox_valid(sys_mbox_t *mbox)
 236:Middlewares/Third_Party/LwIP/system/OS/sys_arch.c **** {
 389              		.loc 1 236 1 is_stmt 1 view -0
 390              		.cfi_startproc
 391              		@ args = 0, pretend = 0, frame = 0
 392              		@ frame_needed = 0, uses_anonymous_args = 0
 393              		@ link register save eliminated.
 237:Middlewares/Third_Party/LwIP/system/OS/sys_arch.c ****   if (*mbox == SYS_MBOX_NULL)
 394              		.loc 1 237 3 view .LVU77
ARM GAS  /tmp/cc6TXrlB.s 			page 12


 395              		.loc 1 237 7 is_stmt 0 view .LVU78
 396 0000 0368     		ldr	r3, [r0]
 397              		.loc 1 237 6 view .LVU79
 398 0002 0BB1     		cbz	r3, .L31
 238:Middlewares/Third_Party/LwIP/system/OS/sys_arch.c ****     return 0;
 239:Middlewares/Third_Party/LwIP/system/OS/sys_arch.c ****   else
 240:Middlewares/Third_Party/LwIP/system/OS/sys_arch.c ****     return 1;
 399              		.loc 1 240 12 view .LVU80
 400 0004 0120     		movs	r0, #1
 401              	.LVL36:
 241:Middlewares/Third_Party/LwIP/system/OS/sys_arch.c **** }
 402              		.loc 1 241 1 view .LVU81
 403 0006 7047     		bx	lr
 404              	.LVL37:
 405              	.L31:
 238:Middlewares/Third_Party/LwIP/system/OS/sys_arch.c ****     return 0;
 406              		.loc 1 238 12 view .LVU82
 407 0008 0020     		movs	r0, #0
 408              	.LVL38:
 238:Middlewares/Third_Party/LwIP/system/OS/sys_arch.c ****     return 0;
 409              		.loc 1 238 12 view .LVU83
 410 000a 7047     		bx	lr
 411              		.cfi_endproc
 412              	.LFE180:
 414              		.section	.text.sys_mbox_set_invalid,"ax",%progbits
 415              		.align	1
 416              		.global	sys_mbox_set_invalid
 417              		.syntax unified
 418              		.thumb
 419              		.thumb_func
 420              		.fpu fpv5-d16
 422              	sys_mbox_set_invalid:
 423              	.LVL39:
 424              	.LFB181:
 242:Middlewares/Third_Party/LwIP/system/OS/sys_arch.c **** /*-----------------------------------------------------------------------------------*/
 243:Middlewares/Third_Party/LwIP/system/OS/sys_arch.c **** void sys_mbox_set_invalid(sys_mbox_t *mbox)
 244:Middlewares/Third_Party/LwIP/system/OS/sys_arch.c **** {
 425              		.loc 1 244 1 is_stmt 1 view -0
 426              		.cfi_startproc
 427              		@ args = 0, pretend = 0, frame = 0
 428              		@ frame_needed = 0, uses_anonymous_args = 0
 429              		@ link register save eliminated.
 245:Middlewares/Third_Party/LwIP/system/OS/sys_arch.c ****   *mbox = SYS_MBOX_NULL;
 430              		.loc 1 245 3 view .LVU85
 431              		.loc 1 245 9 is_stmt 0 view .LVU86
 432 0000 0023     		movs	r3, #0
 433 0002 0360     		str	r3, [r0]
 246:Middlewares/Third_Party/LwIP/system/OS/sys_arch.c **** }
 434              		.loc 1 246 1 view .LVU87
 435 0004 7047     		bx	lr
 436              		.cfi_endproc
 437              	.LFE181:
 439              		.section	.text.sys_sem_new,"ax",%progbits
 440              		.align	1
 441              		.global	sys_sem_new
 442              		.syntax unified
 443              		.thumb
ARM GAS  /tmp/cc6TXrlB.s 			page 13


 444              		.thumb_func
 445              		.fpu fpv5-d16
 447              	sys_sem_new:
 448              	.LVL40:
 449              	.LFB182:
 247:Middlewares/Third_Party/LwIP/system/OS/sys_arch.c **** 
 248:Middlewares/Third_Party/LwIP/system/OS/sys_arch.c **** /*-----------------------------------------------------------------------------------*/
 249:Middlewares/Third_Party/LwIP/system/OS/sys_arch.c **** //  Creates a new semaphore. The "count" argument specifies
 250:Middlewares/Third_Party/LwIP/system/OS/sys_arch.c **** //  the initial state of the semaphore.
 251:Middlewares/Third_Party/LwIP/system/OS/sys_arch.c **** err_t sys_sem_new(sys_sem_t *sem, u8_t count)
 252:Middlewares/Third_Party/LwIP/system/OS/sys_arch.c **** {
 450              		.loc 1 252 1 is_stmt 1 view -0
 451              		.cfi_startproc
 452              		@ args = 0, pretend = 0, frame = 0
 453              		@ frame_needed = 0, uses_anonymous_args = 0
 454              		.loc 1 252 1 is_stmt 0 view .LVU89
 455 0000 38B5     		push	{r3, r4, r5, lr}
 456              	.LCFI12:
 457              		.cfi_def_cfa_offset 16
 458              		.cfi_offset 3, -16
 459              		.cfi_offset 4, -12
 460              		.cfi_offset 5, -8
 461              		.cfi_offset 14, -4
 462 0002 0446     		mov	r4, r0
 463 0004 0D46     		mov	r5, r1
 253:Middlewares/Third_Party/LwIP/system/OS/sys_arch.c **** #if (osCMSIS < 0x20000U)
 254:Middlewares/Third_Party/LwIP/system/OS/sys_arch.c ****   osSemaphoreDef(SEM);
 255:Middlewares/Third_Party/LwIP/system/OS/sys_arch.c ****   *sem = osSemaphoreCreate (osSemaphore(SEM), 1);
 256:Middlewares/Third_Party/LwIP/system/OS/sys_arch.c **** #else
 257:Middlewares/Third_Party/LwIP/system/OS/sys_arch.c ****   *sem = osSemaphoreNew(UINT16_MAX, count, NULL);
 464              		.loc 1 257 3 is_stmt 1 view .LVU90
 465              		.loc 1 257 10 is_stmt 0 view .LVU91
 466 0006 0022     		movs	r2, #0
 467 0008 4FF6FF70 		movw	r0, #65535
 468              	.LVL41:
 469              		.loc 1 257 10 view .LVU92
 470 000c FFF7FEFF 		bl	osSemaphoreNew
 471              	.LVL42:
 472              		.loc 1 257 8 view .LVU93
 473 0010 2060     		str	r0, [r4]
 258:Middlewares/Third_Party/LwIP/system/OS/sys_arch.c **** #endif
 259:Middlewares/Third_Party/LwIP/system/OS/sys_arch.c **** 
 260:Middlewares/Third_Party/LwIP/system/OS/sys_arch.c ****   if(*sem == NULL)
 474              		.loc 1 260 3 is_stmt 1 view .LVU94
 475              		.loc 1 260 5 is_stmt 0 view .LVU95
 476 0012 38B1     		cbz	r0, .L35
 261:Middlewares/Third_Party/LwIP/system/OS/sys_arch.c ****   {
 262:Middlewares/Third_Party/LwIP/system/OS/sys_arch.c **** #if SYS_STATS
 263:Middlewares/Third_Party/LwIP/system/OS/sys_arch.c ****     ++lwip_stats.sys.sem.err;
 264:Middlewares/Third_Party/LwIP/system/OS/sys_arch.c **** #endif /* SYS_STATS */
 265:Middlewares/Third_Party/LwIP/system/OS/sys_arch.c ****     return ERR_MEM;
 266:Middlewares/Third_Party/LwIP/system/OS/sys_arch.c ****   }
 267:Middlewares/Third_Party/LwIP/system/OS/sys_arch.c **** 
 268:Middlewares/Third_Party/LwIP/system/OS/sys_arch.c ****   if(count == 0)	// Means it can't be taken
 477              		.loc 1 268 3 is_stmt 1 view .LVU96
 478              		.loc 1 268 5 is_stmt 0 view .LVU97
 479 0014 0DB1     		cbz	r5, .L38
ARM GAS  /tmp/cc6TXrlB.s 			page 14


 269:Middlewares/Third_Party/LwIP/system/OS/sys_arch.c ****   {
 270:Middlewares/Third_Party/LwIP/system/OS/sys_arch.c **** #if (osCMSIS < 0x20000U)
 271:Middlewares/Third_Party/LwIP/system/OS/sys_arch.c ****     osSemaphoreWait(*sem, 0);
 272:Middlewares/Third_Party/LwIP/system/OS/sys_arch.c **** #else
 273:Middlewares/Third_Party/LwIP/system/OS/sys_arch.c ****     osSemaphoreAcquire(*sem, 0);
 274:Middlewares/Third_Party/LwIP/system/OS/sys_arch.c **** #endif
 275:Middlewares/Third_Party/LwIP/system/OS/sys_arch.c ****   }
 276:Middlewares/Third_Party/LwIP/system/OS/sys_arch.c **** 
 277:Middlewares/Third_Party/LwIP/system/OS/sys_arch.c **** #if SYS_STATS
 278:Middlewares/Third_Party/LwIP/system/OS/sys_arch.c ****   ++lwip_stats.sys.sem.used;
 279:Middlewares/Third_Party/LwIP/system/OS/sys_arch.c ****   if (lwip_stats.sys.sem.max < lwip_stats.sys.sem.used) {
 280:Middlewares/Third_Party/LwIP/system/OS/sys_arch.c ****     lwip_stats.sys.sem.max = lwip_stats.sys.sem.used;
 281:Middlewares/Third_Party/LwIP/system/OS/sys_arch.c ****   }
 282:Middlewares/Third_Party/LwIP/system/OS/sys_arch.c **** #endif /* SYS_STATS */
 283:Middlewares/Third_Party/LwIP/system/OS/sys_arch.c **** 
 284:Middlewares/Third_Party/LwIP/system/OS/sys_arch.c ****   return ERR_OK;
 480              		.loc 1 284 10 view .LVU98
 481 0016 0020     		movs	r0, #0
 482              	.L34:
 285:Middlewares/Third_Party/LwIP/system/OS/sys_arch.c **** }
 483              		.loc 1 285 1 view .LVU99
 484 0018 38BD     		pop	{r3, r4, r5, pc}
 485              	.LVL43:
 486              	.L38:
 273:Middlewares/Third_Party/LwIP/system/OS/sys_arch.c **** #endif
 487              		.loc 1 273 5 is_stmt 1 view .LVU100
 488 001a 0021     		movs	r1, #0
 489 001c FFF7FEFF 		bl	osSemaphoreAcquire
 490              	.LVL44:
 284:Middlewares/Third_Party/LwIP/system/OS/sys_arch.c **** }
 491              		.loc 1 284 10 is_stmt 0 view .LVU101
 492 0020 0020     		movs	r0, #0
 493 0022 F9E7     		b	.L34
 494              	.L35:
 265:Middlewares/Third_Party/LwIP/system/OS/sys_arch.c ****   }
 495              		.loc 1 265 12 view .LVU102
 496 0024 4FF0FF30 		mov	r0, #-1
 497 0028 F6E7     		b	.L34
 498              		.cfi_endproc
 499              	.LFE182:
 501              		.section	.text.sys_arch_sem_wait,"ax",%progbits
 502              		.align	1
 503              		.global	sys_arch_sem_wait
 504              		.syntax unified
 505              		.thumb
 506              		.thumb_func
 507              		.fpu fpv5-d16
 509              	sys_arch_sem_wait:
 510              	.LVL45:
 511              	.LFB183:
 286:Middlewares/Third_Party/LwIP/system/OS/sys_arch.c **** 
 287:Middlewares/Third_Party/LwIP/system/OS/sys_arch.c **** /*-----------------------------------------------------------------------------------*/
 288:Middlewares/Third_Party/LwIP/system/OS/sys_arch.c **** /*
 289:Middlewares/Third_Party/LwIP/system/OS/sys_arch.c ****   Blocks the thread while waiting for the semaphore to be
 290:Middlewares/Third_Party/LwIP/system/OS/sys_arch.c ****   signaled. If the "timeout" argument is non-zero, the thread should
 291:Middlewares/Third_Party/LwIP/system/OS/sys_arch.c ****   only be blocked for the specified time (measured in
 292:Middlewares/Third_Party/LwIP/system/OS/sys_arch.c ****   milliseconds).
ARM GAS  /tmp/cc6TXrlB.s 			page 15


 293:Middlewares/Third_Party/LwIP/system/OS/sys_arch.c **** 
 294:Middlewares/Third_Party/LwIP/system/OS/sys_arch.c ****   If the timeout argument is non-zero, the return value is the number of
 295:Middlewares/Third_Party/LwIP/system/OS/sys_arch.c ****   milliseconds spent waiting for the semaphore to be signaled. If the
 296:Middlewares/Third_Party/LwIP/system/OS/sys_arch.c ****   semaphore wasn't signaled within the specified time, the return value is
 297:Middlewares/Third_Party/LwIP/system/OS/sys_arch.c ****   SYS_ARCH_TIMEOUT. If the thread didn't have to wait for the semaphore
 298:Middlewares/Third_Party/LwIP/system/OS/sys_arch.c ****   (i.e., it was already signaled), the function may return zero.
 299:Middlewares/Third_Party/LwIP/system/OS/sys_arch.c **** 
 300:Middlewares/Third_Party/LwIP/system/OS/sys_arch.c ****   Notice that lwIP implements a function with a similar name,
 301:Middlewares/Third_Party/LwIP/system/OS/sys_arch.c ****   sys_sem_wait(), that uses the sys_arch_sem_wait() function.
 302:Middlewares/Third_Party/LwIP/system/OS/sys_arch.c **** */
 303:Middlewares/Third_Party/LwIP/system/OS/sys_arch.c **** u32_t sys_arch_sem_wait(sys_sem_t *sem, u32_t timeout)
 304:Middlewares/Third_Party/LwIP/system/OS/sys_arch.c **** {
 512              		.loc 1 304 1 is_stmt 1 view -0
 513              		.cfi_startproc
 514              		@ args = 0, pretend = 0, frame = 0
 515              		@ frame_needed = 0, uses_anonymous_args = 0
 516              		.loc 1 304 1 is_stmt 0 view .LVU104
 517 0000 70B5     		push	{r4, r5, r6, lr}
 518              	.LCFI13:
 519              		.cfi_def_cfa_offset 16
 520              		.cfi_offset 4, -16
 521              		.cfi_offset 5, -12
 522              		.cfi_offset 6, -8
 523              		.cfi_offset 14, -4
 524 0002 0446     		mov	r4, r0
 525 0004 0E46     		mov	r6, r1
 305:Middlewares/Third_Party/LwIP/system/OS/sys_arch.c **** #if (osCMSIS < 0x20000U)
 306:Middlewares/Third_Party/LwIP/system/OS/sys_arch.c ****   uint32_t starttime = osKernelSysTick();
 307:Middlewares/Third_Party/LwIP/system/OS/sys_arch.c **** #else
 308:Middlewares/Third_Party/LwIP/system/OS/sys_arch.c ****   uint32_t starttime = osKernelGetTickCount();
 526              		.loc 1 308 3 is_stmt 1 view .LVU105
 527              		.loc 1 308 24 is_stmt 0 view .LVU106
 528 0006 FFF7FEFF 		bl	osKernelGetTickCount
 529              	.LVL46:
 530              		.loc 1 308 24 view .LVU107
 531 000a 0546     		mov	r5, r0
 532              	.LVL47:
 309:Middlewares/Third_Party/LwIP/system/OS/sys_arch.c **** #endif
 310:Middlewares/Third_Party/LwIP/system/OS/sys_arch.c ****   if(timeout != 0)
 533              		.loc 1 310 3 is_stmt 1 view .LVU108
 534              		.loc 1 310 5 is_stmt 0 view .LVU109
 535 000c 56B9     		cbnz	r6, .L44
 536              	.LVL48:
 537              	.L40:
 311:Middlewares/Third_Party/LwIP/system/OS/sys_arch.c ****   {
 312:Middlewares/Third_Party/LwIP/system/OS/sys_arch.c **** #if (osCMSIS < 0x20000U)
 313:Middlewares/Third_Party/LwIP/system/OS/sys_arch.c ****     if(osSemaphoreWait (*sem, timeout) == osOK)
 314:Middlewares/Third_Party/LwIP/system/OS/sys_arch.c ****     {
 315:Middlewares/Third_Party/LwIP/system/OS/sys_arch.c ****       return (osKernelSysTick() - starttime);
 316:Middlewares/Third_Party/LwIP/system/OS/sys_arch.c **** #else
 317:Middlewares/Third_Party/LwIP/system/OS/sys_arch.c ****     if(osSemaphoreAcquire(*sem, timeout) == osOK)
 318:Middlewares/Third_Party/LwIP/system/OS/sys_arch.c ****     {
 319:Middlewares/Third_Party/LwIP/system/OS/sys_arch.c ****         return (osKernelGetTickCount() - starttime);
 320:Middlewares/Third_Party/LwIP/system/OS/sys_arch.c **** #endif
 321:Middlewares/Third_Party/LwIP/system/OS/sys_arch.c ****     }
 322:Middlewares/Third_Party/LwIP/system/OS/sys_arch.c ****     else
 323:Middlewares/Third_Party/LwIP/system/OS/sys_arch.c ****     {
ARM GAS  /tmp/cc6TXrlB.s 			page 16


 324:Middlewares/Third_Party/LwIP/system/OS/sys_arch.c ****       return SYS_ARCH_TIMEOUT;
 325:Middlewares/Third_Party/LwIP/system/OS/sys_arch.c ****     }
 326:Middlewares/Third_Party/LwIP/system/OS/sys_arch.c ****   }
 327:Middlewares/Third_Party/LwIP/system/OS/sys_arch.c ****   else
 328:Middlewares/Third_Party/LwIP/system/OS/sys_arch.c ****   {
 329:Middlewares/Third_Party/LwIP/system/OS/sys_arch.c **** #if (osCMSIS < 0x20000U)
 330:Middlewares/Third_Party/LwIP/system/OS/sys_arch.c ****     while(osSemaphoreWait (*sem, osWaitForever) != osOK);
 331:Middlewares/Third_Party/LwIP/system/OS/sys_arch.c ****     return (osKernelSysTick() - starttime);
 332:Middlewares/Third_Party/LwIP/system/OS/sys_arch.c **** #else
 333:Middlewares/Third_Party/LwIP/system/OS/sys_arch.c ****     while(osSemaphoreAcquire(*sem, osWaitForever) != osOK);
 538              		.loc 1 333 59 is_stmt 1 discriminator 1 view .LVU110
 539              		.loc 1 333 10 discriminator 1 view .LVU111
 540              		.loc 1 333 11 is_stmt 0 discriminator 1 view .LVU112
 541 000e 4FF0FF31 		mov	r1, #-1
 542 0012 2068     		ldr	r0, [r4]
 543 0014 FFF7FEFF 		bl	osSemaphoreAcquire
 544              	.LVL49:
 545              		.loc 1 333 10 discriminator 1 view .LVU113
 546 0018 0028     		cmp	r0, #0
 547 001a F8D1     		bne	.L40
 334:Middlewares/Third_Party/LwIP/system/OS/sys_arch.c ****     return (osKernelGetTickCount() - starttime);
 548              		.loc 1 334 5 is_stmt 1 view .LVU114
 549              		.loc 1 334 13 is_stmt 0 view .LVU115
 550 001c FFF7FEFF 		bl	osKernelGetTickCount
 551              	.LVL50:
 552              		.loc 1 334 36 view .LVU116
 553 0020 401B     		subs	r0, r0, r5
 554              	.L39:
 335:Middlewares/Third_Party/LwIP/system/OS/sys_arch.c **** #endif
 336:Middlewares/Third_Party/LwIP/system/OS/sys_arch.c ****   }
 337:Middlewares/Third_Party/LwIP/system/OS/sys_arch.c **** }
 555              		.loc 1 337 1 view .LVU117
 556 0022 70BD     		pop	{r4, r5, r6, pc}
 557              	.LVL51:
 558              	.L44:
 317:Middlewares/Third_Party/LwIP/system/OS/sys_arch.c ****     {
 559              		.loc 1 317 5 is_stmt 1 view .LVU118
 317:Middlewares/Third_Party/LwIP/system/OS/sys_arch.c ****     {
 560              		.loc 1 317 8 is_stmt 0 view .LVU119
 561 0024 3146     		mov	r1, r6
 562 0026 2068     		ldr	r0, [r4]
 563              	.LVL52:
 317:Middlewares/Third_Party/LwIP/system/OS/sys_arch.c ****     {
 564              		.loc 1 317 8 view .LVU120
 565 0028 FFF7FEFF 		bl	osSemaphoreAcquire
 566              	.LVL53:
 317:Middlewares/Third_Party/LwIP/system/OS/sys_arch.c ****     {
 567              		.loc 1 317 7 view .LVU121
 568 002c 10B1     		cbz	r0, .L45
 324:Middlewares/Third_Party/LwIP/system/OS/sys_arch.c ****     }
 569              		.loc 1 324 14 view .LVU122
 570 002e 4FF0FF30 		mov	r0, #-1
 571 0032 F6E7     		b	.L39
 572              	.L45:
 319:Middlewares/Third_Party/LwIP/system/OS/sys_arch.c **** #endif
 573              		.loc 1 319 9 is_stmt 1 view .LVU123
 319:Middlewares/Third_Party/LwIP/system/OS/sys_arch.c **** #endif
ARM GAS  /tmp/cc6TXrlB.s 			page 17


 574              		.loc 1 319 17 is_stmt 0 view .LVU124
 575 0034 FFF7FEFF 		bl	osKernelGetTickCount
 576              	.LVL54:
 319:Middlewares/Third_Party/LwIP/system/OS/sys_arch.c **** #endif
 577              		.loc 1 319 40 view .LVU125
 578 0038 401B     		subs	r0, r0, r5
 579 003a F2E7     		b	.L39
 580              		.cfi_endproc
 581              	.LFE183:
 583              		.section	.text.sys_sem_signal,"ax",%progbits
 584              		.align	1
 585              		.global	sys_sem_signal
 586              		.syntax unified
 587              		.thumb
 588              		.thumb_func
 589              		.fpu fpv5-d16
 591              	sys_sem_signal:
 592              	.LVL55:
 593              	.LFB184:
 338:Middlewares/Third_Party/LwIP/system/OS/sys_arch.c **** 
 339:Middlewares/Third_Party/LwIP/system/OS/sys_arch.c **** /*-----------------------------------------------------------------------------------*/
 340:Middlewares/Third_Party/LwIP/system/OS/sys_arch.c **** // Signals a semaphore
 341:Middlewares/Third_Party/LwIP/system/OS/sys_arch.c **** void sys_sem_signal(sys_sem_t *sem)
 342:Middlewares/Third_Party/LwIP/system/OS/sys_arch.c **** {
 594              		.loc 1 342 1 is_stmt 1 view -0
 595              		.cfi_startproc
 596              		@ args = 0, pretend = 0, frame = 0
 597              		@ frame_needed = 0, uses_anonymous_args = 0
 598              		.loc 1 342 1 is_stmt 0 view .LVU127
 599 0000 08B5     		push	{r3, lr}
 600              	.LCFI14:
 601              		.cfi_def_cfa_offset 8
 602              		.cfi_offset 3, -8
 603              		.cfi_offset 14, -4
 343:Middlewares/Third_Party/LwIP/system/OS/sys_arch.c ****   osSemaphoreRelease(*sem);
 604              		.loc 1 343 3 is_stmt 1 view .LVU128
 605 0002 0068     		ldr	r0, [r0]
 606              	.LVL56:
 607              		.loc 1 343 3 is_stmt 0 view .LVU129
 608 0004 FFF7FEFF 		bl	osSemaphoreRelease
 609              	.LVL57:
 344:Middlewares/Third_Party/LwIP/system/OS/sys_arch.c **** }
 610              		.loc 1 344 1 view .LVU130
 611 0008 08BD     		pop	{r3, pc}
 612              		.cfi_endproc
 613              	.LFE184:
 615              		.section	.text.sys_sem_free,"ax",%progbits
 616              		.align	1
 617              		.global	sys_sem_free
 618              		.syntax unified
 619              		.thumb
 620              		.thumb_func
 621              		.fpu fpv5-d16
 623              	sys_sem_free:
 624              	.LVL58:
 625              	.LFB185:
 345:Middlewares/Third_Party/LwIP/system/OS/sys_arch.c **** 
ARM GAS  /tmp/cc6TXrlB.s 			page 18


 346:Middlewares/Third_Party/LwIP/system/OS/sys_arch.c **** /*-----------------------------------------------------------------------------------*/
 347:Middlewares/Third_Party/LwIP/system/OS/sys_arch.c **** // Deallocates a semaphore
 348:Middlewares/Third_Party/LwIP/system/OS/sys_arch.c **** void sys_sem_free(sys_sem_t *sem)
 349:Middlewares/Third_Party/LwIP/system/OS/sys_arch.c **** {
 626              		.loc 1 349 1 is_stmt 1 view -0
 627              		.cfi_startproc
 628              		@ args = 0, pretend = 0, frame = 0
 629              		@ frame_needed = 0, uses_anonymous_args = 0
 630              		.loc 1 349 1 is_stmt 0 view .LVU132
 631 0000 08B5     		push	{r3, lr}
 632              	.LCFI15:
 633              		.cfi_def_cfa_offset 8
 634              		.cfi_offset 3, -8
 635              		.cfi_offset 14, -4
 350:Middlewares/Third_Party/LwIP/system/OS/sys_arch.c **** #if SYS_STATS
 351:Middlewares/Third_Party/LwIP/system/OS/sys_arch.c ****   --lwip_stats.sys.sem.used;
 352:Middlewares/Third_Party/LwIP/system/OS/sys_arch.c **** #endif /* SYS_STATS */
 353:Middlewares/Third_Party/LwIP/system/OS/sys_arch.c **** 
 354:Middlewares/Third_Party/LwIP/system/OS/sys_arch.c ****   osSemaphoreDelete(*sem);
 636              		.loc 1 354 3 is_stmt 1 view .LVU133
 637 0002 0068     		ldr	r0, [r0]
 638              	.LVL59:
 639              		.loc 1 354 3 is_stmt 0 view .LVU134
 640 0004 FFF7FEFF 		bl	osSemaphoreDelete
 641              	.LVL60:
 355:Middlewares/Third_Party/LwIP/system/OS/sys_arch.c **** }
 642              		.loc 1 355 1 view .LVU135
 643 0008 08BD     		pop	{r3, pc}
 644              		.cfi_endproc
 645              	.LFE185:
 647              		.section	.text.sys_sem_valid,"ax",%progbits
 648              		.align	1
 649              		.global	sys_sem_valid
 650              		.syntax unified
 651              		.thumb
 652              		.thumb_func
 653              		.fpu fpv5-d16
 655              	sys_sem_valid:
 656              	.LVL61:
 657              	.LFB186:
 356:Middlewares/Third_Party/LwIP/system/OS/sys_arch.c **** /*-----------------------------------------------------------------------------------*/
 357:Middlewares/Third_Party/LwIP/system/OS/sys_arch.c **** int sys_sem_valid(sys_sem_t *sem)
 358:Middlewares/Third_Party/LwIP/system/OS/sys_arch.c **** {
 658              		.loc 1 358 1 is_stmt 1 view -0
 659              		.cfi_startproc
 660              		@ args = 0, pretend = 0, frame = 0
 661              		@ frame_needed = 0, uses_anonymous_args = 0
 662              		@ link register save eliminated.
 359:Middlewares/Third_Party/LwIP/system/OS/sys_arch.c ****   if (*sem == SYS_SEM_NULL)
 663              		.loc 1 359 3 view .LVU137
 664              		.loc 1 359 7 is_stmt 0 view .LVU138
 665 0000 0368     		ldr	r3, [r0]
 666              		.loc 1 359 6 view .LVU139
 667 0002 0BB1     		cbz	r3, .L53
 360:Middlewares/Third_Party/LwIP/system/OS/sys_arch.c ****     return 0;
 361:Middlewares/Third_Party/LwIP/system/OS/sys_arch.c ****   else
 362:Middlewares/Third_Party/LwIP/system/OS/sys_arch.c ****     return 1;
ARM GAS  /tmp/cc6TXrlB.s 			page 19


 668              		.loc 1 362 12 view .LVU140
 669 0004 0120     		movs	r0, #1
 670              	.LVL62:
 363:Middlewares/Third_Party/LwIP/system/OS/sys_arch.c **** }
 671              		.loc 1 363 1 view .LVU141
 672 0006 7047     		bx	lr
 673              	.LVL63:
 674              	.L53:
 360:Middlewares/Third_Party/LwIP/system/OS/sys_arch.c ****     return 0;
 675              		.loc 1 360 12 view .LVU142
 676 0008 0020     		movs	r0, #0
 677              	.LVL64:
 360:Middlewares/Third_Party/LwIP/system/OS/sys_arch.c ****     return 0;
 678              		.loc 1 360 12 view .LVU143
 679 000a 7047     		bx	lr
 680              		.cfi_endproc
 681              	.LFE186:
 683              		.section	.text.sys_sem_set_invalid,"ax",%progbits
 684              		.align	1
 685              		.global	sys_sem_set_invalid
 686              		.syntax unified
 687              		.thumb
 688              		.thumb_func
 689              		.fpu fpv5-d16
 691              	sys_sem_set_invalid:
 692              	.LVL65:
 693              	.LFB187:
 364:Middlewares/Third_Party/LwIP/system/OS/sys_arch.c **** 
 365:Middlewares/Third_Party/LwIP/system/OS/sys_arch.c **** /*-----------------------------------------------------------------------------------*/
 366:Middlewares/Third_Party/LwIP/system/OS/sys_arch.c **** void sys_sem_set_invalid(sys_sem_t *sem)
 367:Middlewares/Third_Party/LwIP/system/OS/sys_arch.c **** {
 694              		.loc 1 367 1 is_stmt 1 view -0
 695              		.cfi_startproc
 696              		@ args = 0, pretend = 0, frame = 0
 697              		@ frame_needed = 0, uses_anonymous_args = 0
 698              		@ link register save eliminated.
 368:Middlewares/Third_Party/LwIP/system/OS/sys_arch.c ****   *sem = SYS_SEM_NULL;
 699              		.loc 1 368 3 view .LVU145
 700              		.loc 1 368 8 is_stmt 0 view .LVU146
 701 0000 0023     		movs	r3, #0
 702 0002 0360     		str	r3, [r0]
 369:Middlewares/Third_Party/LwIP/system/OS/sys_arch.c **** }
 703              		.loc 1 369 1 view .LVU147
 704 0004 7047     		bx	lr
 705              		.cfi_endproc
 706              	.LFE187:
 708              		.section	.text.sys_init,"ax",%progbits
 709              		.align	1
 710              		.global	sys_init
 711              		.syntax unified
 712              		.thumb
 713              		.thumb_func
 714              		.fpu fpv5-d16
 716              	sys_init:
 717              	.LFB188:
 370:Middlewares/Third_Party/LwIP/system/OS/sys_arch.c **** 
 371:Middlewares/Third_Party/LwIP/system/OS/sys_arch.c **** /*-----------------------------------------------------------------------------------*/
ARM GAS  /tmp/cc6TXrlB.s 			page 20


 372:Middlewares/Third_Party/LwIP/system/OS/sys_arch.c **** #if (osCMSIS < 0x20000U)
 373:Middlewares/Third_Party/LwIP/system/OS/sys_arch.c **** osMutexId lwip_sys_mutex;
 374:Middlewares/Third_Party/LwIP/system/OS/sys_arch.c **** osMutexDef(lwip_sys_mutex);
 375:Middlewares/Third_Party/LwIP/system/OS/sys_arch.c **** #else
 376:Middlewares/Third_Party/LwIP/system/OS/sys_arch.c **** osMutexId_t lwip_sys_mutex;
 377:Middlewares/Third_Party/LwIP/system/OS/sys_arch.c **** #endif
 378:Middlewares/Third_Party/LwIP/system/OS/sys_arch.c **** // Initialize sys arch
 379:Middlewares/Third_Party/LwIP/system/OS/sys_arch.c **** void sys_init(void)
 380:Middlewares/Third_Party/LwIP/system/OS/sys_arch.c **** {
 718              		.loc 1 380 1 is_stmt 1 view -0
 719              		.cfi_startproc
 720              		@ args = 0, pretend = 0, frame = 0
 721              		@ frame_needed = 0, uses_anonymous_args = 0
 722 0000 08B5     		push	{r3, lr}
 723              	.LCFI16:
 724              		.cfi_def_cfa_offset 8
 725              		.cfi_offset 3, -8
 726              		.cfi_offset 14, -4
 381:Middlewares/Third_Party/LwIP/system/OS/sys_arch.c **** #if (osCMSIS < 0x20000U)
 382:Middlewares/Third_Party/LwIP/system/OS/sys_arch.c ****   lwip_sys_mutex = osMutexCreate(osMutex(lwip_sys_mutex));
 383:Middlewares/Third_Party/LwIP/system/OS/sys_arch.c **** #else
 384:Middlewares/Third_Party/LwIP/system/OS/sys_arch.c ****   lwip_sys_mutex = osMutexNew(NULL);
 727              		.loc 1 384 3 view .LVU149
 728              		.loc 1 384 20 is_stmt 0 view .LVU150
 729 0002 0020     		movs	r0, #0
 730 0004 FFF7FEFF 		bl	osMutexNew
 731              	.LVL66:
 732              		.loc 1 384 18 view .LVU151
 733 0008 014B     		ldr	r3, .L57
 734 000a 1860     		str	r0, [r3]
 385:Middlewares/Third_Party/LwIP/system/OS/sys_arch.c **** #endif
 386:Middlewares/Third_Party/LwIP/system/OS/sys_arch.c **** }
 735              		.loc 1 386 1 view .LVU152
 736 000c 08BD     		pop	{r3, pc}
 737              	.L58:
 738 000e 00BF     		.align	2
 739              	.L57:
 740 0010 00000000 		.word	.LANCHOR0
 741              		.cfi_endproc
 742              	.LFE188:
 744              		.section	.text.sys_mutex_new,"ax",%progbits
 745              		.align	1
 746              		.global	sys_mutex_new
 747              		.syntax unified
 748              		.thumb
 749              		.thumb_func
 750              		.fpu fpv5-d16
 752              	sys_mutex_new:
 753              	.LVL67:
 754              	.LFB189:
 387:Middlewares/Third_Party/LwIP/system/OS/sys_arch.c **** /*-----------------------------------------------------------------------------------*/
 388:Middlewares/Third_Party/LwIP/system/OS/sys_arch.c ****                                       /* Mutexes*/
 389:Middlewares/Third_Party/LwIP/system/OS/sys_arch.c **** /*-----------------------------------------------------------------------------------*/
 390:Middlewares/Third_Party/LwIP/system/OS/sys_arch.c **** /*-----------------------------------------------------------------------------------*/
 391:Middlewares/Third_Party/LwIP/system/OS/sys_arch.c **** #if LWIP_COMPAT_MUTEX == 0
 392:Middlewares/Third_Party/LwIP/system/OS/sys_arch.c **** /* Create a new mutex*/
 393:Middlewares/Third_Party/LwIP/system/OS/sys_arch.c **** err_t sys_mutex_new(sys_mutex_t *mutex) {
ARM GAS  /tmp/cc6TXrlB.s 			page 21


 755              		.loc 1 393 41 is_stmt 1 view -0
 756              		.cfi_startproc
 757              		@ args = 0, pretend = 0, frame = 0
 758              		@ frame_needed = 0, uses_anonymous_args = 0
 759              		.loc 1 393 41 is_stmt 0 view .LVU154
 760 0000 10B5     		push	{r4, lr}
 761              	.LCFI17:
 762              		.cfi_def_cfa_offset 8
 763              		.cfi_offset 4, -8
 764              		.cfi_offset 14, -4
 765 0002 0446     		mov	r4, r0
 394:Middlewares/Third_Party/LwIP/system/OS/sys_arch.c **** 
 395:Middlewares/Third_Party/LwIP/system/OS/sys_arch.c **** #if (osCMSIS < 0x20000U)
 396:Middlewares/Third_Party/LwIP/system/OS/sys_arch.c ****   osMutexDef(MUTEX);
 397:Middlewares/Third_Party/LwIP/system/OS/sys_arch.c ****   *mutex = osMutexCreate(osMutex(MUTEX));
 398:Middlewares/Third_Party/LwIP/system/OS/sys_arch.c **** #else
 399:Middlewares/Third_Party/LwIP/system/OS/sys_arch.c ****   *mutex = osMutexNew(NULL);
 766              		.loc 1 399 3 is_stmt 1 view .LVU155
 767              		.loc 1 399 12 is_stmt 0 view .LVU156
 768 0004 0020     		movs	r0, #0
 769              	.LVL68:
 770              		.loc 1 399 12 view .LVU157
 771 0006 FFF7FEFF 		bl	osMutexNew
 772              	.LVL69:
 773              		.loc 1 399 10 view .LVU158
 774 000a 2060     		str	r0, [r4]
 400:Middlewares/Third_Party/LwIP/system/OS/sys_arch.c **** #endif
 401:Middlewares/Third_Party/LwIP/system/OS/sys_arch.c **** 
 402:Middlewares/Third_Party/LwIP/system/OS/sys_arch.c ****   if(*mutex == NULL)
 775              		.loc 1 402 3 is_stmt 1 view .LVU159
 776              		.loc 1 402 5 is_stmt 0 view .LVU160
 777 000c 08B1     		cbz	r0, .L61
 403:Middlewares/Third_Party/LwIP/system/OS/sys_arch.c ****   {
 404:Middlewares/Third_Party/LwIP/system/OS/sys_arch.c **** #if SYS_STATS
 405:Middlewares/Third_Party/LwIP/system/OS/sys_arch.c ****     ++lwip_stats.sys.mutex.err;
 406:Middlewares/Third_Party/LwIP/system/OS/sys_arch.c **** #endif /* SYS_STATS */
 407:Middlewares/Third_Party/LwIP/system/OS/sys_arch.c ****     return ERR_MEM;
 408:Middlewares/Third_Party/LwIP/system/OS/sys_arch.c ****   }
 409:Middlewares/Third_Party/LwIP/system/OS/sys_arch.c **** 
 410:Middlewares/Third_Party/LwIP/system/OS/sys_arch.c **** #if SYS_STATS
 411:Middlewares/Third_Party/LwIP/system/OS/sys_arch.c ****   ++lwip_stats.sys.mutex.used;
 412:Middlewares/Third_Party/LwIP/system/OS/sys_arch.c ****   if (lwip_stats.sys.mutex.max < lwip_stats.sys.mutex.used) {
 413:Middlewares/Third_Party/LwIP/system/OS/sys_arch.c ****     lwip_stats.sys.mutex.max = lwip_stats.sys.mutex.used;
 414:Middlewares/Third_Party/LwIP/system/OS/sys_arch.c ****   }
 415:Middlewares/Third_Party/LwIP/system/OS/sys_arch.c **** #endif /* SYS_STATS */
 416:Middlewares/Third_Party/LwIP/system/OS/sys_arch.c ****   return ERR_OK;
 778              		.loc 1 416 10 view .LVU161
 779 000e 0020     		movs	r0, #0
 780              	.L60:
 417:Middlewares/Third_Party/LwIP/system/OS/sys_arch.c **** }
 781              		.loc 1 417 1 view .LVU162
 782 0010 10BD     		pop	{r4, pc}
 783              	.LVL70:
 784              	.L61:
 407:Middlewares/Third_Party/LwIP/system/OS/sys_arch.c ****   }
 785              		.loc 1 407 12 view .LVU163
 786 0012 4FF0FF30 		mov	r0, #-1
ARM GAS  /tmp/cc6TXrlB.s 			page 22


 787 0016 FBE7     		b	.L60
 788              		.cfi_endproc
 789              	.LFE189:
 791              		.section	.text.sys_mutex_free,"ax",%progbits
 792              		.align	1
 793              		.global	sys_mutex_free
 794              		.syntax unified
 795              		.thumb
 796              		.thumb_func
 797              		.fpu fpv5-d16
 799              	sys_mutex_free:
 800              	.LVL71:
 801              	.LFB190:
 418:Middlewares/Third_Party/LwIP/system/OS/sys_arch.c **** /*-----------------------------------------------------------------------------------*/
 419:Middlewares/Third_Party/LwIP/system/OS/sys_arch.c **** /* Deallocate a mutex*/
 420:Middlewares/Third_Party/LwIP/system/OS/sys_arch.c **** void sys_mutex_free(sys_mutex_t *mutex)
 421:Middlewares/Third_Party/LwIP/system/OS/sys_arch.c **** {
 802              		.loc 1 421 1 is_stmt 1 view -0
 803              		.cfi_startproc
 804              		@ args = 0, pretend = 0, frame = 0
 805              		@ frame_needed = 0, uses_anonymous_args = 0
 806              		.loc 1 421 1 is_stmt 0 view .LVU165
 807 0000 08B5     		push	{r3, lr}
 808              	.LCFI18:
 809              		.cfi_def_cfa_offset 8
 810              		.cfi_offset 3, -8
 811              		.cfi_offset 14, -4
 422:Middlewares/Third_Party/LwIP/system/OS/sys_arch.c **** #if SYS_STATS
 423:Middlewares/Third_Party/LwIP/system/OS/sys_arch.c ****       --lwip_stats.sys.mutex.used;
 424:Middlewares/Third_Party/LwIP/system/OS/sys_arch.c **** #endif /* SYS_STATS */
 425:Middlewares/Third_Party/LwIP/system/OS/sys_arch.c **** 
 426:Middlewares/Third_Party/LwIP/system/OS/sys_arch.c ****   osMutexDelete(*mutex);
 812              		.loc 1 426 3 is_stmt 1 view .LVU166
 813 0002 0068     		ldr	r0, [r0]
 814              	.LVL72:
 815              		.loc 1 426 3 is_stmt 0 view .LVU167
 816 0004 FFF7FEFF 		bl	osMutexDelete
 817              	.LVL73:
 427:Middlewares/Third_Party/LwIP/system/OS/sys_arch.c **** }
 818              		.loc 1 427 1 view .LVU168
 819 0008 08BD     		pop	{r3, pc}
 820              		.cfi_endproc
 821              	.LFE190:
 823              		.section	.text.sys_mutex_lock,"ax",%progbits
 824              		.align	1
 825              		.global	sys_mutex_lock
 826              		.syntax unified
 827              		.thumb
 828              		.thumb_func
 829              		.fpu fpv5-d16
 831              	sys_mutex_lock:
 832              	.LVL74:
 833              	.LFB191:
 428:Middlewares/Third_Party/LwIP/system/OS/sys_arch.c **** /*-----------------------------------------------------------------------------------*/
 429:Middlewares/Third_Party/LwIP/system/OS/sys_arch.c **** /* Lock a mutex*/
 430:Middlewares/Third_Party/LwIP/system/OS/sys_arch.c **** void sys_mutex_lock(sys_mutex_t *mutex)
 431:Middlewares/Third_Party/LwIP/system/OS/sys_arch.c **** {
ARM GAS  /tmp/cc6TXrlB.s 			page 23


 834              		.loc 1 431 1 is_stmt 1 view -0
 835              		.cfi_startproc
 836              		@ args = 0, pretend = 0, frame = 0
 837              		@ frame_needed = 0, uses_anonymous_args = 0
 838              		.loc 1 431 1 is_stmt 0 view .LVU170
 839 0000 08B5     		push	{r3, lr}
 840              	.LCFI19:
 841              		.cfi_def_cfa_offset 8
 842              		.cfi_offset 3, -8
 843              		.cfi_offset 14, -4
 432:Middlewares/Third_Party/LwIP/system/OS/sys_arch.c **** #if (osCMSIS < 0x20000U)
 433:Middlewares/Third_Party/LwIP/system/OS/sys_arch.c ****   osMutexWait(*mutex, osWaitForever);
 434:Middlewares/Third_Party/LwIP/system/OS/sys_arch.c **** #else
 435:Middlewares/Third_Party/LwIP/system/OS/sys_arch.c ****   osMutexAcquire(*mutex, osWaitForever);
 844              		.loc 1 435 3 is_stmt 1 view .LVU171
 845 0002 4FF0FF31 		mov	r1, #-1
 846 0006 0068     		ldr	r0, [r0]
 847              	.LVL75:
 848              		.loc 1 435 3 is_stmt 0 view .LVU172
 849 0008 FFF7FEFF 		bl	osMutexAcquire
 850              	.LVL76:
 436:Middlewares/Third_Party/LwIP/system/OS/sys_arch.c **** #endif
 437:Middlewares/Third_Party/LwIP/system/OS/sys_arch.c **** }
 851              		.loc 1 437 1 view .LVU173
 852 000c 08BD     		pop	{r3, pc}
 853              		.cfi_endproc
 854              	.LFE191:
 856              		.section	.text.sys_mutex_unlock,"ax",%progbits
 857              		.align	1
 858              		.global	sys_mutex_unlock
 859              		.syntax unified
 860              		.thumb
 861              		.thumb_func
 862              		.fpu fpv5-d16
 864              	sys_mutex_unlock:
 865              	.LVL77:
 866              	.LFB192:
 438:Middlewares/Third_Party/LwIP/system/OS/sys_arch.c **** 
 439:Middlewares/Third_Party/LwIP/system/OS/sys_arch.c **** /*-----------------------------------------------------------------------------------*/
 440:Middlewares/Third_Party/LwIP/system/OS/sys_arch.c **** /* Unlock a mutex*/
 441:Middlewares/Third_Party/LwIP/system/OS/sys_arch.c **** void sys_mutex_unlock(sys_mutex_t *mutex)
 442:Middlewares/Third_Party/LwIP/system/OS/sys_arch.c **** {
 867              		.loc 1 442 1 is_stmt 1 view -0
 868              		.cfi_startproc
 869              		@ args = 0, pretend = 0, frame = 0
 870              		@ frame_needed = 0, uses_anonymous_args = 0
 871              		.loc 1 442 1 is_stmt 0 view .LVU175
 872 0000 08B5     		push	{r3, lr}
 873              	.LCFI20:
 874              		.cfi_def_cfa_offset 8
 875              		.cfi_offset 3, -8
 876              		.cfi_offset 14, -4
 443:Middlewares/Third_Party/LwIP/system/OS/sys_arch.c ****   osMutexRelease(*mutex);
 877              		.loc 1 443 3 is_stmt 1 view .LVU176
 878 0002 0068     		ldr	r0, [r0]
 879              	.LVL78:
 880              		.loc 1 443 3 is_stmt 0 view .LVU177
ARM GAS  /tmp/cc6TXrlB.s 			page 24


 881 0004 FFF7FEFF 		bl	osMutexRelease
 882              	.LVL79:
 444:Middlewares/Third_Party/LwIP/system/OS/sys_arch.c **** }
 883              		.loc 1 444 1 view .LVU178
 884 0008 08BD     		pop	{r3, pc}
 885              		.cfi_endproc
 886              	.LFE192:
 888              		.section	.text.sys_thread_new,"ax",%progbits
 889              		.align	1
 890              		.global	sys_thread_new
 891              		.syntax unified
 892              		.thumb
 893              		.thumb_func
 894              		.fpu fpv5-d16
 896              	sys_thread_new:
 897              	.LVL80:
 898              	.LFB193:
 445:Middlewares/Third_Party/LwIP/system/OS/sys_arch.c **** #endif /*LWIP_COMPAT_MUTEX*/
 446:Middlewares/Third_Party/LwIP/system/OS/sys_arch.c **** /*-----------------------------------------------------------------------------------*/
 447:Middlewares/Third_Party/LwIP/system/OS/sys_arch.c **** // TODO
 448:Middlewares/Third_Party/LwIP/system/OS/sys_arch.c **** /*-----------------------------------------------------------------------------------*/
 449:Middlewares/Third_Party/LwIP/system/OS/sys_arch.c **** /*
 450:Middlewares/Third_Party/LwIP/system/OS/sys_arch.c ****   Starts a new thread with priority "prio" that will begin its execution in the
 451:Middlewares/Third_Party/LwIP/system/OS/sys_arch.c ****   function "thread()". The "arg" argument will be passed as an argument to the
 452:Middlewares/Third_Party/LwIP/system/OS/sys_arch.c ****   thread() function. The id of the new thread is returned. Both the id and
 453:Middlewares/Third_Party/LwIP/system/OS/sys_arch.c ****   the priority are system dependent.
 454:Middlewares/Third_Party/LwIP/system/OS/sys_arch.c **** */
 455:Middlewares/Third_Party/LwIP/system/OS/sys_arch.c **** sys_thread_t sys_thread_new(const char *name, lwip_thread_fn thread , void *arg, int stacksize, int
 456:Middlewares/Third_Party/LwIP/system/OS/sys_arch.c **** {
 899              		.loc 1 456 1 is_stmt 1 view -0
 900              		.cfi_startproc
 901              		@ args = 4, pretend = 0, frame = 40
 902              		@ frame_needed = 0, uses_anonymous_args = 0
 903              		.loc 1 456 1 is_stmt 0 view .LVU180
 904 0000 F0B5     		push	{r4, r5, r6, r7, lr}
 905              	.LCFI21:
 906              		.cfi_def_cfa_offset 20
 907              		.cfi_offset 4, -20
 908              		.cfi_offset 5, -16
 909              		.cfi_offset 6, -12
 910              		.cfi_offset 7, -8
 911              		.cfi_offset 14, -4
 912 0002 8BB0     		sub	sp, sp, #44
 913              	.LCFI22:
 914              		.cfi_def_cfa_offset 64
 915 0004 0746     		mov	r7, r0
 916 0006 0C46     		mov	r4, r1
 917 0008 1546     		mov	r5, r2
 918 000a 1E46     		mov	r6, r3
 457:Middlewares/Third_Party/LwIP/system/OS/sys_arch.c **** #if (osCMSIS < 0x20000U)
 458:Middlewares/Third_Party/LwIP/system/OS/sys_arch.c ****   const osThreadDef_t os_thread_def = { (char *)name, (os_pthread)thread, (osPriority)prio, 0, stac
 459:Middlewares/Third_Party/LwIP/system/OS/sys_arch.c ****   return osThreadCreate(&os_thread_def, arg);
 460:Middlewares/Third_Party/LwIP/system/OS/sys_arch.c **** #else
 461:Middlewares/Third_Party/LwIP/system/OS/sys_arch.c ****   const osThreadAttr_t attributes = {
 919              		.loc 1 461 3 is_stmt 1 view .LVU181
 920              		.loc 1 461 24 is_stmt 0 view .LVU182
 921 000c 2422     		movs	r2, #36
ARM GAS  /tmp/cc6TXrlB.s 			page 25


 922              	.LVL81:
 923              		.loc 1 461 24 view .LVU183
 924 000e 0021     		movs	r1, #0
 925              	.LVL82:
 926              		.loc 1 461 24 view .LVU184
 927 0010 01A8     		add	r0, sp, #4
 928              	.LVL83:
 929              		.loc 1 461 24 view .LVU185
 930 0012 FFF7FEFF 		bl	memset
 931              	.LVL84:
 932              		.loc 1 461 24 view .LVU186
 933 0016 0197     		str	r7, [sp, #4]
 934 0018 0696     		str	r6, [sp, #24]
 935 001a 109B     		ldr	r3, [sp, #64]
 936 001c 0793     		str	r3, [sp, #28]
 462:Middlewares/Third_Party/LwIP/system/OS/sys_arch.c ****                         .name = name,
 463:Middlewares/Third_Party/LwIP/system/OS/sys_arch.c ****                         .stack_size = stacksize,
 464:Middlewares/Third_Party/LwIP/system/OS/sys_arch.c ****                         .priority = (osPriority_t)prio,
 465:Middlewares/Third_Party/LwIP/system/OS/sys_arch.c ****                       };
 466:Middlewares/Third_Party/LwIP/system/OS/sys_arch.c ****   return osThreadNew(thread, arg, &attributes);
 937              		.loc 1 466 3 is_stmt 1 view .LVU187
 938              		.loc 1 466 10 is_stmt 0 view .LVU188
 939 001e 01AA     		add	r2, sp, #4
 940 0020 2946     		mov	r1, r5
 941 0022 2046     		mov	r0, r4
 942 0024 FFF7FEFF 		bl	osThreadNew
 943              	.LVL85:
 467:Middlewares/Third_Party/LwIP/system/OS/sys_arch.c **** #endif
 468:Middlewares/Third_Party/LwIP/system/OS/sys_arch.c **** }
 944              		.loc 1 468 1 view .LVU189
 945 0028 0BB0     		add	sp, sp, #44
 946              	.LCFI23:
 947              		.cfi_def_cfa_offset 20
 948              		@ sp needed
 949 002a F0BD     		pop	{r4, r5, r6, r7, pc}
 950              		.loc 1 468 1 view .LVU190
 951              		.cfi_endproc
 952              	.LFE193:
 954              		.section	.text.sys_arch_protect,"ax",%progbits
 955              		.align	1
 956              		.global	sys_arch_protect
 957              		.syntax unified
 958              		.thumb
 959              		.thumb_func
 960              		.fpu fpv5-d16
 962              	sys_arch_protect:
 963              	.LFB194:
 469:Middlewares/Third_Party/LwIP/system/OS/sys_arch.c **** 
 470:Middlewares/Third_Party/LwIP/system/OS/sys_arch.c **** /*
 471:Middlewares/Third_Party/LwIP/system/OS/sys_arch.c ****   This optional function does a "fast" critical region protection and returns
 472:Middlewares/Third_Party/LwIP/system/OS/sys_arch.c ****   the previous protection level. This function is only called during very short
 473:Middlewares/Third_Party/LwIP/system/OS/sys_arch.c ****   critical regions. An embedded system which supports ISR-based drivers might
 474:Middlewares/Third_Party/LwIP/system/OS/sys_arch.c ****   want to implement this function by disabling interrupts. Task-based systems
 475:Middlewares/Third_Party/LwIP/system/OS/sys_arch.c ****   might want to implement this by using a mutex or disabling tasking. This
 476:Middlewares/Third_Party/LwIP/system/OS/sys_arch.c ****   function should support recursive calls from the same task or interrupt. In
 477:Middlewares/Third_Party/LwIP/system/OS/sys_arch.c ****   other words, sys_arch_protect() could be called while already protected. In
 478:Middlewares/Third_Party/LwIP/system/OS/sys_arch.c ****   that case the return value indicates that it is already protected.
ARM GAS  /tmp/cc6TXrlB.s 			page 26


 479:Middlewares/Third_Party/LwIP/system/OS/sys_arch.c **** 
 480:Middlewares/Third_Party/LwIP/system/OS/sys_arch.c ****   sys_arch_protect() is only required if your port is supporting an operating
 481:Middlewares/Third_Party/LwIP/system/OS/sys_arch.c ****   system.
 482:Middlewares/Third_Party/LwIP/system/OS/sys_arch.c **** 
 483:Middlewares/Third_Party/LwIP/system/OS/sys_arch.c ****   Note: This function is based on FreeRTOS API, because no equivalent CMSIS-RTOS
 484:Middlewares/Third_Party/LwIP/system/OS/sys_arch.c ****         API is available
 485:Middlewares/Third_Party/LwIP/system/OS/sys_arch.c **** */
 486:Middlewares/Third_Party/LwIP/system/OS/sys_arch.c **** sys_prot_t sys_arch_protect(void)
 487:Middlewares/Third_Party/LwIP/system/OS/sys_arch.c **** {
 964              		.loc 1 487 1 is_stmt 1 view -0
 965              		.cfi_startproc
 966              		@ args = 0, pretend = 0, frame = 0
 967              		@ frame_needed = 0, uses_anonymous_args = 0
 968 0000 08B5     		push	{r3, lr}
 969              	.LCFI24:
 970              		.cfi_def_cfa_offset 8
 971              		.cfi_offset 3, -8
 972              		.cfi_offset 14, -4
 488:Middlewares/Third_Party/LwIP/system/OS/sys_arch.c **** #if (osCMSIS < 0x20000U)
 489:Middlewares/Third_Party/LwIP/system/OS/sys_arch.c ****   osMutexWait(lwip_sys_mutex, osWaitForever);
 490:Middlewares/Third_Party/LwIP/system/OS/sys_arch.c **** #else
 491:Middlewares/Third_Party/LwIP/system/OS/sys_arch.c ****   osMutexAcquire(lwip_sys_mutex, osWaitForever);
 973              		.loc 1 491 3 view .LVU192
 974 0002 4FF0FF31 		mov	r1, #-1
 975 0006 034B     		ldr	r3, .L73
 976 0008 1868     		ldr	r0, [r3]
 977 000a FFF7FEFF 		bl	osMutexAcquire
 978              	.LVL86:
 492:Middlewares/Third_Party/LwIP/system/OS/sys_arch.c **** #endif
 493:Middlewares/Third_Party/LwIP/system/OS/sys_arch.c ****   return (sys_prot_t)1;
 979              		.loc 1 493 3 view .LVU193
 494:Middlewares/Third_Party/LwIP/system/OS/sys_arch.c **** }
 980              		.loc 1 494 1 is_stmt 0 view .LVU194
 981 000e 0120     		movs	r0, #1
 982 0010 08BD     		pop	{r3, pc}
 983              	.L74:
 984 0012 00BF     		.align	2
 985              	.L73:
 986 0014 00000000 		.word	.LANCHOR0
 987              		.cfi_endproc
 988              	.LFE194:
 990              		.section	.text.sys_arch_unprotect,"ax",%progbits
 991              		.align	1
 992              		.global	sys_arch_unprotect
 993              		.syntax unified
 994              		.thumb
 995              		.thumb_func
 996              		.fpu fpv5-d16
 998              	sys_arch_unprotect:
 999              	.LVL87:
 1000              	.LFB195:
 495:Middlewares/Third_Party/LwIP/system/OS/sys_arch.c **** 
 496:Middlewares/Third_Party/LwIP/system/OS/sys_arch.c **** 
 497:Middlewares/Third_Party/LwIP/system/OS/sys_arch.c **** /*
 498:Middlewares/Third_Party/LwIP/system/OS/sys_arch.c ****   This optional function does a "fast" set of critical region protection to the
 499:Middlewares/Third_Party/LwIP/system/OS/sys_arch.c ****   value specified by pval. See the documentation for sys_arch_protect() for
 500:Middlewares/Third_Party/LwIP/system/OS/sys_arch.c ****   more information. This function is only required if your port is supporting
ARM GAS  /tmp/cc6TXrlB.s 			page 27


 501:Middlewares/Third_Party/LwIP/system/OS/sys_arch.c ****   an operating system.
 502:Middlewares/Third_Party/LwIP/system/OS/sys_arch.c **** 
 503:Middlewares/Third_Party/LwIP/system/OS/sys_arch.c ****   Note: This function is based on FreeRTOS API, because no equivalent CMSIS-RTOS
 504:Middlewares/Third_Party/LwIP/system/OS/sys_arch.c ****         API is available
 505:Middlewares/Third_Party/LwIP/system/OS/sys_arch.c **** */
 506:Middlewares/Third_Party/LwIP/system/OS/sys_arch.c **** void sys_arch_unprotect(sys_prot_t pval)
 507:Middlewares/Third_Party/LwIP/system/OS/sys_arch.c **** {
 1001              		.loc 1 507 1 is_stmt 1 view -0
 1002              		.cfi_startproc
 1003              		@ args = 0, pretend = 0, frame = 0
 1004              		@ frame_needed = 0, uses_anonymous_args = 0
 1005              		.loc 1 507 1 is_stmt 0 view .LVU196
 1006 0000 08B5     		push	{r3, lr}
 1007              	.LCFI25:
 1008              		.cfi_def_cfa_offset 8
 1009              		.cfi_offset 3, -8
 1010              		.cfi_offset 14, -4
 508:Middlewares/Third_Party/LwIP/system/OS/sys_arch.c ****   ( void ) pval;
 1011              		.loc 1 508 3 is_stmt 1 view .LVU197
 509:Middlewares/Third_Party/LwIP/system/OS/sys_arch.c ****   osMutexRelease(lwip_sys_mutex);
 1012              		.loc 1 509 3 view .LVU198
 1013 0002 024B     		ldr	r3, .L77
 1014 0004 1868     		ldr	r0, [r3]
 1015              	.LVL88:
 1016              		.loc 1 509 3 is_stmt 0 view .LVU199
 1017 0006 FFF7FEFF 		bl	osMutexRelease
 1018              	.LVL89:
 510:Middlewares/Third_Party/LwIP/system/OS/sys_arch.c **** }
 1019              		.loc 1 510 1 view .LVU200
 1020 000a 08BD     		pop	{r3, pc}
 1021              	.L78:
 1022              		.align	2
 1023              	.L77:
 1024 000c 00000000 		.word	.LANCHOR0
 1025              		.cfi_endproc
 1026              	.LFE195:
 1028              		.global	lwip_sys_mutex
 1029              		.section	.bss.lwip_sys_mutex,"aw",%nobits
 1030              		.align	2
 1031              		.set	.LANCHOR0,. + 0
 1034              	lwip_sys_mutex:
 1035 0000 00000000 		.space	4
 1036              		.text
 1037              	.Letext0:
 1038              		.file 2 "/usr/include/newlib/machine/_default_types.h"
 1039              		.file 3 "/usr/include/newlib/sys/_stdint.h"
 1040              		.file 4 "Middlewares/Third_Party/LwIP/system/arch/cc.h"
 1041              		.file 5 "Middlewares/Third_Party/LwIP/src/include/lwip/arch.h"
 1042              		.file 6 "Middlewares/Third_Party/LwIP/src/include/lwip/err.h"
 1043              		.file 7 "Middlewares/Third_Party/FreeRTOS/Source/CMSIS_RTOS_V2/cmsis_os2.h"
 1044              		.file 8 "Middlewares/Third_Party/LwIP/system/arch/sys_arch.h"
 1045              		.file 9 "Middlewares/Third_Party/LwIP/src/include/lwip/sys.h"
 1046              		.file 10 "Middlewares/Third_Party/LwIP/src/include/lwip/memp.h"
 1047              		.file 11 "<built-in>"
ARM GAS  /tmp/cc6TXrlB.s 			page 28


DEFINED SYMBOLS
                            *ABS*:0000000000000000 sys_arch.c
     /tmp/cc6TXrlB.s:17     .text.sys_mbox_new:0000000000000000 $t
     /tmp/cc6TXrlB.s:25     .text.sys_mbox_new:0000000000000000 sys_mbox_new
     /tmp/cc6TXrlB.s:69     .text.sys_mbox_free:0000000000000000 $t
     /tmp/cc6TXrlB.s:76     .text.sys_mbox_free:0000000000000000 sys_mbox_free
     /tmp/cc6TXrlB.s:109    .text.sys_mbox_post:0000000000000000 $t
     /tmp/cc6TXrlB.s:116    .text.sys_mbox_post:0000000000000000 sys_mbox_post
     /tmp/cc6TXrlB.s:160    .text.sys_mbox_trypost:0000000000000000 $t
     /tmp/cc6TXrlB.s:167    .text.sys_mbox_trypost:0000000000000000 sys_mbox_trypost
     /tmp/cc6TXrlB.s:219    .text.sys_mbox_trypost_fromisr:0000000000000000 $t
     /tmp/cc6TXrlB.s:226    .text.sys_mbox_trypost_fromisr:0000000000000000 sys_mbox_trypost_fromisr
     /tmp/cc6TXrlB.s:249    .text.sys_arch_mbox_fetch:0000000000000000 $t
     /tmp/cc6TXrlB.s:256    .text.sys_arch_mbox_fetch:0000000000000000 sys_arch_mbox_fetch
     /tmp/cc6TXrlB.s:337    .text.sys_arch_mbox_tryfetch:0000000000000000 $t
     /tmp/cc6TXrlB.s:344    .text.sys_arch_mbox_tryfetch:0000000000000000 sys_arch_mbox_tryfetch
     /tmp/cc6TXrlB.s:379    .text.sys_mbox_valid:0000000000000000 $t
     /tmp/cc6TXrlB.s:386    .text.sys_mbox_valid:0000000000000000 sys_mbox_valid
     /tmp/cc6TXrlB.s:415    .text.sys_mbox_set_invalid:0000000000000000 $t
     /tmp/cc6TXrlB.s:422    .text.sys_mbox_set_invalid:0000000000000000 sys_mbox_set_invalid
     /tmp/cc6TXrlB.s:440    .text.sys_sem_new:0000000000000000 $t
     /tmp/cc6TXrlB.s:447    .text.sys_sem_new:0000000000000000 sys_sem_new
     /tmp/cc6TXrlB.s:502    .text.sys_arch_sem_wait:0000000000000000 $t
     /tmp/cc6TXrlB.s:509    .text.sys_arch_sem_wait:0000000000000000 sys_arch_sem_wait
     /tmp/cc6TXrlB.s:584    .text.sys_sem_signal:0000000000000000 $t
     /tmp/cc6TXrlB.s:591    .text.sys_sem_signal:0000000000000000 sys_sem_signal
     /tmp/cc6TXrlB.s:616    .text.sys_sem_free:0000000000000000 $t
     /tmp/cc6TXrlB.s:623    .text.sys_sem_free:0000000000000000 sys_sem_free
     /tmp/cc6TXrlB.s:648    .text.sys_sem_valid:0000000000000000 $t
     /tmp/cc6TXrlB.s:655    .text.sys_sem_valid:0000000000000000 sys_sem_valid
     /tmp/cc6TXrlB.s:684    .text.sys_sem_set_invalid:0000000000000000 $t
     /tmp/cc6TXrlB.s:691    .text.sys_sem_set_invalid:0000000000000000 sys_sem_set_invalid
     /tmp/cc6TXrlB.s:709    .text.sys_init:0000000000000000 $t
     /tmp/cc6TXrlB.s:716    .text.sys_init:0000000000000000 sys_init
     /tmp/cc6TXrlB.s:740    .text.sys_init:0000000000000010 $d
     /tmp/cc6TXrlB.s:745    .text.sys_mutex_new:0000000000000000 $t
     /tmp/cc6TXrlB.s:752    .text.sys_mutex_new:0000000000000000 sys_mutex_new
     /tmp/cc6TXrlB.s:792    .text.sys_mutex_free:0000000000000000 $t
     /tmp/cc6TXrlB.s:799    .text.sys_mutex_free:0000000000000000 sys_mutex_free
     /tmp/cc6TXrlB.s:824    .text.sys_mutex_lock:0000000000000000 $t
     /tmp/cc6TXrlB.s:831    .text.sys_mutex_lock:0000000000000000 sys_mutex_lock
     /tmp/cc6TXrlB.s:857    .text.sys_mutex_unlock:0000000000000000 $t
     /tmp/cc6TXrlB.s:864    .text.sys_mutex_unlock:0000000000000000 sys_mutex_unlock
     /tmp/cc6TXrlB.s:889    .text.sys_thread_new:0000000000000000 $t
     /tmp/cc6TXrlB.s:896    .text.sys_thread_new:0000000000000000 sys_thread_new
     /tmp/cc6TXrlB.s:955    .text.sys_arch_protect:0000000000000000 $t
     /tmp/cc6TXrlB.s:962    .text.sys_arch_protect:0000000000000000 sys_arch_protect
     /tmp/cc6TXrlB.s:986    .text.sys_arch_protect:0000000000000014 $d
     /tmp/cc6TXrlB.s:991    .text.sys_arch_unprotect:0000000000000000 $t
     /tmp/cc6TXrlB.s:998    .text.sys_arch_unprotect:0000000000000000 sys_arch_unprotect
     /tmp/cc6TXrlB.s:1024   .text.sys_arch_unprotect:000000000000000c $d
     /tmp/cc6TXrlB.s:1034   .bss.lwip_sys_mutex:0000000000000000 lwip_sys_mutex
     /tmp/cc6TXrlB.s:1030   .bss.lwip_sys_mutex:0000000000000000 $d

UNDEFINED SYMBOLS
osMessageQueueNew
osMessageQueueGetCount
ARM GAS  /tmp/cc6TXrlB.s 			page 29


osMessageQueueDelete
osMessageQueuePut
osKernelGetTickCount
osMessageQueueGet
osSemaphoreNew
osSemaphoreAcquire
osSemaphoreRelease
osSemaphoreDelete
osMutexNew
osMutexDelete
osMutexAcquire
osMutexRelease
memset
osThreadNew
