ARM GAS  /tmp/ccXlkkhU.s 			page 1


   1              		.cpu cortex-m7
   2              		.eabi_attribute 28, 1
   3              		.eabi_attribute 20, 1
   4              		.eabi_attribute 21, 1
   5              		.eabi_attribute 23, 3
   6              		.eabi_attribute 24, 1
   7              		.eabi_attribute 25, 1
   8              		.eabi_attribute 26, 1
   9              		.eabi_attribute 30, 1
  10              		.eabi_attribute 34, 1
  11              		.eabi_attribute 18, 4
  12              		.file	"syscalls.c"
  13              		.text
  14              	.Ltext0:
  15              		.cfi_sections	.debug_frame
  16              		.section	.text.initialise_monitor_handles,"ax",%progbits
  17              		.align	1
  18              		.global	initialise_monitor_handles
  19              		.arch armv7e-m
  20              		.syntax unified
  21              		.thumb
  22              		.thumb_func
  23              		.fpu fpv5-d16
  25              	initialise_monitor_handles:
  26              	.LFB169:
  27              		.file 1 "Core/Src/syscalls.c"
   1:Core/Src/syscalls.c **** /**
   2:Core/Src/syscalls.c ****  ******************************************************************************
   3:Core/Src/syscalls.c ****  * @file      syscalls.c
   4:Core/Src/syscalls.c ****  * @author    Auto-generated by STM32CubeIDE
   5:Core/Src/syscalls.c ****  * @brief     STM32CubeIDE Minimal System calls file
   6:Core/Src/syscalls.c ****  *
   7:Core/Src/syscalls.c ****  *            For more information about which c-functions
   8:Core/Src/syscalls.c ****  *            need which of these lowlevel functions
   9:Core/Src/syscalls.c ****  *            please consult the Newlib libc-manual
  10:Core/Src/syscalls.c ****  ******************************************************************************
  11:Core/Src/syscalls.c ****  * @attention
  12:Core/Src/syscalls.c ****  *
  13:Core/Src/syscalls.c ****  * Copyright (c) 2020-2025 STMicroelectronics.
  14:Core/Src/syscalls.c ****  * All rights reserved.
  15:Core/Src/syscalls.c ****  *
  16:Core/Src/syscalls.c ****  * This software is licensed under terms that can be found in the LICENSE file
  17:Core/Src/syscalls.c ****  * in the root directory of this software component.
  18:Core/Src/syscalls.c ****  * If no LICENSE file comes with this software, it is provided AS-IS.
  19:Core/Src/syscalls.c ****  *
  20:Core/Src/syscalls.c ****  ******************************************************************************
  21:Core/Src/syscalls.c ****  */
  22:Core/Src/syscalls.c **** 
  23:Core/Src/syscalls.c **** /* Includes */
  24:Core/Src/syscalls.c **** #include <sys/stat.h>
  25:Core/Src/syscalls.c **** #include <stdlib.h>
  26:Core/Src/syscalls.c **** #include <errno.h>
  27:Core/Src/syscalls.c **** #include <stdio.h>
  28:Core/Src/syscalls.c **** #include <signal.h>
  29:Core/Src/syscalls.c **** #include <time.h>
  30:Core/Src/syscalls.c **** #include <sys/time.h>
  31:Core/Src/syscalls.c **** #include <sys/times.h>
ARM GAS  /tmp/ccXlkkhU.s 			page 2


  32:Core/Src/syscalls.c **** 
  33:Core/Src/syscalls.c **** 
  34:Core/Src/syscalls.c **** /* Variables */
  35:Core/Src/syscalls.c **** extern int __io_putchar(int ch) __attribute__((weak));
  36:Core/Src/syscalls.c **** extern int __io_getchar(void) __attribute__((weak));
  37:Core/Src/syscalls.c **** 
  38:Core/Src/syscalls.c **** 
  39:Core/Src/syscalls.c **** char *__env[1] = { 0 };
  40:Core/Src/syscalls.c **** char **environ = __env;
  41:Core/Src/syscalls.c **** 
  42:Core/Src/syscalls.c **** 
  43:Core/Src/syscalls.c **** /* Functions */
  44:Core/Src/syscalls.c **** void initialise_monitor_handles()
  45:Core/Src/syscalls.c **** {
  28              		.loc 1 45 1 view -0
  29              		.cfi_startproc
  30              		@ args = 0, pretend = 0, frame = 0
  31              		@ frame_needed = 0, uses_anonymous_args = 0
  32              		@ link register save eliminated.
  46:Core/Src/syscalls.c **** }
  33              		.loc 1 46 1 view .LVU1
  34 0000 7047     		bx	lr
  35              		.cfi_endproc
  36              	.LFE169:
  38              		.section	.text._getpid,"ax",%progbits
  39              		.align	1
  40              		.global	_getpid
  41              		.syntax unified
  42              		.thumb
  43              		.thumb_func
  44              		.fpu fpv5-d16
  46              	_getpid:
  47              	.LFB170:
  47:Core/Src/syscalls.c **** 
  48:Core/Src/syscalls.c **** int _getpid(void)
  49:Core/Src/syscalls.c **** {
  48              		.loc 1 49 1 view -0
  49              		.cfi_startproc
  50              		@ args = 0, pretend = 0, frame = 0
  51              		@ frame_needed = 0, uses_anonymous_args = 0
  52              		@ link register save eliminated.
  50:Core/Src/syscalls.c ****   return 1;
  53              		.loc 1 50 3 view .LVU3
  51:Core/Src/syscalls.c **** }
  54              		.loc 1 51 1 is_stmt 0 view .LVU4
  55 0000 0120     		movs	r0, #1
  56 0002 7047     		bx	lr
  57              		.cfi_endproc
  58              	.LFE170:
  60              		.section	.text._kill,"ax",%progbits
  61              		.align	1
  62              		.global	_kill
  63              		.syntax unified
  64              		.thumb
  65              		.thumb_func
  66              		.fpu fpv5-d16
  68              	_kill:
ARM GAS  /tmp/ccXlkkhU.s 			page 3


  69              	.LVL0:
  70              	.LFB171:
  52:Core/Src/syscalls.c **** 
  53:Core/Src/syscalls.c **** int _kill(int pid, int sig)
  54:Core/Src/syscalls.c **** {
  71              		.loc 1 54 1 is_stmt 1 view -0
  72              		.cfi_startproc
  73              		@ args = 0, pretend = 0, frame = 0
  74              		@ frame_needed = 0, uses_anonymous_args = 0
  75              		@ link register save eliminated.
  55:Core/Src/syscalls.c ****   (void)pid;
  76              		.loc 1 55 3 view .LVU6
  56:Core/Src/syscalls.c ****   (void)sig;
  77              		.loc 1 56 3 view .LVU7
  57:Core/Src/syscalls.c ****   errno = EINVAL;
  78              		.loc 1 57 3 view .LVU8
  79              		.loc 1 57 9 is_stmt 0 view .LVU9
  80 0000 024B     		ldr	r3, .L4
  81 0002 1622     		movs	r2, #22
  82 0004 1A60     		str	r2, [r3]
  58:Core/Src/syscalls.c ****   return -1;
  83              		.loc 1 58 3 is_stmt 1 view .LVU10
  59:Core/Src/syscalls.c **** }
  84              		.loc 1 59 1 is_stmt 0 view .LVU11
  85 0006 4FF0FF30 		mov	r0, #-1
  86              	.LVL1:
  87              		.loc 1 59 1 view .LVU12
  88 000a 7047     		bx	lr
  89              	.L5:
  90              		.align	2
  91              	.L4:
  92 000c 00000000 		.word	errno
  93              		.cfi_endproc
  94              	.LFE171:
  96              		.section	.text._exit,"ax",%progbits
  97              		.align	1
  98              		.global	_exit
  99              		.syntax unified
 100              		.thumb
 101              		.thumb_func
 102              		.fpu fpv5-d16
 104              	_exit:
 105              	.LVL2:
 106              	.LFB172:
  60:Core/Src/syscalls.c **** 
  61:Core/Src/syscalls.c **** void _exit (int status)
  62:Core/Src/syscalls.c **** {
 107              		.loc 1 62 1 is_stmt 1 view -0
 108              		.cfi_startproc
 109              		@ Volatile: function does not return.
 110              		@ args = 0, pretend = 0, frame = 0
 111              		@ frame_needed = 0, uses_anonymous_args = 0
 112              		.loc 1 62 1 is_stmt 0 view .LVU14
 113 0000 08B5     		push	{r3, lr}
 114              	.LCFI0:
 115              		.cfi_def_cfa_offset 8
 116              		.cfi_offset 3, -8
ARM GAS  /tmp/ccXlkkhU.s 			page 4


 117              		.cfi_offset 14, -4
  63:Core/Src/syscalls.c ****   _kill(status, -1);
 118              		.loc 1 63 3 is_stmt 1 view .LVU15
 119 0002 4FF0FF31 		mov	r1, #-1
 120 0006 FFF7FEFF 		bl	_kill
 121              	.LVL3:
 122              	.L7:
  64:Core/Src/syscalls.c ****   while (1) {}    /* Make sure we hang here */
 123              		.loc 1 64 3 discriminator 1 view .LVU16
 124              		.loc 1 64 14 discriminator 1 view .LVU17
 125              		.loc 1 64 9 discriminator 1 view .LVU18
 126 000a FEE7     		b	.L7
 127              		.cfi_endproc
 128              	.LFE172:
 130              		.section	.text._read,"ax",%progbits
 131              		.align	1
 132              		.weak	_read
 133              		.syntax unified
 134              		.thumb
 135              		.thumb_func
 136              		.fpu fpv5-d16
 138              	_read:
 139              	.LVL4:
 140              	.LFB173:
  65:Core/Src/syscalls.c **** }
  66:Core/Src/syscalls.c **** 
  67:Core/Src/syscalls.c **** __attribute__((weak)) int _read(int file, char *ptr, int len)
  68:Core/Src/syscalls.c **** {
 141              		.loc 1 68 1 view -0
 142              		.cfi_startproc
 143              		@ args = 0, pretend = 0, frame = 0
 144              		@ frame_needed = 0, uses_anonymous_args = 0
 145              		.loc 1 68 1 is_stmt 0 view .LVU20
 146 0000 70B5     		push	{r4, r5, r6, lr}
 147              	.LCFI1:
 148              		.cfi_def_cfa_offset 16
 149              		.cfi_offset 4, -16
 150              		.cfi_offset 5, -12
 151              		.cfi_offset 6, -8
 152              		.cfi_offset 14, -4
 153 0002 0C46     		mov	r4, r1
 154 0004 1646     		mov	r6, r2
  69:Core/Src/syscalls.c ****   (void)file;
 155              		.loc 1 69 3 is_stmt 1 view .LVU21
  70:Core/Src/syscalls.c ****   int DataIdx;
 156              		.loc 1 70 3 view .LVU22
  71:Core/Src/syscalls.c **** 
  72:Core/Src/syscalls.c ****   for (DataIdx = 0; DataIdx < len; DataIdx++)
 157              		.loc 1 72 3 view .LVU23
 158              	.LVL5:
 159              		.loc 1 72 16 is_stmt 0 view .LVU24
 160 0006 0025     		movs	r5, #0
 161              		.loc 1 72 3 view .LVU25
 162 0008 06E0     		b	.L10
 163              	.LVL6:
 164              	.L11:
  73:Core/Src/syscalls.c ****   {
ARM GAS  /tmp/ccXlkkhU.s 			page 5


  74:Core/Src/syscalls.c ****     *ptr++ = __io_getchar();
 165              		.loc 1 74 5 is_stmt 1 discriminator 3 view .LVU26
 166              		.loc 1 74 14 is_stmt 0 discriminator 3 view .LVU27
 167 000a FFF7FEFF 		bl	__io_getchar
 168              	.LVL7:
 169              		.loc 1 74 9 discriminator 3 view .LVU28
 170 000e 2146     		mov	r1, r4
 171              	.LVL8:
 172              		.loc 1 74 12 discriminator 3 view .LVU29
 173 0010 01F8010B 		strb	r0, [r1], #1
 174              	.LVL9:
  72:Core/Src/syscalls.c ****   {
 175              		.loc 1 72 36 is_stmt 1 discriminator 3 view .LVU30
  72:Core/Src/syscalls.c ****   {
 176              		.loc 1 72 43 is_stmt 0 discriminator 3 view .LVU31
 177 0014 0135     		adds	r5, r5, #1
 178              	.LVL10:
 179              		.loc 1 74 9 discriminator 3 view .LVU32
 180 0016 0C46     		mov	r4, r1
 181              	.LVL11:
 182              	.L10:
  72:Core/Src/syscalls.c ****   {
 183              		.loc 1 72 21 is_stmt 1 discriminator 1 view .LVU33
  72:Core/Src/syscalls.c ****   {
 184              		.loc 1 72 3 is_stmt 0 discriminator 1 view .LVU34
 185 0018 B542     		cmp	r5, r6
 186 001a F6DB     		blt	.L11
  75:Core/Src/syscalls.c ****   }
  76:Core/Src/syscalls.c **** 
  77:Core/Src/syscalls.c ****   return len;
 187              		.loc 1 77 3 is_stmt 1 view .LVU35
  78:Core/Src/syscalls.c **** }
 188              		.loc 1 78 1 is_stmt 0 view .LVU36
 189 001c 3046     		mov	r0, r6
 190 001e 70BD     		pop	{r4, r5, r6, pc}
 191              		.loc 1 78 1 view .LVU37
 192              		.cfi_endproc
 193              	.LFE173:
 195              		.section	.text._write,"ax",%progbits
 196              		.align	1
 197              		.weak	_write
 198              		.syntax unified
 199              		.thumb
 200              		.thumb_func
 201              		.fpu fpv5-d16
 203              	_write:
 204              	.LVL12:
 205              	.LFB174:
  79:Core/Src/syscalls.c **** 
  80:Core/Src/syscalls.c **** __attribute__((weak)) int _write(int file, char *ptr, int len)
  81:Core/Src/syscalls.c **** {
 206              		.loc 1 81 1 is_stmt 1 view -0
 207              		.cfi_startproc
 208              		@ args = 0, pretend = 0, frame = 0
 209              		@ frame_needed = 0, uses_anonymous_args = 0
 210              		.loc 1 81 1 is_stmt 0 view .LVU39
 211 0000 70B5     		push	{r4, r5, r6, lr}
ARM GAS  /tmp/ccXlkkhU.s 			page 6


 212              	.LCFI2:
 213              		.cfi_def_cfa_offset 16
 214              		.cfi_offset 4, -16
 215              		.cfi_offset 5, -12
 216              		.cfi_offset 6, -8
 217              		.cfi_offset 14, -4
 218 0002 0C46     		mov	r4, r1
 219 0004 1646     		mov	r6, r2
  82:Core/Src/syscalls.c ****   (void)file;
 220              		.loc 1 82 3 is_stmt 1 view .LVU40
  83:Core/Src/syscalls.c ****   int DataIdx;
 221              		.loc 1 83 3 view .LVU41
  84:Core/Src/syscalls.c **** 
  85:Core/Src/syscalls.c ****   for (DataIdx = 0; DataIdx < len; DataIdx++)
 222              		.loc 1 85 3 view .LVU42
 223              	.LVL13:
 224              		.loc 1 85 16 is_stmt 0 view .LVU43
 225 0006 0025     		movs	r5, #0
 226              		.loc 1 85 3 view .LVU44
 227 0008 04E0     		b	.L14
 228              	.LVL14:
 229              	.L15:
  86:Core/Src/syscalls.c ****   {
  87:Core/Src/syscalls.c ****     __io_putchar(*ptr++);
 230              		.loc 1 87 5 is_stmt 1 discriminator 3 view .LVU45
 231              		.loc 1 87 5 is_stmt 0 discriminator 3 view .LVU46
 232 000a 14F8010B 		ldrb	r0, [r4], #1	@ zero_extendqisi2
 233              	.LVL15:
 234              		.loc 1 87 5 discriminator 3 view .LVU47
 235 000e FFF7FEFF 		bl	__io_putchar
 236              	.LVL16:
  85:Core/Src/syscalls.c ****   {
 237              		.loc 1 85 36 is_stmt 1 discriminator 3 view .LVU48
  85:Core/Src/syscalls.c ****   {
 238              		.loc 1 85 43 is_stmt 0 discriminator 3 view .LVU49
 239 0012 0135     		adds	r5, r5, #1
 240              	.LVL17:
 241              	.L14:
  85:Core/Src/syscalls.c ****   {
 242              		.loc 1 85 21 is_stmt 1 discriminator 1 view .LVU50
  85:Core/Src/syscalls.c ****   {
 243              		.loc 1 85 3 is_stmt 0 discriminator 1 view .LVU51
 244 0014 B542     		cmp	r5, r6
 245 0016 F8DB     		blt	.L15
  88:Core/Src/syscalls.c ****   }
  89:Core/Src/syscalls.c ****   return len;
 246              		.loc 1 89 3 is_stmt 1 view .LVU52
  90:Core/Src/syscalls.c **** }
 247              		.loc 1 90 1 is_stmt 0 view .LVU53
 248 0018 3046     		mov	r0, r6
 249 001a 70BD     		pop	{r4, r5, r6, pc}
 250              		.loc 1 90 1 view .LVU54
 251              		.cfi_endproc
 252              	.LFE174:
 254              		.section	.text._close,"ax",%progbits
 255              		.align	1
 256              		.global	_close
ARM GAS  /tmp/ccXlkkhU.s 			page 7


 257              		.syntax unified
 258              		.thumb
 259              		.thumb_func
 260              		.fpu fpv5-d16
 262              	_close:
 263              	.LVL18:
 264              	.LFB175:
  91:Core/Src/syscalls.c **** 
  92:Core/Src/syscalls.c **** int _close(int file)
  93:Core/Src/syscalls.c **** {
 265              		.loc 1 93 1 is_stmt 1 view -0
 266              		.cfi_startproc
 267              		@ args = 0, pretend = 0, frame = 0
 268              		@ frame_needed = 0, uses_anonymous_args = 0
 269              		@ link register save eliminated.
  94:Core/Src/syscalls.c ****   (void)file;
 270              		.loc 1 94 3 view .LVU56
  95:Core/Src/syscalls.c ****   return -1;
 271              		.loc 1 95 3 view .LVU57
  96:Core/Src/syscalls.c **** }
 272              		.loc 1 96 1 is_stmt 0 view .LVU58
 273 0000 4FF0FF30 		mov	r0, #-1
 274              	.LVL19:
 275              		.loc 1 96 1 view .LVU59
 276 0004 7047     		bx	lr
 277              		.cfi_endproc
 278              	.LFE175:
 280              		.section	.text._fstat,"ax",%progbits
 281              		.align	1
 282              		.global	_fstat
 283              		.syntax unified
 284              		.thumb
 285              		.thumb_func
 286              		.fpu fpv5-d16
 288              	_fstat:
 289              	.LVL20:
 290              	.LFB176:
  97:Core/Src/syscalls.c **** 
  98:Core/Src/syscalls.c **** 
  99:Core/Src/syscalls.c **** int _fstat(int file, struct stat *st)
 100:Core/Src/syscalls.c **** {
 291              		.loc 1 100 1 is_stmt 1 view -0
 292              		.cfi_startproc
 293              		@ args = 0, pretend = 0, frame = 0
 294              		@ frame_needed = 0, uses_anonymous_args = 0
 295              		@ link register save eliminated.
 101:Core/Src/syscalls.c ****   (void)file;
 296              		.loc 1 101 3 view .LVU61
 102:Core/Src/syscalls.c ****   st->st_mode = S_IFCHR;
 297              		.loc 1 102 3 view .LVU62
 298              		.loc 1 102 15 is_stmt 0 view .LVU63
 299 0000 4FF40053 		mov	r3, #8192
 300 0004 4B60     		str	r3, [r1, #4]
 103:Core/Src/syscalls.c ****   return 0;
 301              		.loc 1 103 3 is_stmt 1 view .LVU64
 104:Core/Src/syscalls.c **** }
 302              		.loc 1 104 1 is_stmt 0 view .LVU65
ARM GAS  /tmp/ccXlkkhU.s 			page 8


 303 0006 0020     		movs	r0, #0
 304              	.LVL21:
 305              		.loc 1 104 1 view .LVU66
 306 0008 7047     		bx	lr
 307              		.cfi_endproc
 308              	.LFE176:
 310              		.section	.text._isatty,"ax",%progbits
 311              		.align	1
 312              		.global	_isatty
 313              		.syntax unified
 314              		.thumb
 315              		.thumb_func
 316              		.fpu fpv5-d16
 318              	_isatty:
 319              	.LVL22:
 320              	.LFB177:
 105:Core/Src/syscalls.c **** 
 106:Core/Src/syscalls.c **** int _isatty(int file)
 107:Core/Src/syscalls.c **** {
 321              		.loc 1 107 1 is_stmt 1 view -0
 322              		.cfi_startproc
 323              		@ args = 0, pretend = 0, frame = 0
 324              		@ frame_needed = 0, uses_anonymous_args = 0
 325              		@ link register save eliminated.
 108:Core/Src/syscalls.c ****   (void)file;
 326              		.loc 1 108 3 view .LVU68
 109:Core/Src/syscalls.c ****   return 1;
 327              		.loc 1 109 3 view .LVU69
 110:Core/Src/syscalls.c **** }
 328              		.loc 1 110 1 is_stmt 0 view .LVU70
 329 0000 0120     		movs	r0, #1
 330              	.LVL23:
 331              		.loc 1 110 1 view .LVU71
 332 0002 7047     		bx	lr
 333              		.cfi_endproc
 334              	.LFE177:
 336              		.section	.text._lseek,"ax",%progbits
 337              		.align	1
 338              		.global	_lseek
 339              		.syntax unified
 340              		.thumb
 341              		.thumb_func
 342              		.fpu fpv5-d16
 344              	_lseek:
 345              	.LVL24:
 346              	.LFB178:
 111:Core/Src/syscalls.c **** 
 112:Core/Src/syscalls.c **** int _lseek(int file, int ptr, int dir)
 113:Core/Src/syscalls.c **** {
 347              		.loc 1 113 1 is_stmt 1 view -0
 348              		.cfi_startproc
 349              		@ args = 0, pretend = 0, frame = 0
 350              		@ frame_needed = 0, uses_anonymous_args = 0
 351              		@ link register save eliminated.
 114:Core/Src/syscalls.c ****   (void)file;
 352              		.loc 1 114 3 view .LVU73
 115:Core/Src/syscalls.c ****   (void)ptr;
ARM GAS  /tmp/ccXlkkhU.s 			page 9


 353              		.loc 1 115 3 view .LVU74
 116:Core/Src/syscalls.c ****   (void)dir;
 354              		.loc 1 116 3 view .LVU75
 117:Core/Src/syscalls.c ****   return 0;
 355              		.loc 1 117 3 view .LVU76
 118:Core/Src/syscalls.c **** }
 356              		.loc 1 118 1 is_stmt 0 view .LVU77
 357 0000 0020     		movs	r0, #0
 358              	.LVL25:
 359              		.loc 1 118 1 view .LVU78
 360 0002 7047     		bx	lr
 361              		.cfi_endproc
 362              	.LFE178:
 364              		.section	.text._open,"ax",%progbits
 365              		.align	1
 366              		.global	_open
 367              		.syntax unified
 368              		.thumb
 369              		.thumb_func
 370              		.fpu fpv5-d16
 372              	_open:
 373              	.LVL26:
 374              	.LFB179:
 119:Core/Src/syscalls.c **** 
 120:Core/Src/syscalls.c **** int _open(char *path, int flags, ...)
 121:Core/Src/syscalls.c **** {
 375              		.loc 1 121 1 is_stmt 1 view -0
 376              		.cfi_startproc
 377              		@ args = 4, pretend = 12, frame = 0
 378              		@ frame_needed = 0, uses_anonymous_args = 1
 379              		@ link register save eliminated.
 380              		.loc 1 121 1 is_stmt 0 view .LVU80
 381 0000 0EB4     		push	{r1, r2, r3}
 382              	.LCFI3:
 383              		.cfi_def_cfa_offset 12
 384              		.cfi_offset 1, -12
 385              		.cfi_offset 2, -8
 386              		.cfi_offset 3, -4
 122:Core/Src/syscalls.c ****   (void)path;
 387              		.loc 1 122 3 is_stmt 1 view .LVU81
 123:Core/Src/syscalls.c ****   (void)flags;
 388              		.loc 1 123 3 view .LVU82
 124:Core/Src/syscalls.c ****   /* Pretend like we always fail */
 125:Core/Src/syscalls.c ****   return -1;
 389              		.loc 1 125 3 view .LVU83
 126:Core/Src/syscalls.c **** }
 390              		.loc 1 126 1 is_stmt 0 view .LVU84
 391 0002 4FF0FF30 		mov	r0, #-1
 392              	.LVL27:
 393              		.loc 1 126 1 view .LVU85
 394 0006 03B0     		add	sp, sp, #12
 395              	.LCFI4:
 396              		.cfi_restore 3
 397              		.cfi_restore 2
 398              		.cfi_restore 1
 399              		.cfi_def_cfa_offset 0
 400 0008 7047     		bx	lr
ARM GAS  /tmp/ccXlkkhU.s 			page 10


 401              		.cfi_endproc
 402              	.LFE179:
 404              		.section	.text._wait,"ax",%progbits
 405              		.align	1
 406              		.global	_wait
 407              		.syntax unified
 408              		.thumb
 409              		.thumb_func
 410              		.fpu fpv5-d16
 412              	_wait:
 413              	.LVL28:
 414              	.LFB180:
 127:Core/Src/syscalls.c **** 
 128:Core/Src/syscalls.c **** int _wait(int *status)
 129:Core/Src/syscalls.c **** {
 415              		.loc 1 129 1 is_stmt 1 view -0
 416              		.cfi_startproc
 417              		@ args = 0, pretend = 0, frame = 0
 418              		@ frame_needed = 0, uses_anonymous_args = 0
 419              		@ link register save eliminated.
 130:Core/Src/syscalls.c ****   (void)status;
 420              		.loc 1 130 3 view .LVU87
 131:Core/Src/syscalls.c ****   errno = ECHILD;
 421              		.loc 1 131 3 view .LVU88
 422              		.loc 1 131 9 is_stmt 0 view .LVU89
 423 0000 024B     		ldr	r3, .L24
 424 0002 0A22     		movs	r2, #10
 425 0004 1A60     		str	r2, [r3]
 132:Core/Src/syscalls.c ****   return -1;
 426              		.loc 1 132 3 is_stmt 1 view .LVU90
 133:Core/Src/syscalls.c **** }
 427              		.loc 1 133 1 is_stmt 0 view .LVU91
 428 0006 4FF0FF30 		mov	r0, #-1
 429              	.LVL29:
 430              		.loc 1 133 1 view .LVU92
 431 000a 7047     		bx	lr
 432              	.L25:
 433              		.align	2
 434              	.L24:
 435 000c 00000000 		.word	errno
 436              		.cfi_endproc
 437              	.LFE180:
 439              		.section	.text._unlink,"ax",%progbits
 440              		.align	1
 441              		.global	_unlink
 442              		.syntax unified
 443              		.thumb
 444              		.thumb_func
 445              		.fpu fpv5-d16
 447              	_unlink:
 448              	.LVL30:
 449              	.LFB181:
 134:Core/Src/syscalls.c **** 
 135:Core/Src/syscalls.c **** int _unlink(char *name)
 136:Core/Src/syscalls.c **** {
 450              		.loc 1 136 1 is_stmt 1 view -0
 451              		.cfi_startproc
ARM GAS  /tmp/ccXlkkhU.s 			page 11


 452              		@ args = 0, pretend = 0, frame = 0
 453              		@ frame_needed = 0, uses_anonymous_args = 0
 454              		@ link register save eliminated.
 137:Core/Src/syscalls.c ****   (void)name;
 455              		.loc 1 137 3 view .LVU94
 138:Core/Src/syscalls.c ****   errno = ENOENT;
 456              		.loc 1 138 3 view .LVU95
 457              		.loc 1 138 9 is_stmt 0 view .LVU96
 458 0000 024B     		ldr	r3, .L27
 459 0002 0222     		movs	r2, #2
 460 0004 1A60     		str	r2, [r3]
 139:Core/Src/syscalls.c ****   return -1;
 461              		.loc 1 139 3 is_stmt 1 view .LVU97
 140:Core/Src/syscalls.c **** }
 462              		.loc 1 140 1 is_stmt 0 view .LVU98
 463 0006 4FF0FF30 		mov	r0, #-1
 464              	.LVL31:
 465              		.loc 1 140 1 view .LVU99
 466 000a 7047     		bx	lr
 467              	.L28:
 468              		.align	2
 469              	.L27:
 470 000c 00000000 		.word	errno
 471              		.cfi_endproc
 472              	.LFE181:
 474              		.section	.text._times,"ax",%progbits
 475              		.align	1
 476              		.global	_times
 477              		.syntax unified
 478              		.thumb
 479              		.thumb_func
 480              		.fpu fpv5-d16
 482              	_times:
 483              	.LVL32:
 484              	.LFB182:
 141:Core/Src/syscalls.c **** 
 142:Core/Src/syscalls.c **** int _times(struct tms *buf)
 143:Core/Src/syscalls.c **** {
 485              		.loc 1 143 1 is_stmt 1 view -0
 486              		.cfi_startproc
 487              		@ args = 0, pretend = 0, frame = 0
 488              		@ frame_needed = 0, uses_anonymous_args = 0
 489              		@ link register save eliminated.
 144:Core/Src/syscalls.c ****   (void)buf;
 490              		.loc 1 144 3 view .LVU101
 145:Core/Src/syscalls.c ****   return -1;
 491              		.loc 1 145 3 view .LVU102
 146:Core/Src/syscalls.c **** }
 492              		.loc 1 146 1 is_stmt 0 view .LVU103
 493 0000 4FF0FF30 		mov	r0, #-1
 494              	.LVL33:
 495              		.loc 1 146 1 view .LVU104
 496 0004 7047     		bx	lr
 497              		.cfi_endproc
 498              	.LFE182:
 500              		.section	.text._stat,"ax",%progbits
 501              		.align	1
ARM GAS  /tmp/ccXlkkhU.s 			page 12


 502              		.global	_stat
 503              		.syntax unified
 504              		.thumb
 505              		.thumb_func
 506              		.fpu fpv5-d16
 508              	_stat:
 509              	.LVL34:
 510              	.LFB183:
 147:Core/Src/syscalls.c **** 
 148:Core/Src/syscalls.c **** int _stat(char *file, struct stat *st)
 149:Core/Src/syscalls.c **** {
 511              		.loc 1 149 1 is_stmt 1 view -0
 512              		.cfi_startproc
 513              		@ args = 0, pretend = 0, frame = 0
 514              		@ frame_needed = 0, uses_anonymous_args = 0
 515              		@ link register save eliminated.
 150:Core/Src/syscalls.c ****   (void)file;
 516              		.loc 1 150 3 view .LVU106
 151:Core/Src/syscalls.c ****   st->st_mode = S_IFCHR;
 517              		.loc 1 151 3 view .LVU107
 518              		.loc 1 151 15 is_stmt 0 view .LVU108
 519 0000 4FF40053 		mov	r3, #8192
 520 0004 4B60     		str	r3, [r1, #4]
 152:Core/Src/syscalls.c ****   return 0;
 521              		.loc 1 152 3 is_stmt 1 view .LVU109
 153:Core/Src/syscalls.c **** }
 522              		.loc 1 153 1 is_stmt 0 view .LVU110
 523 0006 0020     		movs	r0, #0
 524              	.LVL35:
 525              		.loc 1 153 1 view .LVU111
 526 0008 7047     		bx	lr
 527              		.cfi_endproc
 528              	.LFE183:
 530              		.section	.text._link,"ax",%progbits
 531              		.align	1
 532              		.global	_link
 533              		.syntax unified
 534              		.thumb
 535              		.thumb_func
 536              		.fpu fpv5-d16
 538              	_link:
 539              	.LVL36:
 540              	.LFB184:
 154:Core/Src/syscalls.c **** 
 155:Core/Src/syscalls.c **** int _link(char *old, char *new)
 156:Core/Src/syscalls.c **** {
 541              		.loc 1 156 1 is_stmt 1 view -0
 542              		.cfi_startproc
 543              		@ args = 0, pretend = 0, frame = 0
 544              		@ frame_needed = 0, uses_anonymous_args = 0
 545              		@ link register save eliminated.
 157:Core/Src/syscalls.c ****   (void)old;
 546              		.loc 1 157 3 view .LVU113
 158:Core/Src/syscalls.c ****   (void)new;
 547              		.loc 1 158 3 view .LVU114
 159:Core/Src/syscalls.c ****   errno = EMLINK;
 548              		.loc 1 159 3 view .LVU115
ARM GAS  /tmp/ccXlkkhU.s 			page 13


 549              		.loc 1 159 9 is_stmt 0 view .LVU116
 550 0000 024B     		ldr	r3, .L32
 551 0002 1F22     		movs	r2, #31
 552 0004 1A60     		str	r2, [r3]
 160:Core/Src/syscalls.c ****   return -1;
 553              		.loc 1 160 3 is_stmt 1 view .LVU117
 161:Core/Src/syscalls.c **** }
 554              		.loc 1 161 1 is_stmt 0 view .LVU118
 555 0006 4FF0FF30 		mov	r0, #-1
 556              	.LVL37:
 557              		.loc 1 161 1 view .LVU119
 558 000a 7047     		bx	lr
 559              	.L33:
 560              		.align	2
 561              	.L32:
 562 000c 00000000 		.word	errno
 563              		.cfi_endproc
 564              	.LFE184:
 566              		.section	.text._fork,"ax",%progbits
 567              		.align	1
 568              		.global	_fork
 569              		.syntax unified
 570              		.thumb
 571              		.thumb_func
 572              		.fpu fpv5-d16
 574              	_fork:
 575              	.LFB185:
 162:Core/Src/syscalls.c **** 
 163:Core/Src/syscalls.c **** int _fork(void)
 164:Core/Src/syscalls.c **** {
 576              		.loc 1 164 1 is_stmt 1 view -0
 577              		.cfi_startproc
 578              		@ args = 0, pretend = 0, frame = 0
 579              		@ frame_needed = 0, uses_anonymous_args = 0
 580              		@ link register save eliminated.
 165:Core/Src/syscalls.c ****   errno = EAGAIN;
 581              		.loc 1 165 3 view .LVU121
 582              		.loc 1 165 9 is_stmt 0 view .LVU122
 583 0000 024B     		ldr	r3, .L35
 584 0002 0B22     		movs	r2, #11
 585 0004 1A60     		str	r2, [r3]
 166:Core/Src/syscalls.c ****   return -1;
 586              		.loc 1 166 3 is_stmt 1 view .LVU123
 167:Core/Src/syscalls.c **** }
 587              		.loc 1 167 1 is_stmt 0 view .LVU124
 588 0006 4FF0FF30 		mov	r0, #-1
 589 000a 7047     		bx	lr
 590              	.L36:
 591              		.align	2
 592              	.L35:
 593 000c 00000000 		.word	errno
 594              		.cfi_endproc
 595              	.LFE185:
 597              		.section	.text._execve,"ax",%progbits
 598              		.align	1
 599              		.global	_execve
 600              		.syntax unified
ARM GAS  /tmp/ccXlkkhU.s 			page 14


 601              		.thumb
 602              		.thumb_func
 603              		.fpu fpv5-d16
 605              	_execve:
 606              	.LVL38:
 607              	.LFB186:
 168:Core/Src/syscalls.c **** 
 169:Core/Src/syscalls.c **** int _execve(char *name, char **argv, char **env)
 170:Core/Src/syscalls.c **** {
 608              		.loc 1 170 1 is_stmt 1 view -0
 609              		.cfi_startproc
 610              		@ args = 0, pretend = 0, frame = 0
 611              		@ frame_needed = 0, uses_anonymous_args = 0
 612              		@ link register save eliminated.
 171:Core/Src/syscalls.c ****   (void)name;
 613              		.loc 1 171 3 view .LVU126
 172:Core/Src/syscalls.c ****   (void)argv;
 614              		.loc 1 172 3 view .LVU127
 173:Core/Src/syscalls.c ****   (void)env;
 615              		.loc 1 173 3 view .LVU128
 174:Core/Src/syscalls.c ****   errno = ENOMEM;
 616              		.loc 1 174 3 view .LVU129
 617              		.loc 1 174 9 is_stmt 0 view .LVU130
 618 0000 024B     		ldr	r3, .L38
 619 0002 0C22     		movs	r2, #12
 620              	.LVL39:
 621              		.loc 1 174 9 view .LVU131
 622 0004 1A60     		str	r2, [r3]
 175:Core/Src/syscalls.c ****   return -1;
 623              		.loc 1 175 3 is_stmt 1 view .LVU132
 176:Core/Src/syscalls.c **** }
 624              		.loc 1 176 1 is_stmt 0 view .LVU133
 625 0006 4FF0FF30 		mov	r0, #-1
 626              	.LVL40:
 627              		.loc 1 176 1 view .LVU134
 628 000a 7047     		bx	lr
 629              	.L39:
 630              		.align	2
 631              	.L38:
 632 000c 00000000 		.word	errno
 633              		.cfi_endproc
 634              	.LFE186:
 636              		.global	environ
 637              		.global	__env
 638              		.section	.bss.__env,"aw",%nobits
 639              		.align	2
 642              	__env:
 643 0000 00000000 		.space	4
 644              		.section	.data.environ,"aw"
 645              		.align	2
 648              	environ:
 649 0000 00000000 		.word	__env
 650              		.weak	__io_putchar
 651              		.weak	__io_getchar
 652              		.text
 653              	.Letext0:
 654              		.file 2 "/usr/include/newlib/machine/_default_types.h"
ARM GAS  /tmp/ccXlkkhU.s 			page 15


 655              		.file 3 "/usr/include/newlib/sys/_types.h"
 656              		.file 4 "/usr/include/newlib/sys/_timeval.h"
 657              		.file 5 "/usr/include/newlib/sys/_timespec.h"
 658              		.file 6 "/usr/include/newlib/sys/types.h"
 659              		.file 7 "/usr/include/newlib/sys/stat.h"
 660              		.file 8 "/usr/include/newlib/sys/times.h"
 661              		.file 9 "Middlewares/Third_Party/LwIP/src/include/lwip/errno.h"
ARM GAS  /tmp/ccXlkkhU.s 			page 16


DEFINED SYMBOLS
                            *ABS*:0000000000000000 syscalls.c
     /tmp/ccXlkkhU.s:17     .text.initialise_monitor_handles:0000000000000000 $t
     /tmp/ccXlkkhU.s:25     .text.initialise_monitor_handles:0000000000000000 initialise_monitor_handles
     /tmp/ccXlkkhU.s:39     .text._getpid:0000000000000000 $t
     /tmp/ccXlkkhU.s:46     .text._getpid:0000000000000000 _getpid
     /tmp/ccXlkkhU.s:61     .text._kill:0000000000000000 $t
     /tmp/ccXlkkhU.s:68     .text._kill:0000000000000000 _kill
     /tmp/ccXlkkhU.s:92     .text._kill:000000000000000c $d
     /tmp/ccXlkkhU.s:97     .text._exit:0000000000000000 $t
     /tmp/ccXlkkhU.s:104    .text._exit:0000000000000000 _exit
     /tmp/ccXlkkhU.s:131    .text._read:0000000000000000 $t
     /tmp/ccXlkkhU.s:138    .text._read:0000000000000000 _read
     /tmp/ccXlkkhU.s:196    .text._write:0000000000000000 $t
     /tmp/ccXlkkhU.s:203    .text._write:0000000000000000 _write
     /tmp/ccXlkkhU.s:255    .text._close:0000000000000000 $t
     /tmp/ccXlkkhU.s:262    .text._close:0000000000000000 _close
     /tmp/ccXlkkhU.s:281    .text._fstat:0000000000000000 $t
     /tmp/ccXlkkhU.s:288    .text._fstat:0000000000000000 _fstat
     /tmp/ccXlkkhU.s:311    .text._isatty:0000000000000000 $t
     /tmp/ccXlkkhU.s:318    .text._isatty:0000000000000000 _isatty
     /tmp/ccXlkkhU.s:337    .text._lseek:0000000000000000 $t
     /tmp/ccXlkkhU.s:344    .text._lseek:0000000000000000 _lseek
     /tmp/ccXlkkhU.s:365    .text._open:0000000000000000 $t
     /tmp/ccXlkkhU.s:372    .text._open:0000000000000000 _open
     /tmp/ccXlkkhU.s:405    .text._wait:0000000000000000 $t
     /tmp/ccXlkkhU.s:412    .text._wait:0000000000000000 _wait
     /tmp/ccXlkkhU.s:435    .text._wait:000000000000000c $d
     /tmp/ccXlkkhU.s:440    .text._unlink:0000000000000000 $t
     /tmp/ccXlkkhU.s:447    .text._unlink:0000000000000000 _unlink
     /tmp/ccXlkkhU.s:470    .text._unlink:000000000000000c $d
     /tmp/ccXlkkhU.s:475    .text._times:0000000000000000 $t
     /tmp/ccXlkkhU.s:482    .text._times:0000000000000000 _times
     /tmp/ccXlkkhU.s:501    .text._stat:0000000000000000 $t
     /tmp/ccXlkkhU.s:508    .text._stat:0000000000000000 _stat
     /tmp/ccXlkkhU.s:531    .text._link:0000000000000000 $t
     /tmp/ccXlkkhU.s:538    .text._link:0000000000000000 _link
     /tmp/ccXlkkhU.s:562    .text._link:000000000000000c $d
     /tmp/ccXlkkhU.s:567    .text._fork:0000000000000000 $t
     /tmp/ccXlkkhU.s:574    .text._fork:0000000000000000 _fork
     /tmp/ccXlkkhU.s:593    .text._fork:000000000000000c $d
     /tmp/ccXlkkhU.s:598    .text._execve:0000000000000000 $t
     /tmp/ccXlkkhU.s:605    .text._execve:0000000000000000 _execve
     /tmp/ccXlkkhU.s:632    .text._execve:000000000000000c $d
     /tmp/ccXlkkhU.s:648    .data.environ:0000000000000000 environ
     /tmp/ccXlkkhU.s:642    .bss.__env:0000000000000000 __env
     /tmp/ccXlkkhU.s:639    .bss.__env:0000000000000000 $d
     /tmp/ccXlkkhU.s:645    .data.environ:0000000000000000 $d

UNDEFINED SYMBOLS
errno
__io_getchar
__io_putchar
