ARM GAS  /tmp/ccfAsmjv.s 			page 1


   1              		.cpu cortex-m7
   2              		.eabi_attribute 28, 1
   3              		.eabi_attribute 20, 1
   4              		.eabi_attribute 21, 1
   5              		.eabi_attribute 23, 3
   6              		.eabi_attribute 24, 1
   7              		.eabi_attribute 25, 1
   8              		.eabi_attribute 26, 1
   9              		.eabi_attribute 30, 1
  10              		.eabi_attribute 34, 1
  11              		.eabi_attribute 18, 4
  12              		.file	"sysmem.c"
  13              		.text
  14              	.Ltext0:
  15              		.cfi_sections	.debug_frame
  16              		.section	.text._sbrk,"ax",%progbits
  17              		.align	1
  18              		.global	_sbrk
  19              		.arch armv7e-m
  20              		.syntax unified
  21              		.thumb
  22              		.thumb_func
  23              		.fpu fpv5-d16
  25              	_sbrk:
  26              	.LVL0:
  27              	.LFB169:
  28              		.file 1 "Core/Src/sysmem.c"
   1:Core/Src/sysmem.c **** /**
   2:Core/Src/sysmem.c ****  ******************************************************************************
   3:Core/Src/sysmem.c ****  * @file      sysmem.c
   4:Core/Src/sysmem.c ****  * @author    Generated by STM32CubeIDE
   5:Core/Src/sysmem.c ****  * @brief     STM32CubeIDE System Memory calls file
   6:Core/Src/sysmem.c ****  *
   7:Core/Src/sysmem.c ****  *            For more information about which C functions
   8:Core/Src/sysmem.c ****  *            need which of these lowlevel functions
   9:Core/Src/sysmem.c ****  *            please consult the newlib libc manual
  10:Core/Src/sysmem.c ****  ******************************************************************************
  11:Core/Src/sysmem.c ****  * @attention
  12:Core/Src/sysmem.c ****  *
  13:Core/Src/sysmem.c ****  * Copyright (c) 2025 STMicroelectronics.
  14:Core/Src/sysmem.c ****  * All rights reserved.
  15:Core/Src/sysmem.c ****  *
  16:Core/Src/sysmem.c ****  * This software is licensed under terms that can be found in the LICENSE file
  17:Core/Src/sysmem.c ****  * in the root directory of this software component.
  18:Core/Src/sysmem.c ****  * If no LICENSE file comes with this software, it is provided AS-IS.
  19:Core/Src/sysmem.c ****  *
  20:Core/Src/sysmem.c ****  ******************************************************************************
  21:Core/Src/sysmem.c ****  */
  22:Core/Src/sysmem.c **** 
  23:Core/Src/sysmem.c **** /* Includes */
  24:Core/Src/sysmem.c **** #include <errno.h>
  25:Core/Src/sysmem.c **** #include <stdint.h>
  26:Core/Src/sysmem.c **** 
  27:Core/Src/sysmem.c **** /**
  28:Core/Src/sysmem.c ****  * Pointer to the current high watermark of the heap usage
  29:Core/Src/sysmem.c ****  */
  30:Core/Src/sysmem.c **** static uint8_t *__sbrk_heap_end = NULL;
ARM GAS  /tmp/ccfAsmjv.s 			page 2


  31:Core/Src/sysmem.c **** 
  32:Core/Src/sysmem.c **** /**
  33:Core/Src/sysmem.c ****  * @brief _sbrk() allocates memory to the newlib heap and is used by malloc
  34:Core/Src/sysmem.c ****  *        and others from the C library
  35:Core/Src/sysmem.c ****  *
  36:Core/Src/sysmem.c ****  * @verbatim
  37:Core/Src/sysmem.c ****  * ############################################################################
  38:Core/Src/sysmem.c ****  * #  .data  #  .bss  #       newlib heap       #          MSP stack          #
  39:Core/Src/sysmem.c ****  * #         #        #                         # Reserved by _Min_Stack_Size #
  40:Core/Src/sysmem.c ****  * ############################################################################
  41:Core/Src/sysmem.c ****  * ^-- RAM start      ^-- _end                             _estack, RAM end --^
  42:Core/Src/sysmem.c ****  * @endverbatim
  43:Core/Src/sysmem.c ****  *
  44:Core/Src/sysmem.c ****  * This implementation starts allocating at the '_end' linker symbol
  45:Core/Src/sysmem.c ****  * The '_Min_Stack_Size' linker symbol reserves a memory for the MSP stack
  46:Core/Src/sysmem.c ****  * The implementation considers '_estack' linker symbol to be RAM end
  47:Core/Src/sysmem.c ****  * NOTE: If the MSP stack, at any point during execution, grows larger than the
  48:Core/Src/sysmem.c ****  * reserved size, please increase the '_Min_Stack_Size'.
  49:Core/Src/sysmem.c ****  *
  50:Core/Src/sysmem.c ****  * @param incr Memory size
  51:Core/Src/sysmem.c ****  * @return Pointer to allocated memory
  52:Core/Src/sysmem.c ****  */
  53:Core/Src/sysmem.c **** void *_sbrk(ptrdiff_t incr)
  54:Core/Src/sysmem.c **** {
  29              		.loc 1 54 1 view -0
  30              		.cfi_startproc
  31              		@ args = 0, pretend = 0, frame = 0
  32              		@ frame_needed = 0, uses_anonymous_args = 0
  33              		@ link register save eliminated.
  34              		.loc 1 54 1 is_stmt 0 view .LVU1
  35 0000 10B4     		push	{r4}
  36              	.LCFI0:
  37              		.cfi_def_cfa_offset 4
  38              		.cfi_offset 4, -4
  39 0002 0346     		mov	r3, r0
  55:Core/Src/sysmem.c ****   extern uint8_t _end; /* Symbol defined in the linker script */
  40              		.loc 1 55 3 is_stmt 1 view .LVU2
  56:Core/Src/sysmem.c ****   extern uint8_t _estack; /* Symbol defined in the linker script */
  41              		.loc 1 56 3 view .LVU3
  57:Core/Src/sysmem.c ****   extern uint32_t _Min_Stack_Size; /* Symbol defined in the linker script */
  42              		.loc 1 57 3 view .LVU4
  58:Core/Src/sysmem.c ****   const uint32_t stack_limit = (uint32_t)&_estack - (uint32_t)&_Min_Stack_Size;
  43              		.loc 1 58 3 view .LVU5
  44              		.loc 1 58 18 is_stmt 0 view .LVU6
  45 0004 0C4A     		ldr	r2, .L8
  46 0006 0D49     		ldr	r1, .L8+4
  59:Core/Src/sysmem.c ****   const uint8_t *max_heap = (uint8_t *)stack_limit;
  47              		.loc 1 59 3 is_stmt 1 view .LVU7
  48              	.LVL1:
  60:Core/Src/sysmem.c ****   uint8_t *prev_heap_end;
  49              		.loc 1 60 3 view .LVU8
  61:Core/Src/sysmem.c **** 
  62:Core/Src/sysmem.c ****   /* Initialize heap end at first call */
  63:Core/Src/sysmem.c ****   if (NULL == __sbrk_heap_end)
  50              		.loc 1 63 3 view .LVU9
  51              		.loc 1 63 12 is_stmt 0 view .LVU10
  52 0008 0D48     		ldr	r0, .L8+8
ARM GAS  /tmp/ccfAsmjv.s 			page 3


  53              	.LVL2:
  54              		.loc 1 63 12 view .LVU11
  55 000a 0068     		ldr	r0, [r0]
  56              		.loc 1 63 6 view .LVU12
  57 000c 50B1     		cbz	r0, .L6
  58              	.L2:
  64:Core/Src/sysmem.c ****   {
  65:Core/Src/sysmem.c ****     __sbrk_heap_end = &_end;
  66:Core/Src/sysmem.c ****   }
  67:Core/Src/sysmem.c **** 
  68:Core/Src/sysmem.c ****   /* Protect heap from growing into the reserved MSP stack */
  69:Core/Src/sysmem.c ****   if (__sbrk_heap_end + incr > max_heap)
  59              		.loc 1 69 3 is_stmt 1 view .LVU13
  60              		.loc 1 69 23 is_stmt 0 view .LVU14
  61 000e 0C48     		ldr	r0, .L8+8
  62 0010 0068     		ldr	r0, [r0]
  63 0012 0344     		add	r3, r3, r0
  64              	.LVL3:
  65              		.loc 1 69 6 view .LVU15
  66 0014 521A     		subs	r2, r2, r1
  67 0016 9342     		cmp	r3, r2
  68 0018 08D8     		bhi	.L7
  70:Core/Src/sysmem.c ****   {
  71:Core/Src/sysmem.c ****     errno = ENOMEM;
  72:Core/Src/sysmem.c ****     return (void *)-1;
  73:Core/Src/sysmem.c ****   }
  74:Core/Src/sysmem.c **** 
  75:Core/Src/sysmem.c ****   prev_heap_end = __sbrk_heap_end;
  69              		.loc 1 75 3 is_stmt 1 view .LVU16
  70              	.LVL4:
  76:Core/Src/sysmem.c ****   __sbrk_heap_end += incr;
  71              		.loc 1 76 3 view .LVU17
  72              		.loc 1 76 19 is_stmt 0 view .LVU18
  73 001a 094A     		ldr	r2, .L8+8
  74 001c 1360     		str	r3, [r2]
  77:Core/Src/sysmem.c **** 
  78:Core/Src/sysmem.c ****   return (void *)prev_heap_end;
  75              		.loc 1 78 3 is_stmt 1 view .LVU19
  76              	.LVL5:
  77              	.L1:
  79:Core/Src/sysmem.c **** }
  78              		.loc 1 79 1 is_stmt 0 view .LVU20
  79 001e 5DF8044B 		ldr	r4, [sp], #4
  80              	.LCFI1:
  81              		.cfi_remember_state
  82              		.cfi_restore 4
  83              		.cfi_def_cfa_offset 0
  84 0022 7047     		bx	lr
  85              	.LVL6:
  86              	.L6:
  87              	.LCFI2:
  88              		.cfi_restore_state
  65:Core/Src/sysmem.c ****   }
  89              		.loc 1 65 5 is_stmt 1 view .LVU21
  65:Core/Src/sysmem.c ****   }
  90              		.loc 1 65 21 is_stmt 0 view .LVU22
  91 0024 0648     		ldr	r0, .L8+8
ARM GAS  /tmp/ccfAsmjv.s 			page 4


  92 0026 074C     		ldr	r4, .L8+12
  93 0028 0460     		str	r4, [r0]
  94 002a F0E7     		b	.L2
  95              	.LVL7:
  96              	.L7:
  71:Core/Src/sysmem.c ****     return (void *)-1;
  97              		.loc 1 71 5 is_stmt 1 view .LVU23
  71:Core/Src/sysmem.c ****     return (void *)-1;
  98              		.loc 1 71 11 is_stmt 0 view .LVU24
  99 002c 064B     		ldr	r3, .L8+16
 100 002e 0C22     		movs	r2, #12
 101 0030 1A60     		str	r2, [r3]
  72:Core/Src/sysmem.c ****   }
 102              		.loc 1 72 5 is_stmt 1 view .LVU25
  72:Core/Src/sysmem.c ****   }
 103              		.loc 1 72 12 is_stmt 0 view .LVU26
 104 0032 4FF0FF30 		mov	r0, #-1
 105 0036 F2E7     		b	.L1
 106              	.L9:
 107              		.align	2
 108              	.L8:
 109 0038 00000000 		.word	_estack
 110 003c 00000000 		.word	_Min_Stack_Size
 111 0040 00000000 		.word	.LANCHOR0
 112 0044 00000000 		.word	_end
 113 0048 00000000 		.word	errno
 114              		.cfi_endproc
 115              	.LFE169:
 117              		.section	.bss.__sbrk_heap_end,"aw",%nobits
 118              		.align	2
 119              		.set	.LANCHOR0,. + 0
 122              	__sbrk_heap_end:
 123 0000 00000000 		.space	4
 124              		.text
 125              	.Letext0:
 126              		.file 2 "/usr/lib/gcc/arm-none-eabi/10.3.1/include/stdint.h"
 127              		.file 3 "/usr/lib/gcc/arm-none-eabi/10.3.1/include/stddef.h"
 128              		.file 4 "Middlewares/Third_Party/LwIP/src/include/lwip/errno.h"
ARM GAS  /tmp/ccfAsmjv.s 			page 5


DEFINED SYMBOLS
                            *ABS*:0000000000000000 sysmem.c
     /tmp/ccfAsmjv.s:17     .text._sbrk:0000000000000000 $t
     /tmp/ccfAsmjv.s:25     .text._sbrk:0000000000000000 _sbrk
     /tmp/ccfAsmjv.s:109    .text._sbrk:0000000000000038 $d
     /tmp/ccfAsmjv.s:118    .bss.__sbrk_heap_end:0000000000000000 $d
     /tmp/ccfAsmjv.s:122    .bss.__sbrk_heap_end:0000000000000000 __sbrk_heap_end

UNDEFINED SYMBOLS
_estack
_Min_Stack_Size
_end
errno
