ARM GAS  /tmp/ccKoyD6z.s 			page 1


   1              		.cpu cortex-m7
   2              		.eabi_attribute 28, 1
   3              		.eabi_attribute 20, 1
   4              		.eabi_attribute 21, 1
   5              		.eabi_attribute 23, 3
   6              		.eabi_attribute 24, 1
   7              		.eabi_attribute 25, 1
   8              		.eabi_attribute 26, 1
   9              		.eabi_attribute 30, 1
  10              		.eabi_attribute 34, 1
  11              		.eabi_attribute 18, 4
  12              		.file	"timeouts.c"
  13              		.text
  14              	.Ltext0:
  15              		.cfi_sections	.debug_frame
  16              		.section	.rodata.sys_timeout_abs.str1.4,"aMS",%progbits,1
  17              		.align	2
  18              	.LC0:
  19 0000 4D696464 		.ascii	"Middlewares/Third_Party/LwIP/src/core/timeouts.c\000"
  19      6C657761 
  19      7265732F 
  19      54686972 
  19      645F5061 
  20 0031 000000   		.align	2
  21              	.LC1:
  22 0034 7379735F 		.ascii	"sys_timeout: timeout != NULL, pool MEMP_SYS_TIMEOUT"
  22      74696D65 
  22      6F75743A 
  22      2074696D 
  22      656F7574 
  23 0067 20697320 		.ascii	" is empty\000"
  23      656D7074 
  23      7900
  24 0071 000000   		.align	2
  25              	.LC2:
  26 0074 41737365 		.ascii	"Assertion \"%s\" failed at line %d in %s\012\000"
  26      7274696F 
  26      6E202225 
  26      73222066 
  26      61696C65 
  27              		.section	.text.sys_timeout_abs,"ax",%progbits
  28              		.align	1
  29              		.arch armv7e-m
  30              		.syntax unified
  31              		.thumb
  32              		.thumb_func
  33              		.fpu fpv5-d16
  35              	sys_timeout_abs:
  36              	.LVL0:
  37              	.LFB175:
  38              		.file 1 "Middlewares/Third_Party/LwIP/src/core/timeouts.c"
   1:Middlewares/Third_Party/LwIP/src/core/timeouts.c **** /**
   2:Middlewares/Third_Party/LwIP/src/core/timeouts.c ****  * @file
   3:Middlewares/Third_Party/LwIP/src/core/timeouts.c ****  * Stack-internal timers implementation.
   4:Middlewares/Third_Party/LwIP/src/core/timeouts.c ****  * This file includes timer callbacks for stack-internal timers as well as
   5:Middlewares/Third_Party/LwIP/src/core/timeouts.c ****  * functions to set up or stop timers and check for expired timers.
   6:Middlewares/Third_Party/LwIP/src/core/timeouts.c ****  *
ARM GAS  /tmp/ccKoyD6z.s 			page 2


   7:Middlewares/Third_Party/LwIP/src/core/timeouts.c ****  */
   8:Middlewares/Third_Party/LwIP/src/core/timeouts.c **** 
   9:Middlewares/Third_Party/LwIP/src/core/timeouts.c **** /*
  10:Middlewares/Third_Party/LwIP/src/core/timeouts.c ****  * Copyright (c) 2001-2004 Swedish Institute of Computer Science.
  11:Middlewares/Third_Party/LwIP/src/core/timeouts.c ****  * All rights reserved.
  12:Middlewares/Third_Party/LwIP/src/core/timeouts.c ****  *
  13:Middlewares/Third_Party/LwIP/src/core/timeouts.c ****  * Redistribution and use in source and binary forms, with or without modification,
  14:Middlewares/Third_Party/LwIP/src/core/timeouts.c ****  * are permitted provided that the following conditions are met:
  15:Middlewares/Third_Party/LwIP/src/core/timeouts.c ****  *
  16:Middlewares/Third_Party/LwIP/src/core/timeouts.c ****  * 1. Redistributions of source code must retain the above copyright notice,
  17:Middlewares/Third_Party/LwIP/src/core/timeouts.c ****  *    this list of conditions and the following disclaimer.
  18:Middlewares/Third_Party/LwIP/src/core/timeouts.c ****  * 2. Redistributions in binary form must reproduce the above copyright notice,
  19:Middlewares/Third_Party/LwIP/src/core/timeouts.c ****  *    this list of conditions and the following disclaimer in the documentation
  20:Middlewares/Third_Party/LwIP/src/core/timeouts.c ****  *    and/or other materials provided with the distribution.
  21:Middlewares/Third_Party/LwIP/src/core/timeouts.c ****  * 3. The name of the author may not be used to endorse or promote products
  22:Middlewares/Third_Party/LwIP/src/core/timeouts.c ****  *    derived from this software without specific prior written permission.
  23:Middlewares/Third_Party/LwIP/src/core/timeouts.c ****  *
  24:Middlewares/Third_Party/LwIP/src/core/timeouts.c ****  * THIS SOFTWARE IS PROVIDED BY THE AUTHOR ``AS IS'' AND ANY EXPRESS OR IMPLIED
  25:Middlewares/Third_Party/LwIP/src/core/timeouts.c ****  * WARRANTIES, INCLUDING, BUT NOT LIMITED TO, THE IMPLIED WARRANTIES OF
  26:Middlewares/Third_Party/LwIP/src/core/timeouts.c ****  * MERCHANTABILITY AND FITNESS FOR A PARTICULAR PURPOSE ARE DISCLAIMED. IN NO EVENT
  27:Middlewares/Third_Party/LwIP/src/core/timeouts.c ****  * SHALL THE AUTHOR BE LIABLE FOR ANY DIRECT, INDIRECT, INCIDENTAL, SPECIAL,
  28:Middlewares/Third_Party/LwIP/src/core/timeouts.c ****  * EXEMPLARY, OR CONSEQUENTIAL DAMAGES (INCLUDING, BUT NOT LIMITED TO, PROCUREMENT
  29:Middlewares/Third_Party/LwIP/src/core/timeouts.c ****  * OF SUBSTITUTE GOODS OR SERVICES; LOSS OF USE, DATA, OR PROFITS; OR BUSINESS
  30:Middlewares/Third_Party/LwIP/src/core/timeouts.c ****  * INTERRUPTION) HOWEVER CAUSED AND ON ANY THEORY OF LIABILITY, WHETHER IN
  31:Middlewares/Third_Party/LwIP/src/core/timeouts.c ****  * CONTRACT, STRICT LIABILITY, OR TORT (INCLUDING NEGLIGENCE OR OTHERWISE) ARISING
  32:Middlewares/Third_Party/LwIP/src/core/timeouts.c ****  * IN ANY WAY OUT OF THE USE OF THIS SOFTWARE, EVEN IF ADVISED OF THE POSSIBILITY
  33:Middlewares/Third_Party/LwIP/src/core/timeouts.c ****  * OF SUCH DAMAGE.
  34:Middlewares/Third_Party/LwIP/src/core/timeouts.c ****  *
  35:Middlewares/Third_Party/LwIP/src/core/timeouts.c ****  * This file is part of the lwIP TCP/IP stack.
  36:Middlewares/Third_Party/LwIP/src/core/timeouts.c ****  *
  37:Middlewares/Third_Party/LwIP/src/core/timeouts.c ****  * Author: Adam Dunkels <adam@sics.se>
  38:Middlewares/Third_Party/LwIP/src/core/timeouts.c ****  *         Simon Goldschmidt
  39:Middlewares/Third_Party/LwIP/src/core/timeouts.c ****  *
  40:Middlewares/Third_Party/LwIP/src/core/timeouts.c ****  */
  41:Middlewares/Third_Party/LwIP/src/core/timeouts.c **** 
  42:Middlewares/Third_Party/LwIP/src/core/timeouts.c **** #include "lwip/opt.h"
  43:Middlewares/Third_Party/LwIP/src/core/timeouts.c **** 
  44:Middlewares/Third_Party/LwIP/src/core/timeouts.c **** #include "lwip/timeouts.h"
  45:Middlewares/Third_Party/LwIP/src/core/timeouts.c **** #include "lwip/priv/tcp_priv.h"
  46:Middlewares/Third_Party/LwIP/src/core/timeouts.c **** 
  47:Middlewares/Third_Party/LwIP/src/core/timeouts.c **** #include "lwip/def.h"
  48:Middlewares/Third_Party/LwIP/src/core/timeouts.c **** #include "lwip/memp.h"
  49:Middlewares/Third_Party/LwIP/src/core/timeouts.c **** #include "lwip/priv/tcpip_priv.h"
  50:Middlewares/Third_Party/LwIP/src/core/timeouts.c **** 
  51:Middlewares/Third_Party/LwIP/src/core/timeouts.c **** #include "lwip/ip4_frag.h"
  52:Middlewares/Third_Party/LwIP/src/core/timeouts.c **** #include "lwip/etharp.h"
  53:Middlewares/Third_Party/LwIP/src/core/timeouts.c **** #include "lwip/dhcp.h"
  54:Middlewares/Third_Party/LwIP/src/core/timeouts.c **** #include "lwip/autoip.h"
  55:Middlewares/Third_Party/LwIP/src/core/timeouts.c **** #include "lwip/igmp.h"
  56:Middlewares/Third_Party/LwIP/src/core/timeouts.c **** #include "lwip/dns.h"
  57:Middlewares/Third_Party/LwIP/src/core/timeouts.c **** #include "lwip/nd6.h"
  58:Middlewares/Third_Party/LwIP/src/core/timeouts.c **** #include "lwip/ip6_frag.h"
  59:Middlewares/Third_Party/LwIP/src/core/timeouts.c **** #include "lwip/mld6.h"
  60:Middlewares/Third_Party/LwIP/src/core/timeouts.c **** #include "lwip/dhcp6.h"
  61:Middlewares/Third_Party/LwIP/src/core/timeouts.c **** #include "lwip/sys.h"
  62:Middlewares/Third_Party/LwIP/src/core/timeouts.c **** #include "lwip/pbuf.h"
  63:Middlewares/Third_Party/LwIP/src/core/timeouts.c **** 
ARM GAS  /tmp/ccKoyD6z.s 			page 3


  64:Middlewares/Third_Party/LwIP/src/core/timeouts.c **** #if LWIP_DEBUG_TIMERNAMES
  65:Middlewares/Third_Party/LwIP/src/core/timeouts.c **** #define HANDLER(x) x, #x
  66:Middlewares/Third_Party/LwIP/src/core/timeouts.c **** #else /* LWIP_DEBUG_TIMERNAMES */
  67:Middlewares/Third_Party/LwIP/src/core/timeouts.c **** #define HANDLER(x) x
  68:Middlewares/Third_Party/LwIP/src/core/timeouts.c **** #endif /* LWIP_DEBUG_TIMERNAMES */
  69:Middlewares/Third_Party/LwIP/src/core/timeouts.c **** 
  70:Middlewares/Third_Party/LwIP/src/core/timeouts.c **** #define LWIP_MAX_TIMEOUT  0x7fffffff
  71:Middlewares/Third_Party/LwIP/src/core/timeouts.c **** 
  72:Middlewares/Third_Party/LwIP/src/core/timeouts.c **** /* Check if timer's expiry time is greater than time and care about u32_t wraparounds */
  73:Middlewares/Third_Party/LwIP/src/core/timeouts.c **** #define TIME_LESS_THAN(t, compare_to) ( (((u32_t)((t)-(compare_to))) > LWIP_MAX_TIMEOUT) ? 1 : 0 )
  74:Middlewares/Third_Party/LwIP/src/core/timeouts.c **** 
  75:Middlewares/Third_Party/LwIP/src/core/timeouts.c **** /** This array contains all stack-internal cyclic timers. To get the number of
  76:Middlewares/Third_Party/LwIP/src/core/timeouts.c ****  * timers, use LWIP_ARRAYSIZE() */
  77:Middlewares/Third_Party/LwIP/src/core/timeouts.c **** const struct lwip_cyclic_timer lwip_cyclic_timers[] = {
  78:Middlewares/Third_Party/LwIP/src/core/timeouts.c **** #if LWIP_TCP
  79:Middlewares/Third_Party/LwIP/src/core/timeouts.c ****   /* The TCP timer is a special case: it does not have to run always and
  80:Middlewares/Third_Party/LwIP/src/core/timeouts.c ****      is triggered to start from TCP using tcp_timer_needed() */
  81:Middlewares/Third_Party/LwIP/src/core/timeouts.c ****   {TCP_TMR_INTERVAL, HANDLER(tcp_tmr)},
  82:Middlewares/Third_Party/LwIP/src/core/timeouts.c **** #endif /* LWIP_TCP */
  83:Middlewares/Third_Party/LwIP/src/core/timeouts.c **** #if LWIP_IPV4
  84:Middlewares/Third_Party/LwIP/src/core/timeouts.c **** #if IP_REASSEMBLY
  85:Middlewares/Third_Party/LwIP/src/core/timeouts.c ****   {IP_TMR_INTERVAL, HANDLER(ip_reass_tmr)},
  86:Middlewares/Third_Party/LwIP/src/core/timeouts.c **** #endif /* IP_REASSEMBLY */
  87:Middlewares/Third_Party/LwIP/src/core/timeouts.c **** #if LWIP_ARP
  88:Middlewares/Third_Party/LwIP/src/core/timeouts.c ****   {ARP_TMR_INTERVAL, HANDLER(etharp_tmr)},
  89:Middlewares/Third_Party/LwIP/src/core/timeouts.c **** #endif /* LWIP_ARP */
  90:Middlewares/Third_Party/LwIP/src/core/timeouts.c **** #if LWIP_DHCP
  91:Middlewares/Third_Party/LwIP/src/core/timeouts.c ****   {DHCP_COARSE_TIMER_MSECS, HANDLER(dhcp_coarse_tmr)},
  92:Middlewares/Third_Party/LwIP/src/core/timeouts.c ****   {DHCP_FINE_TIMER_MSECS, HANDLER(dhcp_fine_tmr)},
  93:Middlewares/Third_Party/LwIP/src/core/timeouts.c **** #endif /* LWIP_DHCP */
  94:Middlewares/Third_Party/LwIP/src/core/timeouts.c **** #if LWIP_AUTOIP
  95:Middlewares/Third_Party/LwIP/src/core/timeouts.c ****   {AUTOIP_TMR_INTERVAL, HANDLER(autoip_tmr)},
  96:Middlewares/Third_Party/LwIP/src/core/timeouts.c **** #endif /* LWIP_AUTOIP */
  97:Middlewares/Third_Party/LwIP/src/core/timeouts.c **** #if LWIP_IGMP
  98:Middlewares/Third_Party/LwIP/src/core/timeouts.c ****   {IGMP_TMR_INTERVAL, HANDLER(igmp_tmr)},
  99:Middlewares/Third_Party/LwIP/src/core/timeouts.c **** #endif /* LWIP_IGMP */
 100:Middlewares/Third_Party/LwIP/src/core/timeouts.c **** #endif /* LWIP_IPV4 */
 101:Middlewares/Third_Party/LwIP/src/core/timeouts.c **** #if LWIP_DNS
 102:Middlewares/Third_Party/LwIP/src/core/timeouts.c ****   {DNS_TMR_INTERVAL, HANDLER(dns_tmr)},
 103:Middlewares/Third_Party/LwIP/src/core/timeouts.c **** #endif /* LWIP_DNS */
 104:Middlewares/Third_Party/LwIP/src/core/timeouts.c **** #if LWIP_IPV6
 105:Middlewares/Third_Party/LwIP/src/core/timeouts.c ****   {ND6_TMR_INTERVAL, HANDLER(nd6_tmr)},
 106:Middlewares/Third_Party/LwIP/src/core/timeouts.c **** #if LWIP_IPV6_REASS
 107:Middlewares/Third_Party/LwIP/src/core/timeouts.c ****   {IP6_REASS_TMR_INTERVAL, HANDLER(ip6_reass_tmr)},
 108:Middlewares/Third_Party/LwIP/src/core/timeouts.c **** #endif /* LWIP_IPV6_REASS */
 109:Middlewares/Third_Party/LwIP/src/core/timeouts.c **** #if LWIP_IPV6_MLD
 110:Middlewares/Third_Party/LwIP/src/core/timeouts.c ****   {MLD6_TMR_INTERVAL, HANDLER(mld6_tmr)},
 111:Middlewares/Third_Party/LwIP/src/core/timeouts.c **** #endif /* LWIP_IPV6_MLD */
 112:Middlewares/Third_Party/LwIP/src/core/timeouts.c **** #if LWIP_IPV6_DHCP6
 113:Middlewares/Third_Party/LwIP/src/core/timeouts.c ****   {DHCP6_TIMER_MSECS, HANDLER(dhcp6_tmr)},
 114:Middlewares/Third_Party/LwIP/src/core/timeouts.c **** #endif /* LWIP_IPV6_DHCP6 */
 115:Middlewares/Third_Party/LwIP/src/core/timeouts.c **** #endif /* LWIP_IPV6 */
 116:Middlewares/Third_Party/LwIP/src/core/timeouts.c **** };
 117:Middlewares/Third_Party/LwIP/src/core/timeouts.c **** const int lwip_num_cyclic_timers = LWIP_ARRAYSIZE(lwip_cyclic_timers);
 118:Middlewares/Third_Party/LwIP/src/core/timeouts.c **** 
 119:Middlewares/Third_Party/LwIP/src/core/timeouts.c **** #if LWIP_TIMERS && !LWIP_TIMERS_CUSTOM
 120:Middlewares/Third_Party/LwIP/src/core/timeouts.c **** 
ARM GAS  /tmp/ccKoyD6z.s 			page 4


 121:Middlewares/Third_Party/LwIP/src/core/timeouts.c **** /** The one and only timeout list */
 122:Middlewares/Third_Party/LwIP/src/core/timeouts.c **** static struct sys_timeo *next_timeout;
 123:Middlewares/Third_Party/LwIP/src/core/timeouts.c **** 
 124:Middlewares/Third_Party/LwIP/src/core/timeouts.c **** static u32_t current_timeout_due_time;
 125:Middlewares/Third_Party/LwIP/src/core/timeouts.c **** 
 126:Middlewares/Third_Party/LwIP/src/core/timeouts.c **** #if LWIP_TESTMODE
 127:Middlewares/Third_Party/LwIP/src/core/timeouts.c **** struct sys_timeo**
 128:Middlewares/Third_Party/LwIP/src/core/timeouts.c **** sys_timeouts_get_next_timeout(void)
 129:Middlewares/Third_Party/LwIP/src/core/timeouts.c **** {
 130:Middlewares/Third_Party/LwIP/src/core/timeouts.c ****   return &next_timeout;
 131:Middlewares/Third_Party/LwIP/src/core/timeouts.c **** }
 132:Middlewares/Third_Party/LwIP/src/core/timeouts.c **** #endif
 133:Middlewares/Third_Party/LwIP/src/core/timeouts.c **** 
 134:Middlewares/Third_Party/LwIP/src/core/timeouts.c **** #if LWIP_TCP
 135:Middlewares/Third_Party/LwIP/src/core/timeouts.c **** /** global variable that shows if the tcp timer is currently scheduled or not */
 136:Middlewares/Third_Party/LwIP/src/core/timeouts.c **** static int tcpip_tcp_timer_active;
 137:Middlewares/Third_Party/LwIP/src/core/timeouts.c **** 
 138:Middlewares/Third_Party/LwIP/src/core/timeouts.c **** /**
 139:Middlewares/Third_Party/LwIP/src/core/timeouts.c ****  * Timer callback function that calls tcp_tmr() and reschedules itself.
 140:Middlewares/Third_Party/LwIP/src/core/timeouts.c ****  *
 141:Middlewares/Third_Party/LwIP/src/core/timeouts.c ****  * @param arg unused argument
 142:Middlewares/Third_Party/LwIP/src/core/timeouts.c ****  */
 143:Middlewares/Third_Party/LwIP/src/core/timeouts.c **** static void
 144:Middlewares/Third_Party/LwIP/src/core/timeouts.c **** tcpip_tcp_timer(void *arg)
 145:Middlewares/Third_Party/LwIP/src/core/timeouts.c **** {
 146:Middlewares/Third_Party/LwIP/src/core/timeouts.c ****   LWIP_UNUSED_ARG(arg);
 147:Middlewares/Third_Party/LwIP/src/core/timeouts.c **** 
 148:Middlewares/Third_Party/LwIP/src/core/timeouts.c ****   /* call TCP timer handler */
 149:Middlewares/Third_Party/LwIP/src/core/timeouts.c ****   tcp_tmr();
 150:Middlewares/Third_Party/LwIP/src/core/timeouts.c ****   /* timer still needed? */
 151:Middlewares/Third_Party/LwIP/src/core/timeouts.c ****   if (tcp_active_pcbs || tcp_tw_pcbs) {
 152:Middlewares/Third_Party/LwIP/src/core/timeouts.c ****     /* restart timer */
 153:Middlewares/Third_Party/LwIP/src/core/timeouts.c ****     sys_timeout(TCP_TMR_INTERVAL, tcpip_tcp_timer, NULL);
 154:Middlewares/Third_Party/LwIP/src/core/timeouts.c ****   } else {
 155:Middlewares/Third_Party/LwIP/src/core/timeouts.c ****     /* disable timer */
 156:Middlewares/Third_Party/LwIP/src/core/timeouts.c ****     tcpip_tcp_timer_active = 0;
 157:Middlewares/Third_Party/LwIP/src/core/timeouts.c ****   }
 158:Middlewares/Third_Party/LwIP/src/core/timeouts.c **** }
 159:Middlewares/Third_Party/LwIP/src/core/timeouts.c **** 
 160:Middlewares/Third_Party/LwIP/src/core/timeouts.c **** /**
 161:Middlewares/Third_Party/LwIP/src/core/timeouts.c ****  * Called from TCP_REG when registering a new PCB:
 162:Middlewares/Third_Party/LwIP/src/core/timeouts.c ****  * the reason is to have the TCP timer only running when
 163:Middlewares/Third_Party/LwIP/src/core/timeouts.c ****  * there are active (or time-wait) PCBs.
 164:Middlewares/Third_Party/LwIP/src/core/timeouts.c ****  */
 165:Middlewares/Third_Party/LwIP/src/core/timeouts.c **** void
 166:Middlewares/Third_Party/LwIP/src/core/timeouts.c **** tcp_timer_needed(void)
 167:Middlewares/Third_Party/LwIP/src/core/timeouts.c **** {
 168:Middlewares/Third_Party/LwIP/src/core/timeouts.c ****   LWIP_ASSERT_CORE_LOCKED();
 169:Middlewares/Third_Party/LwIP/src/core/timeouts.c **** 
 170:Middlewares/Third_Party/LwIP/src/core/timeouts.c ****   /* timer is off but needed again? */
 171:Middlewares/Third_Party/LwIP/src/core/timeouts.c ****   if (!tcpip_tcp_timer_active && (tcp_active_pcbs || tcp_tw_pcbs)) {
 172:Middlewares/Third_Party/LwIP/src/core/timeouts.c ****     /* enable and start timer */
 173:Middlewares/Third_Party/LwIP/src/core/timeouts.c ****     tcpip_tcp_timer_active = 1;
 174:Middlewares/Third_Party/LwIP/src/core/timeouts.c ****     sys_timeout(TCP_TMR_INTERVAL, tcpip_tcp_timer, NULL);
 175:Middlewares/Third_Party/LwIP/src/core/timeouts.c ****   }
 176:Middlewares/Third_Party/LwIP/src/core/timeouts.c **** }
 177:Middlewares/Third_Party/LwIP/src/core/timeouts.c **** #endif /* LWIP_TCP */
ARM GAS  /tmp/ccKoyD6z.s 			page 5


 178:Middlewares/Third_Party/LwIP/src/core/timeouts.c **** 
 179:Middlewares/Third_Party/LwIP/src/core/timeouts.c **** static void
 180:Middlewares/Third_Party/LwIP/src/core/timeouts.c **** #if LWIP_DEBUG_TIMERNAMES
 181:Middlewares/Third_Party/LwIP/src/core/timeouts.c **** sys_timeout_abs(u32_t abs_time, sys_timeout_handler handler, void *arg, const char *handler_name)
 182:Middlewares/Third_Party/LwIP/src/core/timeouts.c **** #else /* LWIP_DEBUG_TIMERNAMES */
 183:Middlewares/Third_Party/LwIP/src/core/timeouts.c **** sys_timeout_abs(u32_t abs_time, sys_timeout_handler handler, void *arg)
 184:Middlewares/Third_Party/LwIP/src/core/timeouts.c **** #endif
 185:Middlewares/Third_Party/LwIP/src/core/timeouts.c **** {
  39              		.loc 1 185 1 view -0
  40              		.cfi_startproc
  41              		@ args = 0, pretend = 0, frame = 0
  42              		@ frame_needed = 0, uses_anonymous_args = 0
  43              		.loc 1 185 1 is_stmt 0 view .LVU1
  44 0000 F8B5     		push	{r3, r4, r5, r6, r7, lr}
  45              	.LCFI0:
  46              		.cfi_def_cfa_offset 24
  47              		.cfi_offset 3, -24
  48              		.cfi_offset 4, -20
  49              		.cfi_offset 5, -16
  50              		.cfi_offset 6, -12
  51              		.cfi_offset 7, -8
  52              		.cfi_offset 14, -4
  53 0002 0446     		mov	r4, r0
  54 0004 0F46     		mov	r7, r1
  55 0006 1646     		mov	r6, r2
 186:Middlewares/Third_Party/LwIP/src/core/timeouts.c ****   struct sys_timeo *timeout, *t;
  56              		.loc 1 186 3 is_stmt 1 view .LVU2
 187:Middlewares/Third_Party/LwIP/src/core/timeouts.c **** 
 188:Middlewares/Third_Party/LwIP/src/core/timeouts.c ****   timeout = (struct sys_timeo *)memp_malloc(MEMP_SYS_TIMEOUT);
  57              		.loc 1 188 3 view .LVU3
  58              		.loc 1 188 33 is_stmt 0 view .LVU4
  59 0008 0A20     		movs	r0, #10
  60              	.LVL1:
  61              		.loc 1 188 33 view .LVU5
  62 000a FFF7FEFF 		bl	memp_malloc
  63              	.LVL2:
 189:Middlewares/Third_Party/LwIP/src/core/timeouts.c ****   if (timeout == NULL) {
  64              		.loc 1 189 3 is_stmt 1 view .LVU6
  65              		.loc 1 189 6 is_stmt 0 view .LVU7
  66 000e 80B1     		cbz	r0, .L10
  67 0010 0546     		mov	r5, r0
 190:Middlewares/Third_Party/LwIP/src/core/timeouts.c ****     LWIP_ASSERT("sys_timeout: timeout != NULL, pool MEMP_SYS_TIMEOUT is empty", timeout != NULL);
 191:Middlewares/Third_Party/LwIP/src/core/timeouts.c ****     return;
 192:Middlewares/Third_Party/LwIP/src/core/timeouts.c ****   }
 193:Middlewares/Third_Party/LwIP/src/core/timeouts.c **** 
 194:Middlewares/Third_Party/LwIP/src/core/timeouts.c ****   timeout->next = NULL;
  68              		.loc 1 194 3 is_stmt 1 view .LVU8
  69              		.loc 1 194 17 is_stmt 0 view .LVU9
  70 0012 0023     		movs	r3, #0
  71 0014 0360     		str	r3, [r0]
 195:Middlewares/Third_Party/LwIP/src/core/timeouts.c ****   timeout->h = handler;
  72              		.loc 1 195 3 is_stmt 1 view .LVU10
  73              		.loc 1 195 14 is_stmt 0 view .LVU11
  74 0016 8760     		str	r7, [r0, #8]
 196:Middlewares/Third_Party/LwIP/src/core/timeouts.c ****   timeout->arg = arg;
  75              		.loc 1 196 3 is_stmt 1 view .LVU12
  76              		.loc 1 196 16 is_stmt 0 view .LVU13
ARM GAS  /tmp/ccKoyD6z.s 			page 6


  77 0018 C660     		str	r6, [r0, #12]
 197:Middlewares/Third_Party/LwIP/src/core/timeouts.c ****   timeout->time = abs_time;
  78              		.loc 1 197 3 is_stmt 1 view .LVU14
  79              		.loc 1 197 17 is_stmt 0 view .LVU15
  80 001a 4460     		str	r4, [r0, #4]
 198:Middlewares/Third_Party/LwIP/src/core/timeouts.c **** 
 199:Middlewares/Third_Party/LwIP/src/core/timeouts.c **** #if LWIP_DEBUG_TIMERNAMES
 200:Middlewares/Third_Party/LwIP/src/core/timeouts.c ****   timeout->handler_name = handler_name;
 201:Middlewares/Third_Party/LwIP/src/core/timeouts.c ****   LWIP_DEBUGF(TIMERS_DEBUG, ("sys_timeout: %p abs_time=%"U32_F" handler=%s arg=%p\n",
 202:Middlewares/Third_Party/LwIP/src/core/timeouts.c ****                              (void *)timeout, abs_time, handler_name, (void *)arg));
 203:Middlewares/Third_Party/LwIP/src/core/timeouts.c **** #endif /* LWIP_DEBUG_TIMERNAMES */
 204:Middlewares/Third_Party/LwIP/src/core/timeouts.c **** 
 205:Middlewares/Third_Party/LwIP/src/core/timeouts.c ****   if (next_timeout == NULL) {
  81              		.loc 1 205 3 is_stmt 1 view .LVU16
  82              		.loc 1 205 20 is_stmt 0 view .LVU17
  83 001c 104B     		ldr	r3, .L12
  84 001e 1A68     		ldr	r2, [r3]
  85              		.loc 1 205 6 view .LVU18
  86 0020 72B1     		cbz	r2, .L11
 206:Middlewares/Third_Party/LwIP/src/core/timeouts.c ****     next_timeout = timeout;
 207:Middlewares/Third_Party/LwIP/src/core/timeouts.c ****     return;
 208:Middlewares/Third_Party/LwIP/src/core/timeouts.c ****   }
 209:Middlewares/Third_Party/LwIP/src/core/timeouts.c ****   if (TIME_LESS_THAN(timeout->time, next_timeout->time)) {
  87              		.loc 1 209 3 is_stmt 1 view .LVU19
  88              		.loc 1 209 7 is_stmt 0 view .LVU20
  89 0022 5368     		ldr	r3, [r2, #4]
  90 0024 E31A     		subs	r3, r4, r3
  91              		.loc 1 209 6 view .LVU21
  92 0026 002B     		cmp	r3, #0
  93 0028 0FDA     		bge	.L5
 210:Middlewares/Third_Party/LwIP/src/core/timeouts.c ****     timeout->next = next_timeout;
  94              		.loc 1 210 5 is_stmt 1 view .LVU22
  95              		.loc 1 210 19 is_stmt 0 view .LVU23
  96 002a 0260     		str	r2, [r0]
 211:Middlewares/Third_Party/LwIP/src/core/timeouts.c ****     next_timeout = timeout;
  97              		.loc 1 211 5 is_stmt 1 view .LVU24
  98              		.loc 1 211 18 is_stmt 0 view .LVU25
  99 002c 0C4B     		ldr	r3, .L12
 100 002e 1860     		str	r0, [r3]
 101              	.LVL3:
 102              	.L1:
 212:Middlewares/Third_Party/LwIP/src/core/timeouts.c ****   } else {
 213:Middlewares/Third_Party/LwIP/src/core/timeouts.c ****     for (t = next_timeout; t != NULL; t = t->next) {
 214:Middlewares/Third_Party/LwIP/src/core/timeouts.c ****       if ((t->next == NULL) || TIME_LESS_THAN(timeout->time, t->next->time)) {
 215:Middlewares/Third_Party/LwIP/src/core/timeouts.c ****         timeout->next = t->next;
 216:Middlewares/Third_Party/LwIP/src/core/timeouts.c ****         t->next = timeout;
 217:Middlewares/Third_Party/LwIP/src/core/timeouts.c ****         break;
 218:Middlewares/Third_Party/LwIP/src/core/timeouts.c ****       }
 219:Middlewares/Third_Party/LwIP/src/core/timeouts.c ****     }
 220:Middlewares/Third_Party/LwIP/src/core/timeouts.c ****   }
 221:Middlewares/Third_Party/LwIP/src/core/timeouts.c **** }
 103              		.loc 1 221 1 view .LVU26
 104 0030 F8BD     		pop	{r3, r4, r5, r6, r7, pc}
 105              	.LVL4:
 106              	.L10:
 190:Middlewares/Third_Party/LwIP/src/core/timeouts.c ****     return;
 107              		.loc 1 190 5 is_stmt 1 discriminator 1 view .LVU27
ARM GAS  /tmp/ccKoyD6z.s 			page 7


 190:Middlewares/Third_Party/LwIP/src/core/timeouts.c ****     return;
 108              		.loc 1 190 5 discriminator 1 view .LVU28
 190:Middlewares/Third_Party/LwIP/src/core/timeouts.c ****     return;
 109              		.loc 1 190 5 discriminator 1 view .LVU29
 190:Middlewares/Third_Party/LwIP/src/core/timeouts.c ****     return;
 110              		.loc 1 190 5 discriminator 1 view .LVU30
 111 0032 0C4B     		ldr	r3, .L12+4
 112 0034 BE22     		movs	r2, #190
 113 0036 0C49     		ldr	r1, .L12+8
 114 0038 0C48     		ldr	r0, .L12+12
 115              	.LVL5:
 190:Middlewares/Third_Party/LwIP/src/core/timeouts.c ****     return;
 116              		.loc 1 190 5 is_stmt 0 discriminator 1 view .LVU31
 117 003a FFF7FEFF 		bl	printf
 118              	.LVL6:
 190:Middlewares/Third_Party/LwIP/src/core/timeouts.c ****     return;
 119              		.loc 1 190 5 is_stmt 1 discriminator 1 view .LVU32
 190:Middlewares/Third_Party/LwIP/src/core/timeouts.c ****     return;
 120              		.loc 1 190 5 discriminator 1 view .LVU33
 191:Middlewares/Third_Party/LwIP/src/core/timeouts.c ****   }
 121              		.loc 1 191 5 discriminator 1 view .LVU34
 122 003e F7E7     		b	.L1
 123              	.LVL7:
 124              	.L11:
 206:Middlewares/Third_Party/LwIP/src/core/timeouts.c ****     return;
 125              		.loc 1 206 5 view .LVU35
 206:Middlewares/Third_Party/LwIP/src/core/timeouts.c ****     return;
 126              		.loc 1 206 18 is_stmt 0 view .LVU36
 127 0040 1860     		str	r0, [r3]
 207:Middlewares/Third_Party/LwIP/src/core/timeouts.c ****   }
 128              		.loc 1 207 5 is_stmt 1 view .LVU37
 129 0042 F5E7     		b	.L1
 130              	.LVL8:
 131              	.L6:
 215:Middlewares/Third_Party/LwIP/src/core/timeouts.c ****         t->next = timeout;
 132              		.loc 1 215 9 view .LVU38
 215:Middlewares/Third_Party/LwIP/src/core/timeouts.c ****         t->next = timeout;
 133              		.loc 1 215 23 is_stmt 0 view .LVU39
 134 0044 2B60     		str	r3, [r5]
 216:Middlewares/Third_Party/LwIP/src/core/timeouts.c ****         break;
 135              		.loc 1 216 9 is_stmt 1 view .LVU40
 216:Middlewares/Third_Party/LwIP/src/core/timeouts.c ****         break;
 136              		.loc 1 216 17 is_stmt 0 view .LVU41
 137 0046 1560     		str	r5, [r2]
 217:Middlewares/Third_Party/LwIP/src/core/timeouts.c ****       }
 138              		.loc 1 217 9 is_stmt 1 view .LVU42
 139 0048 F2E7     		b	.L1
 140              	.LVL9:
 141              	.L5:
 213:Middlewares/Third_Party/LwIP/src/core/timeouts.c ****       if ((t->next == NULL) || TIME_LESS_THAN(timeout->time, t->next->time)) {
 142              		.loc 1 213 28 discriminator 1 view .LVU43
 213:Middlewares/Third_Party/LwIP/src/core/timeouts.c ****       if ((t->next == NULL) || TIME_LESS_THAN(timeout->time, t->next->time)) {
 143              		.loc 1 213 5 is_stmt 0 discriminator 1 view .LVU44
 144 004a 002A     		cmp	r2, #0
 145 004c F0D0     		beq	.L1
 214:Middlewares/Third_Party/LwIP/src/core/timeouts.c ****         timeout->next = t->next;
 146              		.loc 1 214 7 is_stmt 1 view .LVU45
ARM GAS  /tmp/ccKoyD6z.s 			page 8


 214:Middlewares/Third_Party/LwIP/src/core/timeouts.c ****         timeout->next = t->next;
 147              		.loc 1 214 13 is_stmt 0 view .LVU46
 148 004e 1368     		ldr	r3, [r2]
 214:Middlewares/Third_Party/LwIP/src/core/timeouts.c ****         timeout->next = t->next;
 149              		.loc 1 214 10 view .LVU47
 150 0050 002B     		cmp	r3, #0
 151 0052 F7D0     		beq	.L6
 214:Middlewares/Third_Party/LwIP/src/core/timeouts.c ****         timeout->next = t->next;
 152              		.loc 1 214 32 discriminator 1 view .LVU48
 153 0054 5968     		ldr	r1, [r3, #4]
 154 0056 611A     		subs	r1, r4, r1
 214:Middlewares/Third_Party/LwIP/src/core/timeouts.c ****         timeout->next = t->next;
 155              		.loc 1 214 29 discriminator 1 view .LVU49
 156 0058 0029     		cmp	r1, #0
 157 005a F3DB     		blt	.L6
 213:Middlewares/Third_Party/LwIP/src/core/timeouts.c ****       if ((t->next == NULL) || TIME_LESS_THAN(timeout->time, t->next->time)) {
 158              		.loc 1 213 41 view .LVU50
 159 005c 1A46     		mov	r2, r3
 160              	.LVL10:
 213:Middlewares/Third_Party/LwIP/src/core/timeouts.c ****       if ((t->next == NULL) || TIME_LESS_THAN(timeout->time, t->next->time)) {
 161              		.loc 1 213 41 view .LVU51
 162 005e F4E7     		b	.L5
 163              	.L13:
 164              		.align	2
 165              	.L12:
 166 0060 00000000 		.word	.LANCHOR0
 167 0064 00000000 		.word	.LC0
 168 0068 34000000 		.word	.LC1
 169 006c 74000000 		.word	.LC2
 170              		.cfi_endproc
 171              	.LFE175:
 173              		.section	.text.lwip_cyclic_timer,"ax",%progbits
 174              		.align	1
 175              		.syntax unified
 176              		.thumb
 177              		.thumb_func
 178              		.fpu fpv5-d16
 180              	lwip_cyclic_timer:
 181              	.LVL11:
 182              	.LFB176:
 222:Middlewares/Third_Party/LwIP/src/core/timeouts.c **** 
 223:Middlewares/Third_Party/LwIP/src/core/timeouts.c **** /**
 224:Middlewares/Third_Party/LwIP/src/core/timeouts.c ****  * Timer callback function that calls cyclic->handler() and reschedules itself.
 225:Middlewares/Third_Party/LwIP/src/core/timeouts.c ****  *
 226:Middlewares/Third_Party/LwIP/src/core/timeouts.c ****  * @param arg unused argument
 227:Middlewares/Third_Party/LwIP/src/core/timeouts.c ****  */
 228:Middlewares/Third_Party/LwIP/src/core/timeouts.c **** #if !LWIP_TESTMODE
 229:Middlewares/Third_Party/LwIP/src/core/timeouts.c **** static
 230:Middlewares/Third_Party/LwIP/src/core/timeouts.c **** #endif
 231:Middlewares/Third_Party/LwIP/src/core/timeouts.c **** void
 232:Middlewares/Third_Party/LwIP/src/core/timeouts.c **** lwip_cyclic_timer(void *arg)
 233:Middlewares/Third_Party/LwIP/src/core/timeouts.c **** {
 183              		.loc 1 233 1 is_stmt 1 view -0
 184              		.cfi_startproc
 185              		@ args = 0, pretend = 0, frame = 0
 186              		@ frame_needed = 0, uses_anonymous_args = 0
 187              		.loc 1 233 1 is_stmt 0 view .LVU53
ARM GAS  /tmp/ccKoyD6z.s 			page 9


 188 0000 38B5     		push	{r3, r4, r5, lr}
 189              	.LCFI1:
 190              		.cfi_def_cfa_offset 16
 191              		.cfi_offset 3, -16
 192              		.cfi_offset 4, -12
 193              		.cfi_offset 5, -8
 194              		.cfi_offset 14, -4
 195 0002 0446     		mov	r4, r0
 234:Middlewares/Third_Party/LwIP/src/core/timeouts.c ****   u32_t now;
 196              		.loc 1 234 3 is_stmt 1 view .LVU54
 235:Middlewares/Third_Party/LwIP/src/core/timeouts.c ****   u32_t next_timeout_time;
 197              		.loc 1 235 3 view .LVU55
 236:Middlewares/Third_Party/LwIP/src/core/timeouts.c ****   const struct lwip_cyclic_timer *cyclic = (const struct lwip_cyclic_timer *)arg;
 198              		.loc 1 236 3 view .LVU56
 199              	.LVL12:
 237:Middlewares/Third_Party/LwIP/src/core/timeouts.c **** 
 238:Middlewares/Third_Party/LwIP/src/core/timeouts.c **** #if LWIP_DEBUG_TIMERNAMES
 239:Middlewares/Third_Party/LwIP/src/core/timeouts.c ****   LWIP_DEBUGF(TIMERS_DEBUG, ("tcpip: %s()\n", cyclic->handler_name));
 240:Middlewares/Third_Party/LwIP/src/core/timeouts.c **** #endif
 241:Middlewares/Third_Party/LwIP/src/core/timeouts.c ****   cyclic->handler();
 200              		.loc 1 241 3 view .LVU57
 201              		.loc 1 241 9 is_stmt 0 view .LVU58
 202 0004 4368     		ldr	r3, [r0, #4]
 203              		.loc 1 241 3 view .LVU59
 204 0006 9847     		blx	r3
 205              	.LVL13:
 242:Middlewares/Third_Party/LwIP/src/core/timeouts.c **** 
 243:Middlewares/Third_Party/LwIP/src/core/timeouts.c ****   now = sys_now();
 206              		.loc 1 243 3 is_stmt 1 view .LVU60
 207              		.loc 1 243 9 is_stmt 0 view .LVU61
 208 0008 FFF7FEFF 		bl	sys_now
 209              	.LVL14:
 210 000c 8446     		mov	ip, r0
 211              	.LVL15:
 244:Middlewares/Third_Party/LwIP/src/core/timeouts.c ****   next_timeout_time = (u32_t)(current_timeout_due_time + cyclic->interval_ms);  /* overflow handled
 212              		.loc 1 244 3 is_stmt 1 view .LVU62
 213              		.loc 1 244 64 is_stmt 0 view .LVU63
 214 000e 2568     		ldr	r5, [r4]
 215              		.loc 1 244 23 view .LVU64
 216 0010 094B     		ldr	r3, .L18
 217 0012 1868     		ldr	r0, [r3]
 218              	.LVL16:
 219              		.loc 1 244 21 view .LVU65
 220 0014 2844     		add	r0, r0, r5
 221              	.LVL17:
 245:Middlewares/Third_Party/LwIP/src/core/timeouts.c ****   if (TIME_LESS_THAN(next_timeout_time, now)) {
 222              		.loc 1 245 3 is_stmt 1 view .LVU66
 223              		.loc 1 245 7 is_stmt 0 view .LVU67
 224 0016 A0EB0C03 		sub	r3, r0, ip
 225              		.loc 1 245 6 view .LVU68
 226 001a 002B     		cmp	r3, #0
 227 001c 06DA     		bge	.L15
 246:Middlewares/Third_Party/LwIP/src/core/timeouts.c ****     /* timer would immediately expire again -> "overload" -> restart without any correction */
 247:Middlewares/Third_Party/LwIP/src/core/timeouts.c **** #if LWIP_DEBUG_TIMERNAMES
 248:Middlewares/Third_Party/LwIP/src/core/timeouts.c ****     sys_timeout_abs((u32_t)(now + cyclic->interval_ms), lwip_cyclic_timer, arg, cyclic->handler_nam
 249:Middlewares/Third_Party/LwIP/src/core/timeouts.c **** #else
 250:Middlewares/Third_Party/LwIP/src/core/timeouts.c ****     sys_timeout_abs((u32_t)(now + cyclic->interval_ms), lwip_cyclic_timer, arg);
ARM GAS  /tmp/ccKoyD6z.s 			page 10


 228              		.loc 1 250 5 is_stmt 1 view .LVU69
 229 001e 2246     		mov	r2, r4
 230 0020 0649     		ldr	r1, .L18+4
 231 0022 05EB0C00 		add	r0, r5, ip
 232              	.LVL18:
 233              		.loc 1 250 5 is_stmt 0 view .LVU70
 234 0026 FFF7FEFF 		bl	sys_timeout_abs
 235              	.LVL19:
 236              	.L14:
 251:Middlewares/Third_Party/LwIP/src/core/timeouts.c **** #endif
 252:Middlewares/Third_Party/LwIP/src/core/timeouts.c **** 
 253:Middlewares/Third_Party/LwIP/src/core/timeouts.c ****   } else {
 254:Middlewares/Third_Party/LwIP/src/core/timeouts.c ****     /* correct cyclic interval with handler execution delay and sys_check_timeouts jitter */
 255:Middlewares/Third_Party/LwIP/src/core/timeouts.c **** #if LWIP_DEBUG_TIMERNAMES
 256:Middlewares/Third_Party/LwIP/src/core/timeouts.c ****     sys_timeout_abs(next_timeout_time, lwip_cyclic_timer, arg, cyclic->handler_name);
 257:Middlewares/Third_Party/LwIP/src/core/timeouts.c **** #else
 258:Middlewares/Third_Party/LwIP/src/core/timeouts.c ****     sys_timeout_abs(next_timeout_time, lwip_cyclic_timer, arg);
 259:Middlewares/Third_Party/LwIP/src/core/timeouts.c **** #endif
 260:Middlewares/Third_Party/LwIP/src/core/timeouts.c ****   }
 261:Middlewares/Third_Party/LwIP/src/core/timeouts.c **** }
 237              		.loc 1 261 1 view .LVU71
 238 002a 38BD     		pop	{r3, r4, r5, pc}
 239              	.LVL20:
 240              	.L15:
 258:Middlewares/Third_Party/LwIP/src/core/timeouts.c **** #endif
 241              		.loc 1 258 5 is_stmt 1 view .LVU72
 242 002c 2246     		mov	r2, r4
 243 002e 0349     		ldr	r1, .L18+4
 244 0030 FFF7FEFF 		bl	sys_timeout_abs
 245              	.LVL21:
 246              		.loc 1 261 1 is_stmt 0 view .LVU73
 247 0034 F9E7     		b	.L14
 248              	.L19:
 249 0036 00BF     		.align	2
 250              	.L18:
 251 0038 00000000 		.word	.LANCHOR1
 252 003c 00000000 		.word	lwip_cyclic_timer
 253              		.cfi_endproc
 254              	.LFE176:
 256              		.section	.rodata.sys_timeout.str1.4,"aMS",%progbits,1
 257              		.align	2
 258              	.LC3:
 259 0000 54696D65 		.ascii	"Timeout time too long, max is LWIP_UINT32_MAX/4 mse"
 259      6F757420 
 259      74696D65 
 259      20746F6F 
 259      206C6F6E 
 260 0033 637300   		.ascii	"cs\000"
 261              		.section	.text.sys_timeout,"ax",%progbits
 262              		.align	1
 263              		.global	sys_timeout
 264              		.syntax unified
 265              		.thumb
 266              		.thumb_func
 267              		.fpu fpv5-d16
 269              	sys_timeout:
 270              	.LVL22:
ARM GAS  /tmp/ccKoyD6z.s 			page 11


 271              	.LFB178:
 262:Middlewares/Third_Party/LwIP/src/core/timeouts.c **** 
 263:Middlewares/Third_Party/LwIP/src/core/timeouts.c **** /** Initialize this module */
 264:Middlewares/Third_Party/LwIP/src/core/timeouts.c **** void sys_timeouts_init(void)
 265:Middlewares/Third_Party/LwIP/src/core/timeouts.c **** {
 266:Middlewares/Third_Party/LwIP/src/core/timeouts.c ****   size_t i;
 267:Middlewares/Third_Party/LwIP/src/core/timeouts.c ****   /* tcp_tmr() at index 0 is started on demand */
 268:Middlewares/Third_Party/LwIP/src/core/timeouts.c ****   for (i = (LWIP_TCP ? 1 : 0); i < LWIP_ARRAYSIZE(lwip_cyclic_timers); i++) {
 269:Middlewares/Third_Party/LwIP/src/core/timeouts.c ****     /* we have to cast via size_t to get rid of const warning
 270:Middlewares/Third_Party/LwIP/src/core/timeouts.c ****       (this is OK as cyclic_timer() casts back to const* */
 271:Middlewares/Third_Party/LwIP/src/core/timeouts.c ****     sys_timeout(lwip_cyclic_timers[i].interval_ms, lwip_cyclic_timer, LWIP_CONST_CAST(void *, &lwip
 272:Middlewares/Third_Party/LwIP/src/core/timeouts.c ****   }
 273:Middlewares/Third_Party/LwIP/src/core/timeouts.c **** }
 274:Middlewares/Third_Party/LwIP/src/core/timeouts.c **** 
 275:Middlewares/Third_Party/LwIP/src/core/timeouts.c **** /**
 276:Middlewares/Third_Party/LwIP/src/core/timeouts.c ****  * Create a one-shot timer (aka timeout). Timeouts are processed in the
 277:Middlewares/Third_Party/LwIP/src/core/timeouts.c ****  * following cases:
 278:Middlewares/Third_Party/LwIP/src/core/timeouts.c ****  * - while waiting for a message using sys_timeouts_mbox_fetch()
 279:Middlewares/Third_Party/LwIP/src/core/timeouts.c ****  * - by calling sys_check_timeouts() (NO_SYS==1 only)
 280:Middlewares/Third_Party/LwIP/src/core/timeouts.c ****  *
 281:Middlewares/Third_Party/LwIP/src/core/timeouts.c ****  * @param msecs time in milliseconds after that the timer should expire
 282:Middlewares/Third_Party/LwIP/src/core/timeouts.c ****  * @param handler callback function to call when msecs have elapsed
 283:Middlewares/Third_Party/LwIP/src/core/timeouts.c ****  * @param arg argument to pass to the callback function
 284:Middlewares/Third_Party/LwIP/src/core/timeouts.c ****  */
 285:Middlewares/Third_Party/LwIP/src/core/timeouts.c **** #if LWIP_DEBUG_TIMERNAMES
 286:Middlewares/Third_Party/LwIP/src/core/timeouts.c **** void
 287:Middlewares/Third_Party/LwIP/src/core/timeouts.c **** sys_timeout_debug(u32_t msecs, sys_timeout_handler handler, void *arg, const char *handler_name)
 288:Middlewares/Third_Party/LwIP/src/core/timeouts.c **** #else /* LWIP_DEBUG_TIMERNAMES */
 289:Middlewares/Third_Party/LwIP/src/core/timeouts.c **** void
 290:Middlewares/Third_Party/LwIP/src/core/timeouts.c **** sys_timeout(u32_t msecs, sys_timeout_handler handler, void *arg)
 291:Middlewares/Third_Party/LwIP/src/core/timeouts.c **** #endif /* LWIP_DEBUG_TIMERNAMES */
 292:Middlewares/Third_Party/LwIP/src/core/timeouts.c **** {
 272              		.loc 1 292 1 is_stmt 1 view -0
 273              		.cfi_startproc
 274              		@ args = 0, pretend = 0, frame = 0
 275              		@ frame_needed = 0, uses_anonymous_args = 0
 276              		.loc 1 292 1 is_stmt 0 view .LVU75
 277 0000 70B5     		push	{r4, r5, r6, lr}
 278              	.LCFI2:
 279              		.cfi_def_cfa_offset 16
 280              		.cfi_offset 4, -16
 281              		.cfi_offset 5, -12
 282              		.cfi_offset 6, -8
 283              		.cfi_offset 14, -4
 284 0002 0446     		mov	r4, r0
 285 0004 0D46     		mov	r5, r1
 286 0006 1646     		mov	r6, r2
 293:Middlewares/Third_Party/LwIP/src/core/timeouts.c ****   u32_t next_timeout_time;
 287              		.loc 1 293 3 is_stmt 1 view .LVU76
 294:Middlewares/Third_Party/LwIP/src/core/timeouts.c **** 
 295:Middlewares/Third_Party/LwIP/src/core/timeouts.c ****   LWIP_ASSERT_CORE_LOCKED();
 288              		.loc 1 295 28 view .LVU77
 296:Middlewares/Third_Party/LwIP/src/core/timeouts.c **** 
 297:Middlewares/Third_Party/LwIP/src/core/timeouts.c ****   LWIP_ASSERT("Timeout time too long, max is LWIP_UINT32_MAX/4 msecs", msecs <= (LWIP_UINT32_MAX / 
 289              		.loc 1 297 3 view .LVU78
 290              		.loc 1 297 3 view .LVU79
 291 0008 B0F1804F 		cmp	r0, #1073741824
ARM GAS  /tmp/ccKoyD6z.s 			page 12


 292 000c 07D2     		bcs	.L23
 293              	.LVL23:
 294              	.L21:
 295              		.loc 1 297 3 discriminator 3 view .LVU80
 296              		.loc 1 297 3 discriminator 3 view .LVU81
 298:Middlewares/Third_Party/LwIP/src/core/timeouts.c **** 
 299:Middlewares/Third_Party/LwIP/src/core/timeouts.c ****   next_timeout_time = (u32_t)(sys_now() + msecs); /* overflow handled by TIME_LESS_THAN macro */ 
 297              		.loc 1 299 3 discriminator 3 view .LVU82
 298              		.loc 1 299 31 is_stmt 0 discriminator 3 view .LVU83
 299 000e FFF7FEFF 		bl	sys_now
 300              	.LVL24:
 300:Middlewares/Third_Party/LwIP/src/core/timeouts.c **** 
 301:Middlewares/Third_Party/LwIP/src/core/timeouts.c **** #if LWIP_DEBUG_TIMERNAMES
 302:Middlewares/Third_Party/LwIP/src/core/timeouts.c ****   sys_timeout_abs(next_timeout_time, handler, arg, handler_name);
 303:Middlewares/Third_Party/LwIP/src/core/timeouts.c **** #else
 304:Middlewares/Third_Party/LwIP/src/core/timeouts.c ****   sys_timeout_abs(next_timeout_time, handler, arg);
 301              		.loc 1 304 3 is_stmt 1 discriminator 3 view .LVU84
 302 0012 3246     		mov	r2, r6
 303 0014 2946     		mov	r1, r5
 304 0016 2044     		add	r0, r0, r4
 305              	.LVL25:
 306              		.loc 1 304 3 is_stmt 0 discriminator 3 view .LVU85
 307 0018 FFF7FEFF 		bl	sys_timeout_abs
 308              	.LVL26:
 305:Middlewares/Third_Party/LwIP/src/core/timeouts.c **** #endif
 306:Middlewares/Third_Party/LwIP/src/core/timeouts.c **** }
 309              		.loc 1 306 1 discriminator 3 view .LVU86
 310 001c 70BD     		pop	{r4, r5, r6, pc}
 311              	.LVL27:
 312              	.L23:
 297:Middlewares/Third_Party/LwIP/src/core/timeouts.c **** 
 313              		.loc 1 297 3 is_stmt 1 discriminator 1 view .LVU87
 297:Middlewares/Third_Party/LwIP/src/core/timeouts.c **** 
 314              		.loc 1 297 3 discriminator 1 view .LVU88
 315 001e 044B     		ldr	r3, .L24
 316 0020 40F22912 		movw	r2, #297
 317              	.LVL28:
 297:Middlewares/Third_Party/LwIP/src/core/timeouts.c **** 
 318              		.loc 1 297 3 is_stmt 0 discriminator 1 view .LVU89
 319 0024 0349     		ldr	r1, .L24+4
 320              	.LVL29:
 297:Middlewares/Third_Party/LwIP/src/core/timeouts.c **** 
 321              		.loc 1 297 3 discriminator 1 view .LVU90
 322 0026 0448     		ldr	r0, .L24+8
 323              	.LVL30:
 297:Middlewares/Third_Party/LwIP/src/core/timeouts.c **** 
 324              		.loc 1 297 3 discriminator 1 view .LVU91
 325 0028 FFF7FEFF 		bl	printf
 326              	.LVL31:
 327 002c EFE7     		b	.L21
 328              	.L25:
 329 002e 00BF     		.align	2
 330              	.L24:
 331 0030 00000000 		.word	.LC0
 332 0034 00000000 		.word	.LC3
 333 0038 74000000 		.word	.LC2
 334              		.cfi_endproc
ARM GAS  /tmp/ccKoyD6z.s 			page 13


 335              	.LFE178:
 337              		.section	.text.tcp_timer_needed,"ax",%progbits
 338              		.align	1
 339              		.global	tcp_timer_needed
 340              		.syntax unified
 341              		.thumb
 342              		.thumb_func
 343              		.fpu fpv5-d16
 345              	tcp_timer_needed:
 346              	.LFB174:
 167:Middlewares/Third_Party/LwIP/src/core/timeouts.c ****   LWIP_ASSERT_CORE_LOCKED();
 347              		.loc 1 167 1 is_stmt 1 view -0
 348              		.cfi_startproc
 349              		@ args = 0, pretend = 0, frame = 0
 350              		@ frame_needed = 0, uses_anonymous_args = 0
 351 0000 08B5     		push	{r3, lr}
 352              	.LCFI3:
 353              		.cfi_def_cfa_offset 8
 354              		.cfi_offset 3, -8
 355              		.cfi_offset 14, -4
 168:Middlewares/Third_Party/LwIP/src/core/timeouts.c **** 
 356              		.loc 1 168 28 view .LVU93
 171:Middlewares/Third_Party/LwIP/src/core/timeouts.c ****     /* enable and start timer */
 357              		.loc 1 171 3 view .LVU94
 171:Middlewares/Third_Party/LwIP/src/core/timeouts.c ****     /* enable and start timer */
 358              		.loc 1 171 7 is_stmt 0 view .LVU95
 359 0002 0A4B     		ldr	r3, .L31
 360 0004 1B68     		ldr	r3, [r3]
 171:Middlewares/Third_Party/LwIP/src/core/timeouts.c ****     /* enable and start timer */
 361              		.loc 1 171 6 view .LVU96
 362 0006 53B9     		cbnz	r3, .L26
 171:Middlewares/Third_Party/LwIP/src/core/timeouts.c ****     /* enable and start timer */
 363              		.loc 1 171 35 discriminator 1 view .LVU97
 364 0008 094B     		ldr	r3, .L31+4
 365 000a 1B68     		ldr	r3, [r3]
 171:Middlewares/Third_Party/LwIP/src/core/timeouts.c ****     /* enable and start timer */
 366              		.loc 1 171 31 discriminator 1 view .LVU98
 367 000c 43B1     		cbz	r3, .L30
 368              	.L28:
 173:Middlewares/Third_Party/LwIP/src/core/timeouts.c ****     sys_timeout(TCP_TMR_INTERVAL, tcpip_tcp_timer, NULL);
 369              		.loc 1 173 5 is_stmt 1 view .LVU99
 173:Middlewares/Third_Party/LwIP/src/core/timeouts.c ****     sys_timeout(TCP_TMR_INTERVAL, tcpip_tcp_timer, NULL);
 370              		.loc 1 173 28 is_stmt 0 view .LVU100
 371 000e 074B     		ldr	r3, .L31
 372 0010 0122     		movs	r2, #1
 373 0012 1A60     		str	r2, [r3]
 174:Middlewares/Third_Party/LwIP/src/core/timeouts.c ****   }
 374              		.loc 1 174 5 is_stmt 1 view .LVU101
 375 0014 0022     		movs	r2, #0
 376 0016 0749     		ldr	r1, .L31+8
 377 0018 FA20     		movs	r0, #250
 378 001a FFF7FEFF 		bl	sys_timeout
 379              	.LVL32:
 380              	.L26:
 176:Middlewares/Third_Party/LwIP/src/core/timeouts.c **** #endif /* LWIP_TCP */
 381              		.loc 1 176 1 is_stmt 0 view .LVU102
 382 001e 08BD     		pop	{r3, pc}
ARM GAS  /tmp/ccKoyD6z.s 			page 14


 383              	.L30:
 171:Middlewares/Third_Party/LwIP/src/core/timeouts.c ****     /* enable and start timer */
 384              		.loc 1 171 51 discriminator 2 view .LVU103
 385 0020 054B     		ldr	r3, .L31+12
 386 0022 1B68     		ldr	r3, [r3]
 387 0024 002B     		cmp	r3, #0
 388 0026 F2D1     		bne	.L28
 389 0028 F9E7     		b	.L26
 390              	.L32:
 391 002a 00BF     		.align	2
 392              	.L31:
 393 002c 00000000 		.word	.LANCHOR2
 394 0030 00000000 		.word	tcp_active_pcbs
 395 0034 00000000 		.word	tcpip_tcp_timer
 396 0038 00000000 		.word	tcp_tw_pcbs
 397              		.cfi_endproc
 398              	.LFE174:
 400              		.section	.text.tcpip_tcp_timer,"ax",%progbits
 401              		.align	1
 402              		.syntax unified
 403              		.thumb
 404              		.thumb_func
 405              		.fpu fpv5-d16
 407              	tcpip_tcp_timer:
 408              	.LVL33:
 409              	.LFB173:
 145:Middlewares/Third_Party/LwIP/src/core/timeouts.c ****   LWIP_UNUSED_ARG(arg);
 410              		.loc 1 145 1 is_stmt 1 view -0
 411              		.cfi_startproc
 412              		@ args = 0, pretend = 0, frame = 0
 413              		@ frame_needed = 0, uses_anonymous_args = 0
 145:Middlewares/Third_Party/LwIP/src/core/timeouts.c ****   LWIP_UNUSED_ARG(arg);
 414              		.loc 1 145 1 is_stmt 0 view .LVU105
 415 0000 08B5     		push	{r3, lr}
 416              	.LCFI4:
 417              		.cfi_def_cfa_offset 8
 418              		.cfi_offset 3, -8
 419              		.cfi_offset 14, -4
 146:Middlewares/Third_Party/LwIP/src/core/timeouts.c **** 
 420              		.loc 1 146 3 is_stmt 1 view .LVU106
 149:Middlewares/Third_Party/LwIP/src/core/timeouts.c ****   /* timer still needed? */
 421              		.loc 1 149 3 view .LVU107
 422 0002 FFF7FEFF 		bl	tcp_tmr
 423              	.LVL34:
 151:Middlewares/Third_Party/LwIP/src/core/timeouts.c ****     /* restart timer */
 424              		.loc 1 151 3 view .LVU108
 151:Middlewares/Third_Party/LwIP/src/core/timeouts.c ****     /* restart timer */
 425              		.loc 1 151 7 is_stmt 0 view .LVU109
 426 0006 084B     		ldr	r3, .L39
 427 0008 1B68     		ldr	r3, [r3]
 151:Middlewares/Third_Party/LwIP/src/core/timeouts.c ****     /* restart timer */
 428              		.loc 1 151 6 view .LVU110
 429 000a 2BB1     		cbz	r3, .L38
 430              	.L34:
 153:Middlewares/Third_Party/LwIP/src/core/timeouts.c ****   } else {
 431              		.loc 1 153 5 is_stmt 1 view .LVU111
 432 000c 0022     		movs	r2, #0
ARM GAS  /tmp/ccKoyD6z.s 			page 15


 433 000e 0749     		ldr	r1, .L39+4
 434 0010 FA20     		movs	r0, #250
 435 0012 FFF7FEFF 		bl	sys_timeout
 436              	.LVL35:
 437              	.L33:
 158:Middlewares/Third_Party/LwIP/src/core/timeouts.c **** 
 438              		.loc 1 158 1 is_stmt 0 view .LVU112
 439 0016 08BD     		pop	{r3, pc}
 440              	.L38:
 151:Middlewares/Third_Party/LwIP/src/core/timeouts.c ****     /* restart timer */
 441              		.loc 1 151 23 discriminator 1 view .LVU113
 442 0018 054B     		ldr	r3, .L39+8
 443 001a 1B68     		ldr	r3, [r3]
 444 001c 002B     		cmp	r3, #0
 445 001e F5D1     		bne	.L34
 156:Middlewares/Third_Party/LwIP/src/core/timeouts.c ****   }
 446              		.loc 1 156 5 is_stmt 1 view .LVU114
 156:Middlewares/Third_Party/LwIP/src/core/timeouts.c ****   }
 447              		.loc 1 156 28 is_stmt 0 view .LVU115
 448 0020 044B     		ldr	r3, .L39+12
 449 0022 0022     		movs	r2, #0
 450 0024 1A60     		str	r2, [r3]
 158:Middlewares/Third_Party/LwIP/src/core/timeouts.c **** 
 451              		.loc 1 158 1 view .LVU116
 452 0026 F6E7     		b	.L33
 453              	.L40:
 454              		.align	2
 455              	.L39:
 456 0028 00000000 		.word	tcp_active_pcbs
 457 002c 00000000 		.word	tcpip_tcp_timer
 458 0030 00000000 		.word	tcp_tw_pcbs
 459 0034 00000000 		.word	.LANCHOR2
 460              		.cfi_endproc
 461              	.LFE173:
 463              		.section	.text.sys_timeouts_init,"ax",%progbits
 464              		.align	1
 465              		.global	sys_timeouts_init
 466              		.syntax unified
 467              		.thumb
 468              		.thumb_func
 469              		.fpu fpv5-d16
 471              	sys_timeouts_init:
 472              	.LFB177:
 265:Middlewares/Third_Party/LwIP/src/core/timeouts.c ****   size_t i;
 473              		.loc 1 265 1 is_stmt 1 view -0
 474              		.cfi_startproc
 475              		@ args = 0, pretend = 0, frame = 0
 476              		@ frame_needed = 0, uses_anonymous_args = 0
 477 0000 10B5     		push	{r4, lr}
 478              	.LCFI5:
 479              		.cfi_def_cfa_offset 8
 480              		.cfi_offset 4, -8
 481              		.cfi_offset 14, -4
 266:Middlewares/Third_Party/LwIP/src/core/timeouts.c ****   /* tcp_tmr() at index 0 is started on demand */
 482              		.loc 1 266 3 view .LVU118
 268:Middlewares/Third_Party/LwIP/src/core/timeouts.c ****     /* we have to cast via size_t to get rid of const warning
 483              		.loc 1 268 3 view .LVU119
ARM GAS  /tmp/ccKoyD6z.s 			page 16


 484              	.LVL36:
 268:Middlewares/Third_Party/LwIP/src/core/timeouts.c ****     /* we have to cast via size_t to get rid of const warning
 485              		.loc 1 268 10 is_stmt 0 view .LVU120
 486 0002 0124     		movs	r4, #1
 268:Middlewares/Third_Party/LwIP/src/core/timeouts.c ****     /* we have to cast via size_t to get rid of const warning
 487              		.loc 1 268 3 view .LVU121
 488 0004 08E0     		b	.L42
 489              	.LVL37:
 490              	.L43:
 271:Middlewares/Third_Party/LwIP/src/core/timeouts.c ****   }
 491              		.loc 1 271 5 is_stmt 1 discriminator 3 view .LVU122
 271:Middlewares/Third_Party/LwIP/src/core/timeouts.c ****   }
 492              		.loc 1 271 71 is_stmt 0 discriminator 3 view .LVU123
 493 0006 064B     		ldr	r3, .L45
 271:Middlewares/Third_Party/LwIP/src/core/timeouts.c ****   }
 494              		.loc 1 271 5 discriminator 3 view .LVU124
 495 0008 03EBC402 		add	r2, r3, r4, lsl #3
 496 000c 0549     		ldr	r1, .L45+4
 497 000e 53F83400 		ldr	r0, [r3, r4, lsl #3]
 498 0012 FFF7FEFF 		bl	sys_timeout
 499              	.LVL38:
 268:Middlewares/Third_Party/LwIP/src/core/timeouts.c ****     /* we have to cast via size_t to get rid of const warning
 500              		.loc 1 268 72 is_stmt 1 discriminator 3 view .LVU125
 268:Middlewares/Third_Party/LwIP/src/core/timeouts.c ****     /* we have to cast via size_t to get rid of const warning
 501              		.loc 1 268 73 is_stmt 0 discriminator 3 view .LVU126
 502 0016 0134     		adds	r4, r4, #1
 503              	.LVL39:
 504              	.L42:
 268:Middlewares/Third_Party/LwIP/src/core/timeouts.c ****     /* we have to cast via size_t to get rid of const warning
 505              		.loc 1 268 32 is_stmt 1 discriminator 1 view .LVU127
 268:Middlewares/Third_Party/LwIP/src/core/timeouts.c ****     /* we have to cast via size_t to get rid of const warning
 506              		.loc 1 268 3 is_stmt 0 discriminator 1 view .LVU128
 507 0018 022C     		cmp	r4, #2
 508 001a F4D9     		bls	.L43
 273:Middlewares/Third_Party/LwIP/src/core/timeouts.c **** 
 509              		.loc 1 273 1 view .LVU129
 510 001c 10BD     		pop	{r4, pc}
 511              	.LVL40:
 512              	.L46:
 273:Middlewares/Third_Party/LwIP/src/core/timeouts.c **** 
 513              		.loc 1 273 1 view .LVU130
 514 001e 00BF     		.align	2
 515              	.L45:
 516 0020 00000000 		.word	.LANCHOR3
 517 0024 00000000 		.word	lwip_cyclic_timer
 518              		.cfi_endproc
 519              	.LFE177:
 521              		.section	.text.sys_untimeout,"ax",%progbits
 522              		.align	1
 523              		.global	sys_untimeout
 524              		.syntax unified
 525              		.thumb
 526              		.thumb_func
 527              		.fpu fpv5-d16
 529              	sys_untimeout:
 530              	.LVL41:
 531              	.LFB179:
ARM GAS  /tmp/ccKoyD6z.s 			page 17


 307:Middlewares/Third_Party/LwIP/src/core/timeouts.c **** 
 308:Middlewares/Third_Party/LwIP/src/core/timeouts.c **** /**
 309:Middlewares/Third_Party/LwIP/src/core/timeouts.c ****  * Go through timeout list (for this task only) and remove the first matching
 310:Middlewares/Third_Party/LwIP/src/core/timeouts.c ****  * entry (subsequent entries remain untouched), even though the timeout has not
 311:Middlewares/Third_Party/LwIP/src/core/timeouts.c ****  * triggered yet.
 312:Middlewares/Third_Party/LwIP/src/core/timeouts.c ****  *
 313:Middlewares/Third_Party/LwIP/src/core/timeouts.c ****  * @param handler callback function that would be called by the timeout
 314:Middlewares/Third_Party/LwIP/src/core/timeouts.c ****  * @param arg callback argument that would be passed to handler
 315:Middlewares/Third_Party/LwIP/src/core/timeouts.c **** */
 316:Middlewares/Third_Party/LwIP/src/core/timeouts.c **** void
 317:Middlewares/Third_Party/LwIP/src/core/timeouts.c **** sys_untimeout(sys_timeout_handler handler, void *arg)
 318:Middlewares/Third_Party/LwIP/src/core/timeouts.c **** {
 532              		.loc 1 318 1 is_stmt 1 view -0
 533              		.cfi_startproc
 534              		@ args = 0, pretend = 0, frame = 0
 535              		@ frame_needed = 0, uses_anonymous_args = 0
 536              		.loc 1 318 1 is_stmt 0 view .LVU132
 537 0000 08B5     		push	{r3, lr}
 538              	.LCFI6:
 539              		.cfi_def_cfa_offset 8
 540              		.cfi_offset 3, -8
 541              		.cfi_offset 14, -4
 542 0002 8C46     		mov	ip, r1
 319:Middlewares/Third_Party/LwIP/src/core/timeouts.c ****   struct sys_timeo *prev_t, *t;
 543              		.loc 1 319 3 is_stmt 1 view .LVU133
 320:Middlewares/Third_Party/LwIP/src/core/timeouts.c **** 
 321:Middlewares/Third_Party/LwIP/src/core/timeouts.c ****   LWIP_ASSERT_CORE_LOCKED();
 544              		.loc 1 321 28 view .LVU134
 322:Middlewares/Third_Party/LwIP/src/core/timeouts.c **** 
 323:Middlewares/Third_Party/LwIP/src/core/timeouts.c ****   if (next_timeout == NULL) {
 545              		.loc 1 323 3 view .LVU135
 546              		.loc 1 323 20 is_stmt 0 view .LVU136
 547 0004 0C4B     		ldr	r3, .L56
 548 0006 1968     		ldr	r1, [r3]
 549              	.LVL42:
 550              		.loc 1 323 6 view .LVU137
 551 0008 A9B1     		cbz	r1, .L47
 324:Middlewares/Third_Party/LwIP/src/core/timeouts.c ****     return;
 325:Middlewares/Third_Party/LwIP/src/core/timeouts.c ****   }
 326:Middlewares/Third_Party/LwIP/src/core/timeouts.c **** 
 327:Middlewares/Third_Party/LwIP/src/core/timeouts.c ****   for (t = next_timeout, prev_t = NULL; t != NULL; prev_t = t, t = t->next) {
 552              		.loc 1 327 33 view .LVU138
 553 000a 0022     		movs	r2, #0
 554 000c 05E0     		b	.L49
 555              	.LVL43:
 556              	.L55:
 328:Middlewares/Third_Party/LwIP/src/core/timeouts.c ****     if ((t->h == handler) && (t->arg == arg)) {
 329:Middlewares/Third_Party/LwIP/src/core/timeouts.c ****       /* We have a match */
 330:Middlewares/Third_Party/LwIP/src/core/timeouts.c ****       /* Unlink from previous in list */
 331:Middlewares/Third_Party/LwIP/src/core/timeouts.c ****       if (prev_t == NULL) {
 332:Middlewares/Third_Party/LwIP/src/core/timeouts.c ****         next_timeout = t->next;
 557              		.loc 1 332 9 is_stmt 1 view .LVU139
 558              		.loc 1 332 25 is_stmt 0 view .LVU140
 559 000e 0A68     		ldr	r2, [r1]
 560              	.LVL44:
 561              		.loc 1 332 22 view .LVU141
 562 0010 094B     		ldr	r3, .L56
ARM GAS  /tmp/ccKoyD6z.s 			page 18


 563 0012 1A60     		str	r2, [r3]
 564 0014 0CE0     		b	.L52
 565              	.LVL45:
 566              	.L50:
 327:Middlewares/Third_Party/LwIP/src/core/timeouts.c ****     if ((t->h == handler) && (t->arg == arg)) {
 567              		.loc 1 327 52 is_stmt 1 discriminator 2 view .LVU142
 327:Middlewares/Third_Party/LwIP/src/core/timeouts.c ****     if ((t->h == handler) && (t->arg == arg)) {
 568              		.loc 1 327 59 is_stmt 0 discriminator 2 view .LVU143
 569 0016 0A46     		mov	r2, r1
 327:Middlewares/Third_Party/LwIP/src/core/timeouts.c ****     if ((t->h == handler) && (t->arg == arg)) {
 570              		.loc 1 327 66 discriminator 2 view .LVU144
 571 0018 0968     		ldr	r1, [r1]
 572              	.LVL46:
 573              	.L49:
 327:Middlewares/Third_Party/LwIP/src/core/timeouts.c ****     if ((t->h == handler) && (t->arg == arg)) {
 574              		.loc 1 327 41 is_stmt 1 discriminator 1 view .LVU145
 327:Middlewares/Third_Party/LwIP/src/core/timeouts.c ****     if ((t->h == handler) && (t->arg == arg)) {
 575              		.loc 1 327 3 is_stmt 0 discriminator 1 view .LVU146
 576 001a 61B1     		cbz	r1, .L47
 328:Middlewares/Third_Party/LwIP/src/core/timeouts.c ****     if ((t->h == handler) && (t->arg == arg)) {
 577              		.loc 1 328 5 is_stmt 1 view .LVU147
 328:Middlewares/Third_Party/LwIP/src/core/timeouts.c ****     if ((t->h == handler) && (t->arg == arg)) {
 578              		.loc 1 328 11 is_stmt 0 view .LVU148
 579 001c 8B68     		ldr	r3, [r1, #8]
 328:Middlewares/Third_Party/LwIP/src/core/timeouts.c ****     if ((t->h == handler) && (t->arg == arg)) {
 580              		.loc 1 328 8 view .LVU149
 581 001e 8342     		cmp	r3, r0
 582 0020 F9D1     		bne	.L50
 328:Middlewares/Third_Party/LwIP/src/core/timeouts.c ****     if ((t->h == handler) && (t->arg == arg)) {
 583              		.loc 1 328 32 discriminator 1 view .LVU150
 584 0022 CB68     		ldr	r3, [r1, #12]
 328:Middlewares/Third_Party/LwIP/src/core/timeouts.c ****     if ((t->h == handler) && (t->arg == arg)) {
 585              		.loc 1 328 27 discriminator 1 view .LVU151
 586 0024 6345     		cmp	r3, ip
 587 0026 F6D1     		bne	.L50
 331:Middlewares/Third_Party/LwIP/src/core/timeouts.c ****         next_timeout = t->next;
 588              		.loc 1 331 7 is_stmt 1 view .LVU152
 331:Middlewares/Third_Party/LwIP/src/core/timeouts.c ****         next_timeout = t->next;
 589              		.loc 1 331 10 is_stmt 0 view .LVU153
 590 0028 002A     		cmp	r2, #0
 591 002a F0D0     		beq	.L55
 333:Middlewares/Third_Party/LwIP/src/core/timeouts.c ****       } else {
 334:Middlewares/Third_Party/LwIP/src/core/timeouts.c ****         prev_t->next = t->next;
 592              		.loc 1 334 9 is_stmt 1 view .LVU154
 593              		.loc 1 334 25 is_stmt 0 view .LVU155
 594 002c 0B68     		ldr	r3, [r1]
 595              		.loc 1 334 22 view .LVU156
 596 002e 1360     		str	r3, [r2]
 597              	.LVL47:
 598              	.L52:
 335:Middlewares/Third_Party/LwIP/src/core/timeouts.c ****       }
 336:Middlewares/Third_Party/LwIP/src/core/timeouts.c ****       memp_free(MEMP_SYS_TIMEOUT, t);
 599              		.loc 1 336 7 is_stmt 1 view .LVU157
 600 0030 0A20     		movs	r0, #10
 601              	.LVL48:
 602              		.loc 1 336 7 is_stmt 0 view .LVU158
 603 0032 FFF7FEFF 		bl	memp_free
ARM GAS  /tmp/ccKoyD6z.s 			page 19


 604              	.LVL49:
 337:Middlewares/Third_Party/LwIP/src/core/timeouts.c ****       return;
 605              		.loc 1 337 7 is_stmt 1 view .LVU159
 606              	.L47:
 338:Middlewares/Third_Party/LwIP/src/core/timeouts.c ****     }
 339:Middlewares/Third_Party/LwIP/src/core/timeouts.c ****   }
 340:Middlewares/Third_Party/LwIP/src/core/timeouts.c ****   return;
 341:Middlewares/Third_Party/LwIP/src/core/timeouts.c **** }
 607              		.loc 1 341 1 is_stmt 0 view .LVU160
 608 0036 08BD     		pop	{r3, pc}
 609              	.L57:
 610              		.align	2
 611              	.L56:
 612 0038 00000000 		.word	.LANCHOR0
 613              		.cfi_endproc
 614              	.LFE179:
 616              		.section	.text.sys_check_timeouts,"ax",%progbits
 617              		.align	1
 618              		.global	sys_check_timeouts
 619              		.syntax unified
 620              		.thumb
 621              		.thumb_func
 622              		.fpu fpv5-d16
 624              	sys_check_timeouts:
 625              	.LFB180:
 342:Middlewares/Third_Party/LwIP/src/core/timeouts.c **** 
 343:Middlewares/Third_Party/LwIP/src/core/timeouts.c **** /**
 344:Middlewares/Third_Party/LwIP/src/core/timeouts.c ****  * @ingroup lwip_nosys
 345:Middlewares/Third_Party/LwIP/src/core/timeouts.c ****  * Handle timeouts for NO_SYS==1 (i.e. without using
 346:Middlewares/Third_Party/LwIP/src/core/timeouts.c ****  * tcpip_thread/sys_timeouts_mbox_fetch(). Uses sys_now() to call timeout
 347:Middlewares/Third_Party/LwIP/src/core/timeouts.c ****  * handler functions when timeouts expire.
 348:Middlewares/Third_Party/LwIP/src/core/timeouts.c ****  *
 349:Middlewares/Third_Party/LwIP/src/core/timeouts.c ****  * Must be called periodically from your main loop.
 350:Middlewares/Third_Party/LwIP/src/core/timeouts.c ****  */
 351:Middlewares/Third_Party/LwIP/src/core/timeouts.c **** void
 352:Middlewares/Third_Party/LwIP/src/core/timeouts.c **** sys_check_timeouts(void)
 353:Middlewares/Third_Party/LwIP/src/core/timeouts.c **** {
 626              		.loc 1 353 1 is_stmt 1 view -0
 627              		.cfi_startproc
 628              		@ args = 0, pretend = 0, frame = 0
 629              		@ frame_needed = 0, uses_anonymous_args = 0
 630 0000 70B5     		push	{r4, r5, r6, lr}
 631              	.LCFI7:
 632              		.cfi_def_cfa_offset 16
 633              		.cfi_offset 4, -16
 634              		.cfi_offset 5, -12
 635              		.cfi_offset 6, -8
 636              		.cfi_offset 14, -4
 354:Middlewares/Third_Party/LwIP/src/core/timeouts.c ****   u32_t now;
 637              		.loc 1 354 3 view .LVU162
 355:Middlewares/Third_Party/LwIP/src/core/timeouts.c **** 
 356:Middlewares/Third_Party/LwIP/src/core/timeouts.c ****   LWIP_ASSERT_CORE_LOCKED();
 638              		.loc 1 356 28 view .LVU163
 357:Middlewares/Third_Party/LwIP/src/core/timeouts.c **** 
 358:Middlewares/Third_Party/LwIP/src/core/timeouts.c ****   /* Process only timers expired at the start of the function. */
 359:Middlewares/Third_Party/LwIP/src/core/timeouts.c ****   now = sys_now();
 639              		.loc 1 359 3 view .LVU164
ARM GAS  /tmp/ccKoyD6z.s 			page 20


 640              		.loc 1 359 9 is_stmt 0 view .LVU165
 641 0002 FFF7FEFF 		bl	sys_now
 642              	.LVL50:
 643 0006 0546     		mov	r5, r0
 644              	.LVL51:
 645              	.L60:
 360:Middlewares/Third_Party/LwIP/src/core/timeouts.c **** 
 361:Middlewares/Third_Party/LwIP/src/core/timeouts.c ****   do {
 646              		.loc 1 361 3 is_stmt 1 view .LVU166
 647              	.LBB2:
 362:Middlewares/Third_Party/LwIP/src/core/timeouts.c ****     struct sys_timeo *tmptimeout;
 648              		.loc 1 362 5 view .LVU167
 363:Middlewares/Third_Party/LwIP/src/core/timeouts.c ****     sys_timeout_handler handler;
 649              		.loc 1 363 5 view .LVU168
 364:Middlewares/Third_Party/LwIP/src/core/timeouts.c ****     void *arg;
 650              		.loc 1 364 5 view .LVU169
 365:Middlewares/Third_Party/LwIP/src/core/timeouts.c **** 
 366:Middlewares/Third_Party/LwIP/src/core/timeouts.c ****     PBUF_CHECK_FREE_OOSEQ();
 651              		.loc 1 366 28 view .LVU170
 367:Middlewares/Third_Party/LwIP/src/core/timeouts.c **** 
 368:Middlewares/Third_Party/LwIP/src/core/timeouts.c ****     tmptimeout = next_timeout;
 652              		.loc 1 368 5 view .LVU171
 653              		.loc 1 368 16 is_stmt 0 view .LVU172
 654 0008 0B4B     		ldr	r3, .L63
 655 000a 1968     		ldr	r1, [r3]
 656              	.LVL52:
 369:Middlewares/Third_Party/LwIP/src/core/timeouts.c ****     if (tmptimeout == NULL) {
 657              		.loc 1 369 5 is_stmt 1 view .LVU173
 658              		.loc 1 369 8 is_stmt 0 view .LVU174
 659 000c 91B1     		cbz	r1, .L58
 370:Middlewares/Third_Party/LwIP/src/core/timeouts.c ****       return;
 371:Middlewares/Third_Party/LwIP/src/core/timeouts.c ****     }
 372:Middlewares/Third_Party/LwIP/src/core/timeouts.c **** 
 373:Middlewares/Third_Party/LwIP/src/core/timeouts.c ****     if (TIME_LESS_THAN(now, tmptimeout->time)) {
 660              		.loc 1 373 5 is_stmt 1 view .LVU175
 661              		.loc 1 373 9 is_stmt 0 view .LVU176
 662 000e 4B68     		ldr	r3, [r1, #4]
 663 0010 EA1A     		subs	r2, r5, r3
 664              		.loc 1 373 8 view .LVU177
 665 0012 002A     		cmp	r2, #0
 666 0014 0EDB     		blt	.L58
 374:Middlewares/Third_Party/LwIP/src/core/timeouts.c ****       return;
 375:Middlewares/Third_Party/LwIP/src/core/timeouts.c ****     }
 376:Middlewares/Third_Party/LwIP/src/core/timeouts.c **** 
 377:Middlewares/Third_Party/LwIP/src/core/timeouts.c ****     /* Timeout has expired */
 378:Middlewares/Third_Party/LwIP/src/core/timeouts.c ****     next_timeout = tmptimeout->next;
 667              		.loc 1 378 5 is_stmt 1 view .LVU178
 668              		.loc 1 378 30 is_stmt 0 view .LVU179
 669 0016 0868     		ldr	r0, [r1]
 670              		.loc 1 378 18 view .LVU180
 671 0018 074A     		ldr	r2, .L63
 672 001a 1060     		str	r0, [r2]
 379:Middlewares/Third_Party/LwIP/src/core/timeouts.c ****     handler = tmptimeout->h;
 673              		.loc 1 379 5 is_stmt 1 view .LVU181
 674              		.loc 1 379 13 is_stmt 0 view .LVU182
 675 001c 8C68     		ldr	r4, [r1, #8]
 676              	.LVL53:
ARM GAS  /tmp/ccKoyD6z.s 			page 21


 380:Middlewares/Third_Party/LwIP/src/core/timeouts.c ****     arg = tmptimeout->arg;
 677              		.loc 1 380 5 is_stmt 1 view .LVU183
 678              		.loc 1 380 9 is_stmt 0 view .LVU184
 679 001e CE68     		ldr	r6, [r1, #12]
 680              	.LVL54:
 381:Middlewares/Third_Party/LwIP/src/core/timeouts.c ****     current_timeout_due_time = tmptimeout->time;
 681              		.loc 1 381 5 is_stmt 1 view .LVU185
 682              		.loc 1 381 30 is_stmt 0 view .LVU186
 683 0020 064A     		ldr	r2, .L63+4
 684 0022 1360     		str	r3, [r2]
 382:Middlewares/Third_Party/LwIP/src/core/timeouts.c **** #if LWIP_DEBUG_TIMERNAMES
 383:Middlewares/Third_Party/LwIP/src/core/timeouts.c ****     if (handler != NULL) {
 384:Middlewares/Third_Party/LwIP/src/core/timeouts.c ****       LWIP_DEBUGF(TIMERS_DEBUG, ("sct calling h=%s t=%"U32_F" arg=%p\n",
 385:Middlewares/Third_Party/LwIP/src/core/timeouts.c ****                                  tmptimeout->handler_name, sys_now() - tmptimeout->time, arg));
 386:Middlewares/Third_Party/LwIP/src/core/timeouts.c ****     }
 387:Middlewares/Third_Party/LwIP/src/core/timeouts.c **** #endif /* LWIP_DEBUG_TIMERNAMES */
 388:Middlewares/Third_Party/LwIP/src/core/timeouts.c ****     memp_free(MEMP_SYS_TIMEOUT, tmptimeout);
 685              		.loc 1 388 5 is_stmt 1 view .LVU187
 686 0024 0A20     		movs	r0, #10
 687 0026 FFF7FEFF 		bl	memp_free
 688              	.LVL55:
 389:Middlewares/Third_Party/LwIP/src/core/timeouts.c ****     if (handler != NULL) {
 689              		.loc 1 389 5 view .LVU188
 690              		.loc 1 389 8 is_stmt 0 view .LVU189
 691 002a 002C     		cmp	r4, #0
 692 002c ECD0     		beq	.L60
 390:Middlewares/Third_Party/LwIP/src/core/timeouts.c ****       handler(arg);
 693              		.loc 1 390 7 is_stmt 1 view .LVU190
 694 002e 3046     		mov	r0, r6
 695 0030 A047     		blx	r4
 696              	.LVL56:
 697 0032 E9E7     		b	.L60
 698              	.LVL57:
 699              	.L58:
 700              		.loc 1 390 7 is_stmt 0 view .LVU191
 701              	.LBE2:
 391:Middlewares/Third_Party/LwIP/src/core/timeouts.c ****     }
 392:Middlewares/Third_Party/LwIP/src/core/timeouts.c ****     LWIP_TCPIP_THREAD_ALIVE();
 393:Middlewares/Third_Party/LwIP/src/core/timeouts.c **** 
 394:Middlewares/Third_Party/LwIP/src/core/timeouts.c ****     /* Repeat until all expired timers have been called */
 395:Middlewares/Third_Party/LwIP/src/core/timeouts.c ****   } while (1);
 396:Middlewares/Third_Party/LwIP/src/core/timeouts.c **** }
 702              		.loc 1 396 1 view .LVU192
 703 0034 70BD     		pop	{r4, r5, r6, pc}
 704              	.LVL58:
 705              	.L64:
 706              		.loc 1 396 1 view .LVU193
 707 0036 00BF     		.align	2
 708              	.L63:
 709 0038 00000000 		.word	.LANCHOR0
 710 003c 00000000 		.word	.LANCHOR1
 711              		.cfi_endproc
 712              	.LFE180:
 714              		.section	.text.sys_restart_timeouts,"ax",%progbits
 715              		.align	1
 716              		.global	sys_restart_timeouts
 717              		.syntax unified
ARM GAS  /tmp/ccKoyD6z.s 			page 22


 718              		.thumb
 719              		.thumb_func
 720              		.fpu fpv5-d16
 722              	sys_restart_timeouts:
 723              	.LFB181:
 397:Middlewares/Third_Party/LwIP/src/core/timeouts.c **** 
 398:Middlewares/Third_Party/LwIP/src/core/timeouts.c **** /** Rebase the timeout times to the current time.
 399:Middlewares/Third_Party/LwIP/src/core/timeouts.c ****  * This is necessary if sys_check_timeouts() hasn't been called for a long
 400:Middlewares/Third_Party/LwIP/src/core/timeouts.c ****  * time (e.g. while saving energy) to prevent all timer functions of that
 401:Middlewares/Third_Party/LwIP/src/core/timeouts.c ****  * period being called.
 402:Middlewares/Third_Party/LwIP/src/core/timeouts.c ****  */
 403:Middlewares/Third_Party/LwIP/src/core/timeouts.c **** void
 404:Middlewares/Third_Party/LwIP/src/core/timeouts.c **** sys_restart_timeouts(void)
 405:Middlewares/Third_Party/LwIP/src/core/timeouts.c **** {
 724              		.loc 1 405 1 is_stmt 1 view -0
 725              		.cfi_startproc
 726              		@ args = 0, pretend = 0, frame = 0
 727              		@ frame_needed = 0, uses_anonymous_args = 0
 728 0000 08B5     		push	{r3, lr}
 729              	.LCFI8:
 730              		.cfi_def_cfa_offset 8
 731              		.cfi_offset 3, -8
 732              		.cfi_offset 14, -4
 406:Middlewares/Third_Party/LwIP/src/core/timeouts.c ****   u32_t now;
 733              		.loc 1 406 3 view .LVU195
 407:Middlewares/Third_Party/LwIP/src/core/timeouts.c ****   u32_t base;
 734              		.loc 1 407 3 view .LVU196
 408:Middlewares/Third_Party/LwIP/src/core/timeouts.c ****   struct sys_timeo *t;
 735              		.loc 1 408 3 view .LVU197
 409:Middlewares/Third_Party/LwIP/src/core/timeouts.c **** 
 410:Middlewares/Third_Party/LwIP/src/core/timeouts.c ****   if (next_timeout == NULL) {
 736              		.loc 1 410 3 view .LVU198
 737              		.loc 1 410 20 is_stmt 0 view .LVU199
 738 0002 084B     		ldr	r3, .L70
 739 0004 1B68     		ldr	r3, [r3]
 740              		.loc 1 410 6 view .LVU200
 741 0006 63B1     		cbz	r3, .L65
 411:Middlewares/Third_Party/LwIP/src/core/timeouts.c ****     return;
 412:Middlewares/Third_Party/LwIP/src/core/timeouts.c ****   }
 413:Middlewares/Third_Party/LwIP/src/core/timeouts.c **** 
 414:Middlewares/Third_Party/LwIP/src/core/timeouts.c ****   now = sys_now();
 742              		.loc 1 414 3 is_stmt 1 view .LVU201
 743              		.loc 1 414 9 is_stmt 0 view .LVU202
 744 0008 FFF7FEFF 		bl	sys_now
 745              	.LVL59:
 415:Middlewares/Third_Party/LwIP/src/core/timeouts.c ****   base = next_timeout->time;
 746              		.loc 1 415 3 is_stmt 1 view .LVU203
 747              		.loc 1 415 22 is_stmt 0 view .LVU204
 748 000c 054B     		ldr	r3, .L70
 749 000e 1A68     		ldr	r2, [r3]
 750              		.loc 1 415 8 view .LVU205
 751 0010 5168     		ldr	r1, [r2, #4]
 752              	.LVL60:
 416:Middlewares/Third_Party/LwIP/src/core/timeouts.c **** 
 417:Middlewares/Third_Party/LwIP/src/core/timeouts.c ****   for (t = next_timeout; t != NULL; t = t->next) {
 753              		.loc 1 417 3 is_stmt 1 view .LVU206
 754              		.loc 1 417 3 is_stmt 0 view .LVU207
ARM GAS  /tmp/ccKoyD6z.s 			page 23


 755 0012 04E0     		b	.L67
 756              	.L68:
 418:Middlewares/Third_Party/LwIP/src/core/timeouts.c ****     t->time = (t->time - base) + now;
 757              		.loc 1 418 5 is_stmt 1 discriminator 3 view .LVU208
 758              		.loc 1 418 17 is_stmt 0 discriminator 3 view .LVU209
 759 0014 5368     		ldr	r3, [r2, #4]
 760              		.loc 1 418 24 discriminator 3 view .LVU210
 761 0016 5B1A     		subs	r3, r3, r1
 762              		.loc 1 418 32 discriminator 3 view .LVU211
 763 0018 0344     		add	r3, r3, r0
 764              		.loc 1 418 13 discriminator 3 view .LVU212
 765 001a 5360     		str	r3, [r2, #4]
 417:Middlewares/Third_Party/LwIP/src/core/timeouts.c ****     t->time = (t->time - base) + now;
 766              		.loc 1 417 37 is_stmt 1 discriminator 3 view .LVU213
 417:Middlewares/Third_Party/LwIP/src/core/timeouts.c ****     t->time = (t->time - base) + now;
 767              		.loc 1 417 39 is_stmt 0 discriminator 3 view .LVU214
 768 001c 1268     		ldr	r2, [r2]
 769              	.LVL61:
 770              	.L67:
 417:Middlewares/Third_Party/LwIP/src/core/timeouts.c ****     t->time = (t->time - base) + now;
 771              		.loc 1 417 26 is_stmt 1 discriminator 1 view .LVU215
 417:Middlewares/Third_Party/LwIP/src/core/timeouts.c ****     t->time = (t->time - base) + now;
 772              		.loc 1 417 3 is_stmt 0 discriminator 1 view .LVU216
 773 001e 002A     		cmp	r2, #0
 774 0020 F8D1     		bne	.L68
 775              	.LVL62:
 776              	.L65:
 419:Middlewares/Third_Party/LwIP/src/core/timeouts.c ****   }
 420:Middlewares/Third_Party/LwIP/src/core/timeouts.c **** }
 777              		.loc 1 420 1 view .LVU217
 778 0022 08BD     		pop	{r3, pc}
 779              	.L71:
 780              		.align	2
 781              	.L70:
 782 0024 00000000 		.word	.LANCHOR0
 783              		.cfi_endproc
 784              	.LFE181:
 786              		.section	.rodata.sys_timeouts_sleeptime.str1.4,"aMS",%progbits,1
 787              		.align	2
 788              	.LC4:
 789 0000 696E7661 		.ascii	"invalid sleeptime\000"
 789      6C696420 
 789      736C6565 
 789      7074696D 
 789      6500
 790              		.section	.text.sys_timeouts_sleeptime,"ax",%progbits
 791              		.align	1
 792              		.global	sys_timeouts_sleeptime
 793              		.syntax unified
 794              		.thumb
 795              		.thumb_func
 796              		.fpu fpv5-d16
 798              	sys_timeouts_sleeptime:
 799              	.LFB182:
 421:Middlewares/Third_Party/LwIP/src/core/timeouts.c **** 
 422:Middlewares/Third_Party/LwIP/src/core/timeouts.c **** /** Return the time left before the next timeout is due. If no timeouts are
 423:Middlewares/Third_Party/LwIP/src/core/timeouts.c ****  * enqueued, returns 0xffffffff
ARM GAS  /tmp/ccKoyD6z.s 			page 24


 424:Middlewares/Third_Party/LwIP/src/core/timeouts.c ****  */
 425:Middlewares/Third_Party/LwIP/src/core/timeouts.c **** u32_t
 426:Middlewares/Third_Party/LwIP/src/core/timeouts.c **** sys_timeouts_sleeptime(void)
 427:Middlewares/Third_Party/LwIP/src/core/timeouts.c **** {
 800              		.loc 1 427 1 is_stmt 1 view -0
 801              		.cfi_startproc
 802              		@ args = 0, pretend = 0, frame = 0
 803              		@ frame_needed = 0, uses_anonymous_args = 0
 804 0000 10B5     		push	{r4, lr}
 805              	.LCFI9:
 806              		.cfi_def_cfa_offset 8
 807              		.cfi_offset 4, -8
 808              		.cfi_offset 14, -4
 428:Middlewares/Third_Party/LwIP/src/core/timeouts.c ****   u32_t now;
 809              		.loc 1 428 3 view .LVU219
 429:Middlewares/Third_Party/LwIP/src/core/timeouts.c **** 
 430:Middlewares/Third_Party/LwIP/src/core/timeouts.c ****   LWIP_ASSERT_CORE_LOCKED();
 810              		.loc 1 430 28 view .LVU220
 431:Middlewares/Third_Party/LwIP/src/core/timeouts.c **** 
 432:Middlewares/Third_Party/LwIP/src/core/timeouts.c ****   if (next_timeout == NULL) {
 811              		.loc 1 432 3 view .LVU221
 812              		.loc 1 432 20 is_stmt 0 view .LVU222
 813 0002 0D4B     		ldr	r3, .L78
 814 0004 1B68     		ldr	r3, [r3]
 815              		.loc 1 432 6 view .LVU223
 816 0006 83B1     		cbz	r3, .L75
 433:Middlewares/Third_Party/LwIP/src/core/timeouts.c ****     return SYS_TIMEOUTS_SLEEPTIME_INFINITE;
 434:Middlewares/Third_Party/LwIP/src/core/timeouts.c ****   }
 435:Middlewares/Third_Party/LwIP/src/core/timeouts.c ****   now = sys_now();
 817              		.loc 1 435 3 is_stmt 1 view .LVU224
 818              		.loc 1 435 9 is_stmt 0 view .LVU225
 819 0008 FFF7FEFF 		bl	sys_now
 820              	.LVL63:
 436:Middlewares/Third_Party/LwIP/src/core/timeouts.c ****   if (TIME_LESS_THAN(next_timeout->time, now)) {
 821              		.loc 1 436 3 is_stmt 1 view .LVU226
 822              		.loc 1 436 7 is_stmt 0 view .LVU227
 823 000c 0A4B     		ldr	r3, .L78
 824 000e 1B68     		ldr	r3, [r3]
 825 0010 5C68     		ldr	r4, [r3, #4]
 826              		.loc 1 436 6 view .LVU228
 827 0012 241A     		subs	r4, r4, r0
 828 0014 0CD4     		bmi	.L76
 829              	.LBB3:
 437:Middlewares/Third_Party/LwIP/src/core/timeouts.c ****     return 0;
 438:Middlewares/Third_Party/LwIP/src/core/timeouts.c ****   } else {
 439:Middlewares/Third_Party/LwIP/src/core/timeouts.c ****     u32_t ret = (u32_t)(next_timeout->time - now);
 830              		.loc 1 439 5 is_stmt 1 view .LVU229
 831              	.LVL64:
 440:Middlewares/Third_Party/LwIP/src/core/timeouts.c ****     LWIP_ASSERT("invalid sleeptime", ret <= LWIP_MAX_TIMEOUT);
 832              		.loc 1 440 5 view .LVU230
 833              		.loc 1 440 5 view .LVU231
 834 0016 002C     		cmp	r4, #0
 835 0018 0BDA     		bge	.L72
 836              		.loc 1 440 5 discriminator 1 view .LVU232
 837              		.loc 1 440 5 discriminator 1 view .LVU233
 838 001a 084B     		ldr	r3, .L78+4
 839 001c 4FF4DC72 		mov	r2, #440
ARM GAS  /tmp/ccKoyD6z.s 			page 25


 840 0020 0749     		ldr	r1, .L78+8
 841 0022 0848     		ldr	r0, .L78+12
 842              	.LVL65:
 843              		.loc 1 440 5 is_stmt 0 discriminator 1 view .LVU234
 844 0024 FFF7FEFF 		bl	printf
 845              	.LVL66:
 846              		.loc 1 440 5 is_stmt 1 discriminator 1 view .LVU235
 847              		.loc 1 440 5 discriminator 1 view .LVU236
 441:Middlewares/Third_Party/LwIP/src/core/timeouts.c ****     return ret;
 848              		.loc 1 441 5 discriminator 1 view .LVU237
 849              		.loc 1 441 12 is_stmt 0 discriminator 1 view .LVU238
 850 0028 03E0     		b	.L72
 851              	.LVL67:
 852              	.L75:
 853              		.loc 1 441 12 discriminator 1 view .LVU239
 854              	.LBE3:
 433:Middlewares/Third_Party/LwIP/src/core/timeouts.c ****   }
 855              		.loc 1 433 12 view .LVU240
 856 002a 4FF0FF34 		mov	r4, #-1
 857 002e 00E0     		b	.L72
 858              	.LVL68:
 859              	.L76:
 437:Middlewares/Third_Party/LwIP/src/core/timeouts.c ****   } else {
 860              		.loc 1 437 12 view .LVU241
 861 0030 0024     		movs	r4, #0
 862              	.LVL69:
 863              	.L72:
 442:Middlewares/Third_Party/LwIP/src/core/timeouts.c ****   }
 443:Middlewares/Third_Party/LwIP/src/core/timeouts.c **** }
 864              		.loc 1 443 1 view .LVU242
 865 0032 2046     		mov	r0, r4
 866 0034 10BD     		pop	{r4, pc}
 867              	.L79:
 868 0036 00BF     		.align	2
 869              	.L78:
 870 0038 00000000 		.word	.LANCHOR0
 871 003c 00000000 		.word	.LC0
 872 0040 00000000 		.word	.LC4
 873 0044 74000000 		.word	.LC2
 874              		.cfi_endproc
 875              	.LFE182:
 877              		.global	lwip_num_cyclic_timers
 878              		.global	lwip_cyclic_timers
 879              		.section	.bss.current_timeout_due_time,"aw",%nobits
 880              		.align	2
 881              		.set	.LANCHOR1,. + 0
 884              	current_timeout_due_time:
 885 0000 00000000 		.space	4
 886              		.section	.bss.next_timeout,"aw",%nobits
 887              		.align	2
 888              		.set	.LANCHOR0,. + 0
 891              	next_timeout:
 892 0000 00000000 		.space	4
 893              		.section	.bss.tcpip_tcp_timer_active,"aw",%nobits
 894              		.align	2
 895              		.set	.LANCHOR2,. + 0
 898              	tcpip_tcp_timer_active:
ARM GAS  /tmp/ccKoyD6z.s 			page 26


 899 0000 00000000 		.space	4
 900              		.section	.rodata.lwip_cyclic_timers,"a"
 901              		.align	2
 902              		.set	.LANCHOR3,. + 0
 905              	lwip_cyclic_timers:
 906 0000 FA000000 		.word	250
 907 0004 00000000 		.word	tcp_tmr
 908 0008 E8030000 		.word	1000
 909 000c 00000000 		.word	ip_reass_tmr
 910 0010 E8030000 		.word	1000
 911 0014 00000000 		.word	etharp_tmr
 912              		.section	.rodata.lwip_num_cyclic_timers,"a"
 913              		.align	2
 916              	lwip_num_cyclic_timers:
 917 0000 03000000 		.word	3
 918              		.text
 919              	.Letext0:
 920              		.file 2 "/usr/lib/gcc/arm-none-eabi/10.3.1/include/stdint.h"
 921              		.file 3 "/usr/lib/gcc/arm-none-eabi/10.3.1/include/stddef.h"
 922              		.file 4 "Middlewares/Third_Party/LwIP/src/include/lwip/arch.h"
 923              		.file 5 "Middlewares/Third_Party/LwIP/src/include/lwip/err.h"
 924              		.file 6 "Middlewares/Third_Party/LwIP/src/include/lwip/timeouts.h"
 925              		.file 7 "Middlewares/Third_Party/LwIP/src/include/lwip/tcpbase.h"
 926              		.file 8 "Middlewares/Third_Party/LwIP/src/include/lwip/pbuf.h"
 927              		.file 9 "Middlewares/Third_Party/LwIP/src/include/lwip/ip4_addr.h"
 928              		.file 10 "Middlewares/Third_Party/LwIP/src/include/lwip/ip_addr.h"
 929              		.file 11 "Middlewares/Third_Party/LwIP/src/include/lwip/tcp.h"
 930              		.file 12 "Middlewares/Third_Party/LwIP/src/include/lwip/priv/tcp_priv.h"
 931              		.file 13 "Middlewares/Third_Party/LwIP/src/include/lwip/prot/tcp.h"
 932              		.file 14 "/usr/include/newlib/stdio.h"
 933              		.file 15 "Middlewares/Third_Party/LwIP/src/include/lwip/sys.h"
 934              		.file 16 "Middlewares/Third_Party/LwIP/src/include/lwip/memp.h"
ARM GAS  /tmp/ccKoyD6z.s 			page 27


DEFINED SYMBOLS
                            *ABS*:0000000000000000 timeouts.c
     /tmp/ccKoyD6z.s:17     .rodata.sys_timeout_abs.str1.4:0000000000000000 $d
     /tmp/ccKoyD6z.s:28     .text.sys_timeout_abs:0000000000000000 $t
     /tmp/ccKoyD6z.s:35     .text.sys_timeout_abs:0000000000000000 sys_timeout_abs
     /tmp/ccKoyD6z.s:166    .text.sys_timeout_abs:0000000000000060 $d
     /tmp/ccKoyD6z.s:174    .text.lwip_cyclic_timer:0000000000000000 $t
     /tmp/ccKoyD6z.s:180    .text.lwip_cyclic_timer:0000000000000000 lwip_cyclic_timer
     /tmp/ccKoyD6z.s:251    .text.lwip_cyclic_timer:0000000000000038 $d
     /tmp/ccKoyD6z.s:257    .rodata.sys_timeout.str1.4:0000000000000000 $d
     /tmp/ccKoyD6z.s:262    .text.sys_timeout:0000000000000000 $t
     /tmp/ccKoyD6z.s:269    .text.sys_timeout:0000000000000000 sys_timeout
     /tmp/ccKoyD6z.s:331    .text.sys_timeout:0000000000000030 $d
     /tmp/ccKoyD6z.s:338    .text.tcp_timer_needed:0000000000000000 $t
     /tmp/ccKoyD6z.s:345    .text.tcp_timer_needed:0000000000000000 tcp_timer_needed
     /tmp/ccKoyD6z.s:393    .text.tcp_timer_needed:000000000000002c $d
     /tmp/ccKoyD6z.s:407    .text.tcpip_tcp_timer:0000000000000000 tcpip_tcp_timer
     /tmp/ccKoyD6z.s:401    .text.tcpip_tcp_timer:0000000000000000 $t
     /tmp/ccKoyD6z.s:456    .text.tcpip_tcp_timer:0000000000000028 $d
     /tmp/ccKoyD6z.s:464    .text.sys_timeouts_init:0000000000000000 $t
     /tmp/ccKoyD6z.s:471    .text.sys_timeouts_init:0000000000000000 sys_timeouts_init
     /tmp/ccKoyD6z.s:516    .text.sys_timeouts_init:0000000000000020 $d
     /tmp/ccKoyD6z.s:522    .text.sys_untimeout:0000000000000000 $t
     /tmp/ccKoyD6z.s:529    .text.sys_untimeout:0000000000000000 sys_untimeout
     /tmp/ccKoyD6z.s:612    .text.sys_untimeout:0000000000000038 $d
     /tmp/ccKoyD6z.s:617    .text.sys_check_timeouts:0000000000000000 $t
     /tmp/ccKoyD6z.s:624    .text.sys_check_timeouts:0000000000000000 sys_check_timeouts
     /tmp/ccKoyD6z.s:709    .text.sys_check_timeouts:0000000000000038 $d
     /tmp/ccKoyD6z.s:715    .text.sys_restart_timeouts:0000000000000000 $t
     /tmp/ccKoyD6z.s:722    .text.sys_restart_timeouts:0000000000000000 sys_restart_timeouts
     /tmp/ccKoyD6z.s:782    .text.sys_restart_timeouts:0000000000000024 $d
     /tmp/ccKoyD6z.s:787    .rodata.sys_timeouts_sleeptime.str1.4:0000000000000000 $d
     /tmp/ccKoyD6z.s:791    .text.sys_timeouts_sleeptime:0000000000000000 $t
     /tmp/ccKoyD6z.s:798    .text.sys_timeouts_sleeptime:0000000000000000 sys_timeouts_sleeptime
     /tmp/ccKoyD6z.s:870    .text.sys_timeouts_sleeptime:0000000000000038 $d
     /tmp/ccKoyD6z.s:916    .rodata.lwip_num_cyclic_timers:0000000000000000 lwip_num_cyclic_timers
     /tmp/ccKoyD6z.s:905    .rodata.lwip_cyclic_timers:0000000000000000 lwip_cyclic_timers
     /tmp/ccKoyD6z.s:880    .bss.current_timeout_due_time:0000000000000000 $d
     /tmp/ccKoyD6z.s:884    .bss.current_timeout_due_time:0000000000000000 current_timeout_due_time
     /tmp/ccKoyD6z.s:887    .bss.next_timeout:0000000000000000 $d
     /tmp/ccKoyD6z.s:891    .bss.next_timeout:0000000000000000 next_timeout
     /tmp/ccKoyD6z.s:894    .bss.tcpip_tcp_timer_active:0000000000000000 $d
     /tmp/ccKoyD6z.s:898    .bss.tcpip_tcp_timer_active:0000000000000000 tcpip_tcp_timer_active
     /tmp/ccKoyD6z.s:901    .rodata.lwip_cyclic_timers:0000000000000000 $d
     /tmp/ccKoyD6z.s:913    .rodata.lwip_num_cyclic_timers:0000000000000000 $d

UNDEFINED SYMBOLS
memp_malloc
printf
sys_now
tcp_active_pcbs
tcp_tw_pcbs
tcp_tmr
memp_free
ip_reass_tmr
etharp_tmr
